Archive member included to satisfy reference by file (symbol)

c:/st/stm32cubeide_1.4.0/stm32cubeide/plugins/com.st.stm32cube.ide.mcu.externaltools.gnu-tools-for-stm32.7-2018-q2-update.win32_1.4.0.202007081208/tools/bin/../lib/gcc/arm-none-eabi/7.3.1/../../../../arm-none-eabi/lib/thumb/v7e-m/fpv4-sp/hard\libc_nano.a(lib_a-errno.o)
                              Core/Src/syscalls.o (__errno)
c:/st/stm32cubeide_1.4.0/stm32cubeide/plugins/com.st.stm32cube.ide.mcu.externaltools.gnu-tools-for-stm32.7-2018-q2-update.win32_1.4.0.202007081208/tools/bin/../lib/gcc/arm-none-eabi/7.3.1/../../../../arm-none-eabi/lib/thumb/v7e-m/fpv4-sp/hard\libc_nano.a(lib_a-exit.o)
                              c:/st/stm32cubeide_1.4.0/stm32cubeide/plugins/com.st.stm32cube.ide.mcu.externaltools.gnu-tools-for-stm32.7-2018-q2-update.win32_1.4.0.202007081208/tools/bin/../lib/gcc/arm-none-eabi/7.3.1/../../../../arm-none-eabi/lib/thumb/v7e-m/fpv4-sp/hard/crt0.o (exit)
c:/st/stm32cubeide_1.4.0/stm32cubeide/plugins/com.st.stm32cube.ide.mcu.externaltools.gnu-tools-for-stm32.7-2018-q2-update.win32_1.4.0.202007081208/tools/bin/../lib/gcc/arm-none-eabi/7.3.1/../../../../arm-none-eabi/lib/thumb/v7e-m/fpv4-sp/hard\libc_nano.a(lib_a-impure.o)
                              c:/st/stm32cubeide_1.4.0/stm32cubeide/plugins/com.st.stm32cube.ide.mcu.externaltools.gnu-tools-for-stm32.7-2018-q2-update.win32_1.4.0.202007081208/tools/bin/../lib/gcc/arm-none-eabi/7.3.1/../../../../arm-none-eabi/lib/thumb/v7e-m/fpv4-sp/hard\libc_nano.a(lib_a-exit.o) (_global_impure_ptr)
c:/st/stm32cubeide_1.4.0/stm32cubeide/plugins/com.st.stm32cube.ide.mcu.externaltools.gnu-tools-for-stm32.7-2018-q2-update.win32_1.4.0.202007081208/tools/bin/../lib/gcc/arm-none-eabi/7.3.1/../../../../arm-none-eabi/lib/thumb/v7e-m/fpv4-sp/hard\libc_nano.a(lib_a-init.o)
                              c:/st/stm32cubeide_1.4.0/stm32cubeide/plugins/com.st.stm32cube.ide.mcu.externaltools.gnu-tools-for-stm32.7-2018-q2-update.win32_1.4.0.202007081208/tools/bin/../lib/gcc/arm-none-eabi/7.3.1/../../../../arm-none-eabi/lib/thumb/v7e-m/fpv4-sp/hard/crt0.o (__libc_init_array)
c:/st/stm32cubeide_1.4.0/stm32cubeide/plugins/com.st.stm32cube.ide.mcu.externaltools.gnu-tools-for-stm32.7-2018-q2-update.win32_1.4.0.202007081208/tools/bin/../lib/gcc/arm-none-eabi/7.3.1/../../../../arm-none-eabi/lib/thumb/v7e-m/fpv4-sp/hard\libc_nano.a(lib_a-memcpy-stub.o)
                              Middlewares/Third_Party/FreeRTOS/Source/queue.o (memcpy)
c:/st/stm32cubeide_1.4.0/stm32cubeide/plugins/com.st.stm32cube.ide.mcu.externaltools.gnu-tools-for-stm32.7-2018-q2-update.win32_1.4.0.202007081208/tools/bin/../lib/gcc/arm-none-eabi/7.3.1/../../../../arm-none-eabi/lib/thumb/v7e-m/fpv4-sp/hard\libc_nano.a(lib_a-memset.o)
                              c:/st/stm32cubeide_1.4.0/stm32cubeide/plugins/com.st.stm32cube.ide.mcu.externaltools.gnu-tools-for-stm32.7-2018-q2-update.win32_1.4.0.202007081208/tools/bin/../lib/gcc/arm-none-eabi/7.3.1/../../../../arm-none-eabi/lib/thumb/v7e-m/fpv4-sp/hard/crt0.o (memset)
c:/st/stm32cubeide_1.4.0/stm32cubeide/plugins/com.st.stm32cube.ide.mcu.externaltools.gnu-tools-for-stm32.7-2018-q2-update.win32_1.4.0.202007081208/tools/bin/../lib/gcc/arm-none-eabi/7.3.1/thumb/v7e-m/fpv4-sp/hard\libgcc.a(_aeabi_uldivmod.o)
                              Drivers/STM32F4xx_HAL_Driver/Src/stm32f4xx_hal_rcc.o (__aeabi_uldivmod)
c:/st/stm32cubeide_1.4.0/stm32cubeide/plugins/com.st.stm32cube.ide.mcu.externaltools.gnu-tools-for-stm32.7-2018-q2-update.win32_1.4.0.202007081208/tools/bin/../lib/gcc/arm-none-eabi/7.3.1/thumb/v7e-m/fpv4-sp/hard\libgcc.a(_udivmoddi4.o)
                              c:/st/stm32cubeide_1.4.0/stm32cubeide/plugins/com.st.stm32cube.ide.mcu.externaltools.gnu-tools-for-stm32.7-2018-q2-update.win32_1.4.0.202007081208/tools/bin/../lib/gcc/arm-none-eabi/7.3.1/thumb/v7e-m/fpv4-sp/hard\libgcc.a(_aeabi_uldivmod.o) (__udivmoddi4)
c:/st/stm32cubeide_1.4.0/stm32cubeide/plugins/com.st.stm32cube.ide.mcu.externaltools.gnu-tools-for-stm32.7-2018-q2-update.win32_1.4.0.202007081208/tools/bin/../lib/gcc/arm-none-eabi/7.3.1/thumb/v7e-m/fpv4-sp/hard\libgcc.a(_dvmd_tls.o)
                              c:/st/stm32cubeide_1.4.0/stm32cubeide/plugins/com.st.stm32cube.ide.mcu.externaltools.gnu-tools-for-stm32.7-2018-q2-update.win32_1.4.0.202007081208/tools/bin/../lib/gcc/arm-none-eabi/7.3.1/thumb/v7e-m/fpv4-sp/hard\libgcc.a(_aeabi_uldivmod.o) (__aeabi_ldiv0)

Allocating common symbols
Common symbol       size              file

hdma_sdio_rx        0x60              Core/Src/main.o
retSD               0x1               FATFS/App/fatfs.o
defaultTaskHandle   0x4               Core/Src/main.o
fs                  0x234             Core/Src/main.o
uwTick              0x4               Drivers/STM32F4xx_HAL_Driver/Src/stm32f4xx_hal.o
xQueueRegistry      0x40              Middlewares/Third_Party/FreeRTOS/Source/queue.o
pFlash              0x20              Drivers/STM32F4xx_HAL_Driver/Src/stm32f4xx_hal_flash.o
[...]
Memory Configuration

Name             Origin             Length             Attributes
CCMRAM           0x0000000010000000 0x0000000000010000 xrw
RAM              0x0000000020000000 0x0000000000020000 xrw
FLASH            0x0000000008000000 0x0000000000100000 xr
*default*        0x0000000000000000 0xffffffffffffffff

Linker script and memory map

LOAD c:/st/stm32cubeide_1.4.0/stm32cubeide/plugins/com.st.stm32cube.ide.mcu.externaltools.gnu-tools-for-stm32.7-2018-q2-update.win32_1.4.0.202007081208/tools/bin/../lib/gcc/arm-none-eabi/7.3.1/thumb/v7e-m/fpv4-sp/hard/crti.o
LOAD c:/st/stm32cubeide_1.4.0/stm32cubeide/plugins/com.st.stm32cube.ide.mcu.externaltools.gnu-tools-for-stm32.7-2018-q2-update.win32_1.4.0.202007081208/tools/bin/../lib/gcc/arm-none-eabi/7.3.1/thumb/v7e-m/fpv4-sp/hard/crtbegin.o
LOAD c:/st/stm32cubeide_1.4.0/stm32cubeide/plugins/com.st.stm32cube.ide.mcu.externaltools.gnu-tools-for-stm32.7-2018-q2-update.win32_1.4.0.202007081208/tools/bin/../lib/gcc/arm-none-eabi/7.3.1/../../../../arm-none-eabi/lib/thumb/v7e-m/fpv4-sp/hard/crt0.o
LOAD Core/Src/freertos.o
LOAD Core/Src/main.o
LOAD Core/Src/stm32f4xx_hal_msp.o
LOAD Core/Src/stm32f4xx_hal_timebase_tim.o
LOAD Core/Src/stm32f4xx_it.o
LOAD Core/Src/syscalls.o
LOAD Core/Src/sysmem.o
LOAD Core/Src/system_stm32f4xx.o
LOAD Core/Startup/startup_stm32f407zgtx.o
LOAD Drivers/STM32F4xx_HAL_Driver/Src/stm32f4xx_hal.o
LOAD Drivers/STM32F4xx_HAL_Driver/Src/stm32f4xx_hal_cortex.o
LOAD Drivers/STM32F4xx_HAL_Driver/Src/stm32f4xx_hal_dma.o
LOAD Drivers/STM32F4xx_HAL_Driver/Src/stm32f4xx_hal_dma_ex.o
LOAD Drivers/STM32F4xx_HAL_Driver/Src/stm32f4xx_hal_exti.o
LOAD Drivers/STM32F4xx_HAL_Driver/Src/stm32f4xx_hal_flash.o
LOAD Drivers/STM32F4xx_HAL_Driver/Src/stm32f4xx_hal_flash_ex.o
LOAD Drivers/STM32F4xx_HAL_Driver/Src/stm32f4xx_hal_flash_ramfunc.o
LOAD Drivers/STM32F4xx_HAL_Driver/Src/stm32f4xx_hal_gpio.o
LOAD Drivers/STM32F4xx_HAL_Driver/Src/stm32f4xx_hal_pwr.o
LOAD Drivers/STM32F4xx_HAL_Driver/Src/stm32f4xx_hal_pwr_ex.o
LOAD Drivers/STM32F4xx_HAL_Driver/Src/stm32f4xx_hal_rcc.o
LOAD Drivers/STM32F4xx_HAL_Driver/Src/stm32f4xx_hal_rcc_ex.o
LOAD Drivers/STM32F4xx_HAL_Driver/Src/stm32f4xx_hal_sd.o
LOAD Drivers/STM32F4xx_HAL_Driver/Src/stm32f4xx_hal_tim.o
LOAD Drivers/STM32F4xx_HAL_Driver/Src/stm32f4xx_hal_tim_ex.o
LOAD Drivers/STM32F4xx_HAL_Driver/Src/stm32f4xx_ll_sdmmc.o
LOAD FATFS/App/fatfs.o
LOAD FATFS/Target/bsp_driver_sd.o
LOAD FATFS/Target/sd_diskio.o
LOAD Middlewares/Third_Party/FatFs/src/diskio.o
LOAD Middlewares/Third_Party/FatFs/src/ff.o
LOAD Middlewares/Third_Party/FatFs/src/ff_gen_drv.o
LOAD Middlewares/Third_Party/FatFs/src/option/syscall.o
LOAD Middlewares/Third_Party/FreeRTOS/Source/CMSIS_RTOS/cmsis_os.o
LOAD Middlewares/Third_Party/FreeRTOS/Source/croutine.o
LOAD Middlewares/Third_Party/FreeRTOS/Source/event_groups.o
LOAD Middlewares/Third_Party/FreeRTOS/Source/list.o
LOAD Middlewares/Third_Party/FreeRTOS/Source/queue.o
LOAD Middlewares/Third_Party/FreeRTOS/Source/stream_buffer.o
LOAD Middlewares/Third_Party/FreeRTOS/Source/tasks.o
LOAD Middlewares/Third_Party/FreeRTOS/Source/timers.o
LOAD Middlewares/Third_Party/FreeRTOS/Source/portable/GCC/ARM_CM4F/port.o
LOAD Middlewares/Third_Party/FreeRTOS/Source/portable/MemMang/heap_4.o
START GROUP
LOAD c:/st/stm32cubeide_1.4.0/stm32cubeide/plugins/com.st.stm32cube.ide.mcu.externaltools.gnu-tools-for-stm32.7-2018-q2-update.win32_1.4.0.202007081208/tools/bin/../lib/gcc/arm-none-eabi/7.3.1/../../../../arm-none-eabi/lib/thumb/v7e-m/fpv4-sp/hard\libc_nano.a
LOAD c:/st/stm32cubeide_1.4.0/stm32cubeide/plugins/com.st.stm32cube.ide.mcu.externaltools.gnu-tools-for-stm32.7-2018-q2-update.win32_1.4.0.202007081208/tools/bin/../lib/gcc/arm-none-eabi/7.3.1/../../../../arm-none-eabi/lib/thumb/v7e-m/fpv4-sp/hard\libm.a
END GROUP
START GROUP
LOAD c:/st/stm32cubeide_1.4.0/stm32cubeide/plugins/com.st.stm32cube.ide.mcu.externaltools.gnu-tools-for-stm32.7-2018-q2-update.win32_1.4.0.202007081208/tools/bin/../lib/gcc/arm-none-eabi/7.3.1/thumb/v7e-m/fpv4-sp/hard\libgcc.a
LOAD c:/st/stm32cubeide_1.4.0/stm32cubeide/plugins/com.st.stm32cube.ide.mcu.externaltools.gnu-tools-for-stm32.7-2018-q2-update.win32_1.4.0.202007081208/tools/bin/../lib/gcc/arm-none-eabi/7.3.1/../../../../arm-none-eabi/lib/thumb/v7e-m/fpv4-sp/hard\libc_nano.a
END GROUP
START GROUP
LOAD c:/st/stm32cubeide_1.4.0/stm32cubeide/plugins/com.st.stm32cube.ide.mcu.externaltools.gnu-tools-for-stm32.7-2018-q2-update.win32_1.4.0.202007081208/tools/bin/../lib/gcc/arm-none-eabi/7.3.1/thumb/v7e-m/fpv4-sp/hard\libgcc.a
LOAD c:/st/stm32cubeide_1.4.0/stm32cubeide/plugins/com.st.stm32cube.ide.mcu.externaltools.gnu-tools-for-stm32.7-2018-q2-update.win32_1.4.0.202007081208/tools/bin/../lib/gcc/arm-none-eabi/7.3.1/../../../../arm-none-eabi/lib/thumb/v7e-m/fpv4-sp/hard\libc_nano.a
LOAD c:/st/stm32cubeide_1.4.0/stm32cubeide/plugins/com.st.stm32cube.ide.mcu.externaltools.gnu-tools-for-stm32.7-2018-q2-update.win32_1.4.0.202007081208/tools/bin/../lib/gcc/arm-none-eabi/7.3.1/../../../../arm-none-eabi/lib/thumb/v7e-m/fpv4-sp/hard\libnosys.a
END GROUP
START GROUP
LOAD c:/st/stm32cubeide_1.4.0/stm32cubeide/plugins/com.st.stm32cube.ide.mcu.externaltools.gnu-tools-for-stm32.7-2018-q2-update.win32_1.4.0.202007081208/tools/bin/../lib/gcc/arm-none-eabi/7.3.1/thumb/v7e-m/fpv4-sp/hard\libgcc.a
LOAD c:/st/stm32cubeide_1.4.0/stm32cubeide/plugins/com.st.stm32cube.ide.mcu.externaltools.gnu-tools-for-stm32.7-2018-q2-update.win32_1.4.0.202007081208/tools/bin/../lib/gcc/arm-none-eabi/7.3.1/../../../../arm-none-eabi/lib/thumb/v7e-m/fpv4-sp/hard\libc_nano.a
LOAD c:/st/stm32cubeide_1.4.0/stm32cubeide/plugins/com.st.stm32cube.ide.mcu.externaltools.gnu-tools-for-stm32.7-2018-q2-update.win32_1.4.0.202007081208/tools/bin/../lib/gcc/arm-none-eabi/7.3.1/../../../../arm-none-eabi/lib/thumb/v7e-m/fpv4-sp/hard\libnosys.a
END GROUP
LOAD c:/st/stm32cubeide_1.4.0/stm32cubeide/plugins/com.st.stm32cube.ide.mcu.externaltools.gnu-tools-for-stm32.7-2018-q2-update.win32_1.4.0.202007081208/tools/bin/../lib/gcc/arm-none-eabi/7.3.1/thumb/v7e-m/fpv4-sp/hard/crtend.o
LOAD c:/st/stm32cubeide_1.4.0/stm32cubeide/plugins/com.st.stm32cube.ide.mcu.externaltools.gnu-tools-for-stm32.7-2018-q2-update.win32_1.4.0.202007081208/tools/bin/../lib/gcc/arm-none-eabi/7.3.1/thumb/v7e-m/fpv4-sp/hard/crtn.o
                0x0000000020020000                _estack = (ORIGIN (RAM) + LENGTH (RAM))
                0x0000000000000200                _Min_Heap_Size = 0x200
                0x0000000000000400                _Min_Stack_Size = 0x400

.isr_vector     0x0000000008000000      0x188
                0x0000000008000000                . = ALIGN (0x4)
 *(.isr_vector)
 .isr_vector    0x0000000008000000      0x188 Core/Startup/startup_stm32f407zgtx.o
                0x0000000008000000                g_pfnVectors
                0x0000000008000188                . = ALIGN (0x4)

.text           0x0000000008000190     0x9cd4
                0x0000000008000190                . = ALIGN (0x4)
 *(.text)
 .text          0x0000000008000190       0x40 c:/st/stm32cubeide_1.4.0/stm32cubeide/plugins/com.st.stm32cube.ide.mcu.externaltools.gnu-tools-for-stm32.7-2018-q2-update.win32_1.4.0.202007081208/tools/bin/../lib/gcc/arm-none-eabi/7.3.1/thumb/v7e-m/fpv4-sp/hard/crtbegin.o
 .text          0x00000000080001d0       0x30 c:/st/stm32cubeide_1.4.0/stm32cubeide/plugins/com.st.stm32cube.ide.mcu.externaltools.gnu-tools-for-stm32.7-2018-q2-update.win32_1.4.0.202007081208/tools/bin/../lib/gcc/arm-none-eabi/7.3.1/thumb/v7e-m/fpv4-sp/hard\libgcc.a(_aeabi_uldivmod.o)
                0x00000000080001d0                __aeabi_uldivmod
 .text          0x0000000008000200      0x2cc c:/st/stm32cubeide_1.4.0/stm32cubeide/plugins/com.st.stm32cube.ide.mcu.externaltools.gnu-tools-for-stm32.7-2018-q2-update.win32_1.4.0.202007081208/tools/bin/../lib/gcc/arm-none-eabi/7.3.1/thumb/v7e-m/fpv4-sp/hard\libgcc.a(_udivmoddi4.o)
                0x0000000008000200                __udivmoddi4
 .text          0x00000000080004cc        0x4 c:/st/stm32cubeide_1.4.0/stm32cubeide/plugins/com.st.stm32cube.ide.mcu.externaltools.gnu-tools-for-stm32.7-2018-q2-update.win32_1.4.0.202007081208/tools/bin/../lib/gcc/arm-none-eabi/7.3.1/thumb/v7e-m/fpv4-sp/hard\libgcc.a(_dvmd_tls.o)
                0x00000000080004cc                __aeabi_idiv0
                0x00000000080004cc                __aeabi_ldiv0
 *(.text*)
 .text.vApplicationGetIdleTaskMemory
                0x00000000080004d0       0x34 Core/Src/freertos.o
                0x00000000080004d0                vApplicationGetIdleTaskMemory
 .text.main     0x0000000008000504       0x50 Core/Src/main.o
                0x0000000008000504                main
 .text.SystemClock_Config
                0x0000000008000554       0xd4 Core/Src/main.o
                0x0000000008000554                SystemClock_Config
 .text.MX_SDIO_SD_Init
                0x0000000008000628       0x40 Core/Src/main.o
 .text.MX_DMA_Init
                0x0000000008000668       0x50 Core/Src/main.o
 .text.MX_GPIO_Init
                0x00000000080006b8       0x88 Core/Src/main.o
 .text.StartDefaultTask
                0x0000000008000740       0x70 Core/Src/main.o
                0x0000000008000740                StartDefaultTask
 .text.HAL_TIM_PeriodElapsedCallback
                0x00000000080007b0       0x24 Core/Src/main.o
                0x00000000080007b0                HAL_TIM_PeriodElapsedCallback
 .text.Error_Handler
                0x00000000080007d4        0xe Core/Src/main.o
                0x00000000080007d4                Error_Handler
 *fill*         0x00000000080007e2        0x2 
 .text.HAL_MspInit
                0x00000000080007e4       0x50 Core/Src/stm32f4xx_hal_msp.o
                0x00000000080007e4                HAL_MspInit
 .text.HAL_SD_MspInit
                0x0000000008000834      0x1e0 Core/Src/stm32f4xx_hal_msp.o
                0x0000000008000834                HAL_SD_MspInit
 .text.HAL_InitTick
                0x0000000008000a14       0xb4 Core/Src/stm32f4xx_hal_timebase_tim.o
                0x0000000008000a14                HAL_InitTick
 .text.NMI_Handler
                0x0000000008000ac8        0xe Core/Src/stm32f4xx_it.o
                0x0000000008000ac8                NMI_Handler
 .text.HardFault_Handler
                0x0000000008000ad6        0x6 Core/Src/stm32f4xx_it.o
                0x0000000008000ad6                HardFault_Handler
 .text.MemManage_Handler
                0x0000000008000adc        0x6 Core/Src/stm32f4xx_it.o
                0x0000000008000adc                MemManage_Handler
 .text.BusFault_Handler
                0x0000000008000ae2        0x6 Core/Src/stm32f4xx_it.o
                0x0000000008000ae2                BusFault_Handler
 .text.UsageFault_Handler
                0x0000000008000ae8        0x6 Core/Src/stm32f4xx_it.o
                0x0000000008000ae8                UsageFault_Handler
 .text.DebugMon_Handler
                0x0000000008000aee        0xe Core/Src/stm32f4xx_it.o
                0x0000000008000aee                DebugMon_Handler
 .text.TIM1_UP_TIM10_IRQHandler
                0x0000000008000afc       0x14 Core/Src/stm32f4xx_it.o
                0x0000000008000afc                TIM1_UP_TIM10_IRQHandler
 .text.SDIO_IRQHandler
                0x0000000008000b10       0x14 Core/Src/stm32f4xx_it.o
                0x0000000008000b10                SDIO_IRQHandler
 .text.DMA2_Stream3_IRQHandler
                0x0000000008000b24       0x14 Core/Src/stm32f4xx_it.o
                0x0000000008000b24                DMA2_Stream3_IRQHandler
 .text.DMA2_Stream6_IRQHandler
                0x0000000008000b38       0x14 Core/Src/stm32f4xx_it.o
                0x0000000008000b38                DMA2_Stream6_IRQHandler
 .text.SystemInit
                0x0000000008000b4c       0x2c Core/Src/system_stm32f4xx.o
                0x0000000008000b4c                SystemInit
 .text.Reset_Handler
                0x0000000008000b78       0x50 Core/Startup/startup_stm32f407zgtx.o
                0x0000000008000b78                Reset_Handler
 .text.Default_Handler
                0x0000000008000bc8        0x2 Core/Startup/startup_stm32f407zgtx.o
                0x0000000008000bc8                RTC_Alarm_IRQHandler
                0x0000000008000bc8                HASH_RNG_IRQHandler
                0x0000000008000bc8                EXTI2_IRQHandler
                0x0000000008000bc8                TIM8_CC_IRQHandler
                0x0000000008000bc8                TIM1_CC_IRQHandler
                0x0000000008000bc8                DMA2_Stream5_IRQHandler
                0x0000000008000bc8                DMA1_Stream5_IRQHandler
                0x0000000008000bc8                PVD_IRQHandler
                0x0000000008000bc8                TAMP_STAMP_IRQHandler
                0x0000000008000bc8                CAN2_RX1_IRQHandler
                0x0000000008000bc8                EXTI3_IRQHandler
                0x0000000008000bc8                TIM8_TRG_COM_TIM14_IRQHandler
                0x0000000008000bc8                TIM8_UP_TIM13_IRQHandler
                0x0000000008000bc8                I2C3_ER_IRQHandler
                0x0000000008000bc8                EXTI0_IRQHandler
                0x0000000008000bc8                I2C2_EV_IRQHandler
                0x0000000008000bc8                DMA1_Stream2_IRQHandler
                0x0000000008000bc8                CAN1_RX0_IRQHandler
                0x0000000008000bc8                FPU_IRQHandler
                0x0000000008000bc8                OTG_HS_WKUP_IRQHandler
                0x0000000008000bc8                CAN2_SCE_IRQHandler
                0x0000000008000bc8                DMA2_Stream2_IRQHandler
                0x0000000008000bc8                SPI1_IRQHandler
                0x0000000008000bc8                TIM6_DAC_IRQHandler
                0x0000000008000bc8                TIM1_BRK_TIM9_IRQHandler
                0x0000000008000bc8                DCMI_IRQHandler
                0x0000000008000bc8                CAN2_RX0_IRQHandler
                0x0000000008000bc8                USART6_IRQHandler
                0x0000000008000bc8                USART3_IRQHandler
                0x0000000008000bc8                CAN1_RX1_IRQHandler
                0x0000000008000bc8                UART5_IRQHandler
                0x0000000008000bc8                DMA2_Stream0_IRQHandler
                0x0000000008000bc8                TIM4_IRQHandler
                0x0000000008000bc8                I2C1_EV_IRQHandler
                0x0000000008000bc8                DMA1_Stream6_IRQHandler
                0x0000000008000bc8                DMA1_Stream1_IRQHandler
                0x0000000008000bc8                UART4_IRQHandler
                0x0000000008000bc8                TIM3_IRQHandler
                0x0000000008000bc8                RCC_IRQHandler
                0x0000000008000bc8                TIM8_BRK_TIM12_IRQHandler
                0x0000000008000bc8                Default_Handler
                0x0000000008000bc8                EXTI15_10_IRQHandler
                0x0000000008000bc8                ADC_IRQHandler
                0x0000000008000bc8                DMA1_Stream7_IRQHandler
                0x0000000008000bc8                TIM7_IRQHandler
                0x0000000008000bc8                CAN2_TX_IRQHandler
                0x0000000008000bc8                TIM5_IRQHandler
                0x0000000008000bc8                DMA2_Stream7_IRQHandler
                0x0000000008000bc8                I2C3_EV_IRQHandler
                0x0000000008000bc8                EXTI9_5_IRQHandler
                0x0000000008000bc8                RTC_WKUP_IRQHandler
                0x0000000008000bc8                ETH_WKUP_IRQHandler
                0x0000000008000bc8                SPI2_IRQHandler
                0x0000000008000bc8                OTG_HS_EP1_IN_IRQHandler
                0x0000000008000bc8                DMA1_Stream0_IRQHandler
                0x0000000008000bc8                CAN1_TX_IRQHandler
                0x0000000008000bc8                EXTI4_IRQHandler
                0x0000000008000bc8                FSMC_IRQHandler
                0x0000000008000bc8                ETH_IRQHandler
                0x0000000008000bc8                OTG_HS_EP1_OUT_IRQHandler
                0x0000000008000bc8                WWDG_IRQHandler
                0x0000000008000bc8                TIM2_IRQHandler
                0x0000000008000bc8                OTG_FS_WKUP_IRQHandler
                0x0000000008000bc8                TIM1_TRG_COM_TIM11_IRQHandler
                0x0000000008000bc8                OTG_HS_IRQHandler
                0x0000000008000bc8                EXTI1_IRQHandler
                0x0000000008000bc8                USART2_IRQHandler
                0x0000000008000bc8                I2C2_ER_IRQHandler
                0x0000000008000bc8                DMA2_Stream1_IRQHandler
                0x0000000008000bc8                CAN1_SCE_IRQHandler
                0x0000000008000bc8                FLASH_IRQHandler
                0x0000000008000bc8                DMA2_Stream4_IRQHandler
                0x0000000008000bc8                USART1_IRQHandler
                0x0000000008000bc8                OTG_FS_IRQHandler
                0x0000000008000bc8                SPI3_IRQHandler
                0x0000000008000bc8                DMA1_Stream4_IRQHandler
                0x0000000008000bc8                I2C1_ER_IRQHandler
                0x0000000008000bc8                DMA1_Stream3_IRQHandler
 *fill*         0x0000000008000bca        0x2 
 .text.HAL_Init
                0x0000000008000bcc       0x44 Drivers/STM32F4xx_HAL_Driver/Src/stm32f4xx_hal.o
                0x0000000008000bcc                HAL_Init
 .text.HAL_IncTick
                0x0000000008000c10       0x28 Drivers/STM32F4xx_HAL_Driver/Src/stm32f4xx_hal.o
                0x0000000008000c10                HAL_IncTick
 .text.HAL_GetTick
                0x0000000008000c38       0x18 Drivers/STM32F4xx_HAL_Driver/Src/stm32f4xx_hal.o
                0x0000000008000c38                HAL_GetTick
 .text.HAL_Delay
                0x0000000008000c50       0x44 Drivers/STM32F4xx_HAL_Driver/Src/stm32f4xx_hal.o
                0x0000000008000c50                HAL_Delay
 .text.__NVIC_SetPriorityGrouping
                0x0000000008000c94       0x48 Drivers/STM32F4xx_HAL_Driver/Src/stm32f4xx_hal_cortex.o
 .text.__NVIC_GetPriorityGrouping
                0x0000000008000cdc       0x1c Drivers/STM32F4xx_HAL_Driver/Src/stm32f4xx_hal_cortex.o
 .text.__NVIC_EnableIRQ
                0x0000000008000cf8       0x3c Drivers/STM32F4xx_HAL_Driver/Src/stm32f4xx_hal_cortex.o
 .text.__NVIC_SetPriority
                0x0000000008000d34       0x54 Drivers/STM32F4xx_HAL_Driver/Src/stm32f4xx_hal_cortex.o
 .text.NVIC_EncodePriority
                0x0000000008000d88       0x66 Drivers/STM32F4xx_HAL_Driver/Src/stm32f4xx_hal_cortex.o
 .text.HAL_NVIC_SetPriorityGrouping
                0x0000000008000dee       0x16 Drivers/STM32F4xx_HAL_Driver/Src/stm32f4xx_hal_cortex.o
                0x0000000008000dee                HAL_NVIC_SetPriorityGrouping
 .text.HAL_NVIC_SetPriority
                0x0000000008000e04       0x38 Drivers/STM32F4xx_HAL_Driver/Src/stm32f4xx_hal_cortex.o
                0x0000000008000e04                HAL_NVIC_SetPriority
 .text.HAL_NVIC_EnableIRQ
                0x0000000008000e3c       0x1c Drivers/STM32F4xx_HAL_Driver/Src/stm32f4xx_hal_cortex.o
                0x0000000008000e3c                HAL_NVIC_EnableIRQ
 .text.HAL_DMA_Init
                0x0000000008000e58      0x15c Drivers/STM32F4xx_HAL_Driver/Src/stm32f4xx_hal_dma.o
                0x0000000008000e58                HAL_DMA_Init
 .text.HAL_DMA_Start_IT
                0x0000000008000fb4       0xb0 Drivers/STM32F4xx_HAL_Driver/Src/stm32f4xx_hal_dma.o
                0x0000000008000fb4                HAL_DMA_Start_IT
 .text.HAL_DMA_Abort_IT
                0x0000000008001064       0x44 Drivers/STM32F4xx_HAL_Driver/Src/stm32f4xx_hal_dma.o
                0x0000000008001064                HAL_DMA_Abort_IT
 .text.HAL_DMA_IRQHandler
                0x00000000080010a8      0x314 Drivers/STM32F4xx_HAL_Driver/Src/stm32f4xx_hal_dma.o
                0x00000000080010a8                HAL_DMA_IRQHandler
 .text.HAL_DMA_GetError
                0x00000000080013bc       0x18 Drivers/STM32F4xx_HAL_Driver/Src/stm32f4xx_hal_dma.o
                0x00000000080013bc                HAL_DMA_GetError
 .text.DMA_SetConfig
                0x00000000080013d4       0x5c Drivers/STM32F4xx_HAL_Driver/Src/stm32f4xx_hal_dma.o
 .text.DMA_CalcBaseAndBitshift
                0x0000000008001430       0x6c Drivers/STM32F4xx_HAL_Driver/Src/stm32f4xx_hal_dma.o
 .text.DMA_CheckFifoParam
                0x000000000800149c       0xf4 Drivers/STM32F4xx_HAL_Driver/Src/stm32f4xx_hal_dma.o
 .text.HAL_GPIO_Init
                0x0000000008001590      0x334 Drivers/STM32F4xx_HAL_Driver/Src/stm32f4xx_hal_gpio.o
                0x0000000008001590                HAL_GPIO_Init
 .text.HAL_RCC_OscConfig
                0x00000000080018c4      0x4e0 Drivers/STM32F4xx_HAL_Driver/Src/stm32f4xx_hal_rcc.o
                0x00000000080018c4                HAL_RCC_OscConfig
 .text.HAL_RCC_ClockConfig
                0x0000000008001da4      0x1cc Drivers/STM32F4xx_HAL_Driver/Src/stm32f4xx_hal_rcc.o
                0x0000000008001da4                HAL_RCC_ClockConfig
 .text.HAL_RCC_GetSysClockFreq
                0x0000000008001f70      0x1ac Drivers/STM32F4xx_HAL_Driver/Src/stm32f4xx_hal_rcc.o
                0x0000000008001f70                HAL_RCC_GetSysClockFreq
 .text.HAL_RCC_GetHCLKFreq
                0x000000000800211c       0x18 Drivers/STM32F4xx_HAL_Driver/Src/stm32f4xx_hal_rcc.o
                0x000000000800211c                HAL_RCC_GetHCLKFreq
 .text.HAL_RCC_GetPCLK2Freq
                0x0000000008002134       0x28 Drivers/STM32F4xx_HAL_Driver/Src/stm32f4xx_hal_rcc.o
                0x0000000008002134                HAL_RCC_GetPCLK2Freq
 .text.HAL_RCC_GetClockConfig
                0x000000000800215c       0x64 Drivers/STM32F4xx_HAL_Driver/Src/stm32f4xx_hal_rcc.o
                0x000000000800215c                HAL_RCC_GetClockConfig
 .text.HAL_SD_Init
                0x00000000080021c0       0x60 Drivers/STM32F4xx_HAL_Driver/Src/stm32f4xx_hal_sd.o
                0x00000000080021c0                HAL_SD_Init
 .text.HAL_SD_InitCard
                0x0000000008002220       0xc0 Drivers/STM32F4xx_HAL_Driver/Src/stm32f4xx_hal_sd.o
                0x0000000008002220                HAL_SD_InitCard
 .text.HAL_SD_ReadBlocks_DMA
                0x00000000080022e0      0x1d4 Drivers/STM32F4xx_HAL_Driver/Src/stm32f4xx_hal_sd.o
                0x00000000080022e0                HAL_SD_ReadBlocks_DMA
 .text.HAL_SD_WriteBlocks_DMA
                0x00000000080024b4      0x1e0 Drivers/STM32F4xx_HAL_Driver/Src/stm32f4xx_hal_sd.o
                0x00000000080024b4                HAL_SD_WriteBlocks_DMA
 .text.HAL_SD_IRQHandler
                0x0000000008002694      0x30c Drivers/STM32F4xx_HAL_Driver/Src/stm32f4xx_hal_sd.o
                0x0000000008002694                HAL_SD_IRQHandler
 .text.HAL_SD_ErrorCallback
                0x00000000080029a0       0x14 Drivers/STM32F4xx_HAL_Driver/Src/stm32f4xx_hal_sd.o
                0x00000000080029a0                HAL_SD_ErrorCallback
 .text.HAL_SD_GetCardCSD
                0x00000000080029b4      0x348 Drivers/STM32F4xx_HAL_Driver/Src/stm32f4xx_hal_sd.o
                0x00000000080029b4                HAL_SD_GetCardCSD
 .text.HAL_SD_GetCardInfo
                0x0000000008002cfc       0x58 Drivers/STM32F4xx_HAL_Driver/Src/stm32f4xx_hal_sd.o
                0x0000000008002cfc                HAL_SD_GetCardInfo
 .text.HAL_SD_ConfigWideBusOperation
                0x0000000008002d54       0xf8 Drivers/STM32F4xx_HAL_Driver/Src/stm32f4xx_hal_sd.o
                0x0000000008002d54                HAL_SD_ConfigWideBusOperation
 .text.HAL_SD_GetCardState
                0x0000000008002e4c       0x40 Drivers/STM32F4xx_HAL_Driver/Src/stm32f4xx_hal_sd.o
                0x0000000008002e4c                HAL_SD_GetCardState
 .text.SD_DMATransmitCplt
                0x0000000008002e8c       0x2a Drivers/STM32F4xx_HAL_Driver/Src/stm32f4xx_hal_sd.o
 .text.SD_DMAReceiveCplt
                0x0000000008002eb6       0x70 Drivers/STM32F4xx_HAL_Driver/Src/stm32f4xx_hal_sd.o
 *fill*         0x0000000008002f26        0x2 
 .text.SD_DMAError
                0x0000000008002f28       0xa4 Drivers/STM32F4xx_HAL_Driver/Src/stm32f4xx_hal_sd.o
 .text.SD_DMATxAbort
                0x0000000008002fcc       0x6e Drivers/STM32F4xx_HAL_Driver/Src/stm32f4xx_hal_sd.o
 .text.SD_DMARxAbort
                0x000000000800303a       0x6e Drivers/STM32F4xx_HAL_Driver/Src/stm32f4xx_hal_sd.o
 .text.SD_InitCard
                0x00000000080030a8      0x19a Drivers/STM32F4xx_HAL_Driver/Src/stm32f4xx_hal_sd.o
 *fill*         0x0000000008003242        0x2 
 .text.SD_PowerON
                0x0000000008003244      0x11c Drivers/STM32F4xx_HAL_Driver/Src/stm32f4xx_hal_sd.o
 .text.SD_SendStatus
                0x0000000008003360       0x50 Drivers/STM32F4xx_HAL_Driver/Src/stm32f4xx_hal_sd.o
 .text.SD_WideBus_Enable
                0x00000000080033b0       0x96 Drivers/STM32F4xx_HAL_Driver/Src/stm32f4xx_hal_sd.o
 .text.SD_WideBus_Disable
                0x0000000008003446       0x96 Drivers/STM32F4xx_HAL_Driver/Src/stm32f4xx_hal_sd.o
 .text.SD_FindSCR
                0x00000000080034dc      0x194 Drivers/STM32F4xx_HAL_Driver/Src/stm32f4xx_hal_sd.o
 .text.SD_Read_IT
                0x0000000008003670       0xa2 Drivers/STM32F4xx_HAL_Driver/Src/stm32f4xx_hal_sd.o
 .text.SD_Write_IT
                0x0000000008003712       0xaa Drivers/STM32F4xx_HAL_Driver/Src/stm32f4xx_hal_sd.o
 .text.HAL_TIM_Base_Init
                0x00000000080037bc       0x56 Drivers/STM32F4xx_HAL_Driver/Src/stm32f4xx_hal_tim.o
                0x00000000080037bc                HAL_TIM_Base_Init
 .text.HAL_TIM_Base_MspInit
                0x0000000008003812       0x14 Drivers/STM32F4xx_HAL_Driver/Src/stm32f4xx_hal_tim.o
                0x0000000008003812                HAL_TIM_Base_MspInit
 .text.HAL_TIM_Base_Start_IT
                0x0000000008003826       0x48 Drivers/STM32F4xx_HAL_Driver/Src/stm32f4xx_hal_tim.o
                0x0000000008003826                HAL_TIM_Base_Start_IT
 .text.HAL_TIM_IRQHandler
                0x000000000800386e      0x210 Drivers/STM32F4xx_HAL_Driver/Src/stm32f4xx_hal_tim.o
                0x000000000800386e                HAL_TIM_IRQHandler
 .text.HAL_TIM_OC_DelayElapsedCallback
                0x0000000008003a7e       0x14 Drivers/STM32F4xx_HAL_Driver/Src/stm32f4xx_hal_tim.o
                0x0000000008003a7e                HAL_TIM_OC_DelayElapsedCallback
 .text.HAL_TIM_IC_CaptureCallback
                0x0000000008003a92       0x14 Drivers/STM32F4xx_HAL_Driver/Src/stm32f4xx_hal_tim.o
                0x0000000008003a92                HAL_TIM_IC_CaptureCallback
 .text.HAL_TIM_PWM_PulseFinishedCallback
                0x0000000008003aa6       0x14 Drivers/STM32F4xx_HAL_Driver/Src/stm32f4xx_hal_tim.o
                0x0000000008003aa6                HAL_TIM_PWM_PulseFinishedCallback
 .text.HAL_TIM_TriggerCallback
                0x0000000008003aba       0x14 Drivers/STM32F4xx_HAL_Driver/Src/stm32f4xx_hal_tim.o
                0x0000000008003aba                HAL_TIM_TriggerCallback
 *fill*         0x0000000008003ace        0x2 
 .text.TIM_Base_SetConfig
                0x0000000008003ad0      0x140 Drivers/STM32F4xx_HAL_Driver/Src/stm32f4xx_hal_tim.o
                0x0000000008003ad0                TIM_Base_SetConfig
 .text.HAL_TIMEx_CommutCallback
                0x0000000008003c10       0x14 Drivers/STM32F4xx_HAL_Driver/Src/stm32f4xx_hal_tim_ex.o
                0x0000000008003c10                HAL_TIMEx_CommutCallback
 .text.HAL_TIMEx_BreakCallback
                0x0000000008003c24       0x14 Drivers/STM32F4xx_HAL_Driver/Src/stm32f4xx_hal_tim_ex.o
                0x0000000008003c24                HAL_TIMEx_BreakCallback
 .text.SDIO_Init
                0x0000000008003c38       0x56 Drivers/STM32F4xx_HAL_Driver/Src/stm32f4xx_ll_sdmmc.o
                0x0000000008003c38                SDIO_Init
 .text.SDIO_ReadFIFO
                0x0000000008003c8e       0x1a Drivers/STM32F4xx_HAL_Driver/Src/stm32f4xx_ll_sdmmc.o
                0x0000000008003c8e                SDIO_ReadFIFO
 .text.SDIO_WriteFIFO
                0x0000000008003ca8       0x22 Drivers/STM32F4xx_HAL_Driver/Src/stm32f4xx_ll_sdmmc.o
                0x0000000008003ca8                SDIO_WriteFIFO
 .text.SDIO_PowerState_ON
                0x0000000008003cca       0x1e Drivers/STM32F4xx_HAL_Driver/Src/stm32f4xx_ll_sdmmc.o
                0x0000000008003cca                SDIO_PowerState_ON
 .text.SDIO_GetPowerState
                0x0000000008003ce8       0x1c Drivers/STM32F4xx_HAL_Driver/Src/stm32f4xx_ll_sdmmc.o
                0x0000000008003ce8                SDIO_GetPowerState
 .text.SDIO_SendCommand
                0x0000000008003d04       0x54 Drivers/STM32F4xx_HAL_Driver/Src/stm32f4xx_ll_sdmmc.o
                0x0000000008003d04                SDIO_SendCommand
 .text.SDIO_GetCommandResponse
                0x0000000008003d58       0x1a Drivers/STM32F4xx_HAL_Driver/Src/stm32f4xx_ll_sdmmc.o
                0x0000000008003d58                SDIO_GetCommandResponse
 .text.SDIO_GetResponse
                0x0000000008003d72       0x26 Drivers/STM32F4xx_HAL_Driver/Src/stm32f4xx_ll_sdmmc.o
                0x0000000008003d72                SDIO_GetResponse
 .text.SDIO_ConfigData
                0x0000000008003d98       0x58 Drivers/STM32F4xx_HAL_Driver/Src/stm32f4xx_ll_sdmmc.o
                0x0000000008003d98                SDIO_ConfigData
 .text.SDMMC_CmdBlockLength
                0x0000000008003df0       0x44 Drivers/STM32F4xx_HAL_Driver/Src/stm32f4xx_ll_sdmmc.o
                0x0000000008003df0                SDMMC_CmdBlockLength
 .text.SDMMC_CmdReadSingleBlock
                0x0000000008003e34       0x44 Drivers/STM32F4xx_HAL_Driver/Src/stm32f4xx_ll_sdmmc.o
                0x0000000008003e34                SDMMC_CmdReadSingleBlock
 .text.SDMMC_CmdReadMultiBlock
                0x0000000008003e78       0x44 Drivers/STM32F4xx_HAL_Driver/Src/stm32f4xx_ll_sdmmc.o
                0x0000000008003e78                SDMMC_CmdReadMultiBlock
 .text.SDMMC_CmdWriteSingleBlock
                0x0000000008003ebc       0x44 Drivers/STM32F4xx_HAL_Driver/Src/stm32f4xx_ll_sdmmc.o
                0x0000000008003ebc                SDMMC_CmdWriteSingleBlock
 .text.SDMMC_CmdWriteMultiBlock
                0x0000000008003f00       0x44 Drivers/STM32F4xx_HAL_Driver/Src/stm32f4xx_ll_sdmmc.o
                0x0000000008003f00                SDMMC_CmdWriteMultiBlock
 .text.SDMMC_CmdStopTransfer
                0x0000000008003f44       0x44 Drivers/STM32F4xx_HAL_Driver/Src/stm32f4xx_ll_sdmmc.o
                0x0000000008003f44                SDMMC_CmdStopTransfer
 .text.SDMMC_CmdSelDesel
                0x0000000008003f88       0x46 Drivers/STM32F4xx_HAL_Driver/Src/stm32f4xx_ll_sdmmc.o
                0x0000000008003f88                SDMMC_CmdSelDesel
 .text.SDMMC_CmdGoIdleState
                0x0000000008003fce       0x3c Drivers/STM32F4xx_HAL_Driver/Src/stm32f4xx_ll_sdmmc.o
                0x0000000008003fce                SDMMC_CmdGoIdleState
 .text.SDMMC_CmdOperCond
                0x000000000800400a       0x3e Drivers/STM32F4xx_HAL_Driver/Src/stm32f4xx_ll_sdmmc.o
                0x000000000800400a                SDMMC_CmdOperCond
 .text.SDMMC_CmdAppCommand
                0x0000000008004048       0x44 Drivers/STM32F4xx_HAL_Driver/Src/stm32f4xx_ll_sdmmc.o
                0x0000000008004048                SDMMC_CmdAppCommand
 .text.SDMMC_CmdAppOperCommand
                0x000000000800408c       0x46 Drivers/STM32F4xx_HAL_Driver/Src/stm32f4xx_ll_sdmmc.o
                0x000000000800408c                SDMMC_CmdAppOperCommand
 .text.SDMMC_CmdBusWidth
                0x00000000080040d2       0x44 Drivers/STM32F4xx_HAL_Driver/Src/stm32f4xx_ll_sdmmc.o
                0x00000000080040d2                SDMMC_CmdBusWidth
 .text.SDMMC_CmdSendSCR
                0x0000000008004116       0x42 Drivers/STM32F4xx_HAL_Driver/Src/stm32f4xx_ll_sdmmc.o
                0x0000000008004116                SDMMC_CmdSendSCR
 .text.SDMMC_CmdSendCID
                0x0000000008004158       0x3c Drivers/STM32F4xx_HAL_Driver/Src/stm32f4xx_ll_sdmmc.o
                0x0000000008004158                SDMMC_CmdSendCID
 .text.SDMMC_CmdSendCSD
                0x0000000008004194       0x3e Drivers/STM32F4xx_HAL_Driver/Src/stm32f4xx_ll_sdmmc.o
                0x0000000008004194                SDMMC_CmdSendCSD
 .text.SDMMC_CmdSetRelAdd
                0x00000000080041d2       0x42 Drivers/STM32F4xx_HAL_Driver/Src/stm32f4xx_ll_sdmmc.o
                0x00000000080041d2                SDMMC_CmdSetRelAdd
 .text.SDMMC_CmdSendStatus
                0x0000000008004214       0x44 Drivers/STM32F4xx_HAL_Driver/Src/stm32f4xx_ll_sdmmc.o
                0x0000000008004214                SDMMC_CmdSendStatus
 .text.SDMMC_GetCmdError
                0x0000000008004258       0x50 Drivers/STM32F4xx_HAL_Driver/Src/stm32f4xx_ll_sdmmc.o
 .text.SDMMC_GetCmdResp1
                0x00000000080042a8      0x1d8 Drivers/STM32F4xx_HAL_Driver/Src/stm32f4xx_ll_sdmmc.o
 .text.SDMMC_GetCmdResp2
                0x0000000008004480       0x8c Drivers/STM32F4xx_HAL_Driver/Src/stm32f4xx_ll_sdmmc.o
 .text.SDMMC_GetCmdResp3
                0x000000000800450c       0x74 Drivers/STM32F4xx_HAL_Driver/Src/stm32f4xx_ll_sdmmc.o
 .text.SDMMC_GetCmdResp6
                0x0000000008004580       0xe8 Drivers/STM32F4xx_HAL_Driver/Src/stm32f4xx_ll_sdmmc.o
 .text.SDMMC_GetCmdResp7
                0x0000000008004668       0x98 Drivers/STM32F4xx_HAL_Driver/Src/stm32f4xx_ll_sdmmc.o
 .text.MX_FATFS_Init
                0x0000000008004700       0x24 FATFS/App/fatfs.o
                0x0000000008004700                MX_FATFS_Init
 .text.get_fattime
                0x0000000008004724       0x10 FATFS/App/fatfs.o
                0x0000000008004724                get_fattime
 .text.BSP_SD_Init
                0x0000000008004734       0x4c FATFS/Target/bsp_driver_sd.o
                0x0000000008004734                BSP_SD_Init
 .text.BSP_SD_ReadBlocks_DMA
                0x0000000008004780       0x34 FATFS/Target/bsp_driver_sd.o
                0x0000000008004780                BSP_SD_ReadBlocks_DMA
 .text.BSP_SD_WriteBlocks_DMA
                0x00000000080047b4       0x34 FATFS/Target/bsp_driver_sd.o
                0x00000000080047b4                BSP_SD_WriteBlocks_DMA
 .text.BSP_SD_GetCardState
                0x00000000080047e8       0x20 FATFS/Target/bsp_driver_sd.o
                0x00000000080047e8                BSP_SD_GetCardState
 .text.BSP_SD_GetCardInfo
                0x0000000008004808       0x1c FATFS/Target/bsp_driver_sd.o
                0x0000000008004808                BSP_SD_GetCardInfo
 .text.HAL_SD_AbortCallback
                0x0000000008004824       0x14 FATFS/Target/bsp_driver_sd.o
                0x0000000008004824                HAL_SD_AbortCallback
 .text.HAL_SD_TxCpltCallback
                0x0000000008004838       0x14 FATFS/Target/bsp_driver_sd.o
                0x0000000008004838                HAL_SD_TxCpltCallback
 .text.HAL_SD_RxCpltCallback
                0x000000000800484c       0x14 FATFS/Target/bsp_driver_sd.o
                0x000000000800484c                HAL_SD_RxCpltCallback
 .text.BSP_SD_AbortCallback
                0x0000000008004860        0xe FATFS/Target/bsp_driver_sd.o
                0x0000000008004860                BSP_SD_AbortCallback
 .text.BSP_SD_IsDetected
                0x000000000800486e       0x1a FATFS/Target/bsp_driver_sd.o
                0x000000000800486e                BSP_SD_IsDetected
 .text.SD_CheckStatusWithTimeout
                0x0000000008004888       0x3a FATFS/Target/sd_diskio.o
 *fill*         0x00000000080048c2        0x2 
 .text.SD_CheckStatus
                0x00000000080048c4       0x3c FATFS/Target/sd_diskio.o
 .text.SD_initialize
                0x0000000008004900       0x98 FATFS/Target/sd_diskio.o
                0x0000000008004900                SD_initialize
 .text.SD_status
                0x0000000008004998       0x1c FATFS/Target/sd_diskio.o
                0x0000000008004998                SD_status
 .text.SD_read  0x00000000080049b4       0x9c FATFS/Target/sd_diskio.o
                0x00000000080049b4                SD_read
 .text.SD_write
                0x0000000008004a50       0x94 FATFS/Target/sd_diskio.o
                0x0000000008004a50                SD_write
 .text.SD_ioctl
                0x0000000008004ae4       0xb0 FATFS/Target/sd_diskio.o
                0x0000000008004ae4                SD_ioctl
 .text.BSP_SD_WriteCpltCallback
                0x0000000008004b94       0x1c FATFS/Target/sd_diskio.o
                0x0000000008004b94                BSP_SD_WriteCpltCallback
 .text.BSP_SD_ReadCpltCallback
                0x0000000008004bb0       0x1c FATFS/Target/sd_diskio.o
                0x0000000008004bb0                BSP_SD_ReadCpltCallback
 .text.disk_status
                0x0000000008004bcc       0x34 Middlewares/Third_Party/FatFs/src/diskio.o
                0x0000000008004bcc                disk_status
 .text.disk_initialize
                0x0000000008004c00       0x4c Middlewares/Third_Party/FatFs/src/diskio.o
                0x0000000008004c00                disk_initialize
 .text.disk_read
                0x0000000008004c4c       0x40 Middlewares/Third_Party/FatFs/src/diskio.o
                0x0000000008004c4c                disk_read
 .text.disk_write
                0x0000000008004c8c       0x40 Middlewares/Third_Party/FatFs/src/diskio.o
                0x0000000008004c8c                disk_write
 .text.disk_ioctl
                0x0000000008004ccc       0x3c Middlewares/Third_Party/FatFs/src/diskio.o
                0x0000000008004ccc                disk_ioctl
 .text.ld_word  0x0000000008004d08       0x30 Middlewares/Third_Party/FatFs/src/ff.o
 .text.ld_dword
                0x0000000008004d38       0x46 Middlewares/Third_Party/FatFs/src/ff.o
 .text.st_word  0x0000000008004d7e       0x36 Middlewares/Third_Party/FatFs/src/ff.o
 .text.st_dword
                0x0000000008004db4       0x58 Middlewares/Third_Party/FatFs/src/ff.o
 .text.mem_cpy  0x0000000008004e0c       0x42 Middlewares/Third_Party/FatFs/src/ff.o
 .text.mem_set  0x0000000008004e4e       0x34 Middlewares/Third_Party/FatFs/src/ff.o
 .text.mem_cmp  0x0000000008004e82       0x4e Middlewares/Third_Party/FatFs/src/ff.o
 .text.chk_chr  0x0000000008004ed0       0x36 Middlewares/Third_Party/FatFs/src/ff.o
 .text.lock_fs  0x0000000008004f06       0x2c Middlewares/Third_Party/FatFs/src/ff.o
 .text.unlock_fs
                0x0000000008004f32       0x36 Middlewares/Third_Party/FatFs/src/ff.o
 .text.chk_lock
                0x0000000008004f68       0xb8 Middlewares/Third_Party/FatFs/src/ff.o
 .text.enq_lock
                0x0000000008005020       0x44 Middlewares/Third_Party/FatFs/src/ff.o
 .text.inc_lock
                0x0000000008005064      0x11c Middlewares/Third_Party/FatFs/src/ff.o
 .text.dec_lock
                0x0000000008005180       0x78 Middlewares/Third_Party/FatFs/src/ff.o
 .text.clear_lock
                0x00000000080051f8       0x48 Middlewares/Third_Party/FatFs/src/ff.o
 .text.sync_window
                0x0000000008005240       0x88 Middlewares/Third_Party/FatFs/src/ff.o
 .text.move_window
                0x00000000080052c8       0x5a Middlewares/Third_Party/FatFs/src/ff.o
 *fill*         0x0000000008005322        0x2 
 .text.sync_fs  0x0000000008005324       0xdc Middlewares/Third_Party/FatFs/src/ff.o
 .text.clust2sect
                0x0000000008005400       0x3e Middlewares/Third_Party/FatFs/src/ff.o
 .text.get_fat  0x000000000800543e      0x14a Middlewares/Third_Party/FatFs/src/ff.o
 .text.put_fat  0x0000000008005588      0x1ce Middlewares/Third_Party/FatFs/src/ff.o
 .text.remove_chain
                0x0000000008005756       0xca Middlewares/Third_Party/FatFs/src/ff.o
 .text.create_chain
                0x0000000008005820      0x130 Middlewares/Third_Party/FatFs/src/ff.o
 .text.clmt_clust
                0x0000000008005950       0x68 Middlewares/Third_Party/FatFs/src/ff.o
 .text.dir_sdi  0x00000000080059b8       0xf6 Middlewares/Third_Party/FatFs/src/ff.o
 .text.dir_next
                0x0000000008005aae      0x18a Middlewares/Third_Party/FatFs/src/ff.o
 .text.dir_alloc
                0x0000000008005c38       0x8e Middlewares/Third_Party/FatFs/src/ff.o
 .text.ld_clust
                0x0000000008005cc6       0x3e Middlewares/Third_Party/FatFs/src/ff.o
 .text.st_clust
                0x0000000008005d04       0x40 Middlewares/Third_Party/FatFs/src/ff.o
 .text.dir_find
                0x0000000008005d44       0xaa Middlewares/Third_Party/FatFs/src/ff.o
 .text.dir_register
                0x0000000008005dee       0x64 Middlewares/Third_Party/FatFs/src/ff.o
 *fill*         0x0000000008005e52        0x2 
 .text.create_name
                0x0000000008005e54      0x128 Middlewares/Third_Party/FatFs/src/ff.o
 .text.follow_path
                0x0000000008005f7c       0xe2 Middlewares/Third_Party/FatFs/src/ff.o
 .text.get_ldnumber
                0x000000000800605e       0x88 Middlewares/Third_Party/FatFs/src/ff.o
 *fill*         0x00000000080060e6        0x2 
 .text.check_fs
                0x00000000080060e8       0xac Middlewares/Third_Party/FatFs/src/ff.o
 .text.find_volume
                0x0000000008006194      0x4a8 Middlewares/Third_Party/FatFs/src/ff.o
 .text.validate
                0x000000000800663c       0x8e Middlewares/Third_Party/FatFs/src/ff.o
 *fill*         0x00000000080066ca        0x2 
 .text.f_mount  0x00000000080066cc       0xc8 Middlewares/Third_Party/FatFs/src/ff.o
                0x00000000080066cc                f_mount
 .text.f_open   0x0000000008006794      0x38a Middlewares/Third_Party/FatFs/src/ff.o
                0x0000000008006794                f_open
 .text.f_read   0x0000000008006b1e      0x2dc Middlewares/Third_Party/FatFs/src/ff.o
                0x0000000008006b1e                f_read
 .text.f_sync   0x0000000008006dfa      0x112 Middlewares/Third_Party/FatFs/src/ff.o
                0x0000000008006dfa                f_sync
 .text.f_close  0x0000000008006f0c       0x5e Middlewares/Third_Party/FatFs/src/ff.o
                0x0000000008006f0c                f_close
 .text.f_gets   0x0000000008006f6a       0x72 Middlewares/Third_Party/FatFs/src/ff.o
                0x0000000008006f6a                f_gets
 .text.FATFS_LinkDriverEx
                0x0000000008006fdc       0x98 Middlewares/Third_Party/FatFs/src/ff_gen_drv.o
                0x0000000008006fdc                FATFS_LinkDriverEx
 .text.FATFS_LinkDriver
                0x0000000008007074       0x1e Middlewares/Third_Party/FatFs/src/ff_gen_drv.o
                0x0000000008007074                FATFS_LinkDriver
 .text.ff_cre_syncobj
                0x0000000008007092       0x40 Middlewares/Third_Party/FatFs/src/option/syscall.o
                0x0000000008007092                ff_cre_syncobj
 .text.ff_del_syncobj
                0x00000000080070d2       0x18 Middlewares/Third_Party/FatFs/src/option/syscall.o
                0x00000000080070d2                ff_del_syncobj
 .text.ff_req_grant
                0x00000000080070ea       0x2a Middlewares/Third_Party/FatFs/src/option/syscall.o
                0x00000000080070ea                ff_req_grant
 .text.ff_rel_grant
                0x0000000008007114       0x16 Middlewares/Third_Party/FatFs/src/option/syscall.o
                0x0000000008007114                ff_rel_grant
 .text.makeFreeRtosPriority
                0x000000000800712a       0x30 Middlewares/Third_Party/FreeRTOS/Source/CMSIS_RTOS/cmsis_os.o
 .text.inHandlerMode
                0x000000000800715a       0x24 Middlewares/Third_Party/FreeRTOS/Source/CMSIS_RTOS/cmsis_os.o
 .text.osKernelStart
                0x000000000800717e        0xe Middlewares/Third_Party/FreeRTOS/Source/CMSIS_RTOS/cmsis_os.o
                0x000000000800717e                osKernelStart
 .text.osKernelRunning
                0x000000000800718c       0x18 Middlewares/Third_Party/FreeRTOS/Source/CMSIS_RTOS/cmsis_os.o
                0x000000000800718c                osKernelRunning
 .text.osKernelSysTick
                0x00000000080071a4       0x20 Middlewares/Third_Party/FreeRTOS/Source/CMSIS_RTOS/cmsis_os.o
                0x00000000080071a4                osKernelSysTick
 .text.osThreadCreate
                0x00000000080071c4       0x98 Middlewares/Third_Party/FreeRTOS/Source/CMSIS_RTOS/cmsis_os.o
                0x00000000080071c4                osThreadCreate
 .text.osDelay  0x000000000800725c       0x28 Middlewares/Third_Party/FreeRTOS/Source/CMSIS_RTOS/cmsis_os.o
                0x000000000800725c                osDelay
 .text.osSemaphoreCreate
                0x0000000008007284       0x66 Middlewares/Third_Party/FreeRTOS/Source/CMSIS_RTOS/cmsis_os.o
                0x0000000008007284                osSemaphoreCreate
 *fill*         0x00000000080072ea        0x2 
 .text.osSemaphoreWait
                0x00000000080072ec       0x9c Middlewares/Third_Party/FreeRTOS/Source/CMSIS_RTOS/cmsis_os.o
                0x00000000080072ec                osSemaphoreWait
 .text.osSemaphoreRelease
                0x0000000008007388       0x6c Middlewares/Third_Party/FreeRTOS/Source/CMSIS_RTOS/cmsis_os.o
                0x0000000008007388                osSemaphoreRelease
 .text.osSemaphoreDelete
                0x00000000080073f4       0x26 Middlewares/Third_Party/FreeRTOS/Source/CMSIS_RTOS/cmsis_os.o
                0x00000000080073f4                osSemaphoreDelete
 .text.osMessageCreate
                0x000000000800741a       0x52 Middlewares/Third_Party/FreeRTOS/Source/CMSIS_RTOS/cmsis_os.o
                0x000000000800741a                osMessageCreate
 .text.osMessagePut
                0x000000000800746c       0x80 Middlewares/Third_Party/FreeRTOS/Source/CMSIS_RTOS/cmsis_os.o
                0x000000000800746c                osMessagePut
 .text.osMessageGet
                0x00000000080074ec       0xe8 Middlewares/Third_Party/FreeRTOS/Source/CMSIS_RTOS/cmsis_os.o
                0x00000000080074ec                osMessageGet
 .text.vListInitialise
                0x00000000080075d4       0x40 Middlewares/Third_Party/FreeRTOS/Source/list.o
                0x00000000080075d4                vListInitialise
 .text.vListInitialiseItem
                0x0000000008007614       0x1a Middlewares/Third_Party/FreeRTOS/Source/list.o
                0x0000000008007614                vListInitialiseItem
 .text.vListInsertEnd
                0x000000000800762e       0x48 Middlewares/Third_Party/FreeRTOS/Source/list.o
                0x000000000800762e                vListInsertEnd
 .text.vListInsert
                0x0000000008007676       0x72 Middlewares/Third_Party/FreeRTOS/Source/list.o
                0x0000000008007676                vListInsert
 .text.uxListRemove
                0x00000000080076e8       0x54 Middlewares/Third_Party/FreeRTOS/Source/list.o
                0x00000000080076e8                uxListRemove
 .text.xQueueGenericReset
                0x000000000800773c       0xd0 Middlewares/Third_Party/FreeRTOS/Source/queue.o
                0x000000000800773c                xQueueGenericReset
 .text.xQueueGenericCreateStatic
                0x000000000800780c       0xe6 Middlewares/Third_Party/FreeRTOS/Source/queue.o
                0x000000000800780c                xQueueGenericCreateStatic
 .text.xQueueGenericCreate
                0x00000000080078f2       0x7e Middlewares/Third_Party/FreeRTOS/Source/queue.o
                0x00000000080078f2                xQueueGenericCreate
 .text.prvInitialiseNewQueue
                0x0000000008007970       0x3e Middlewares/Third_Party/FreeRTOS/Source/queue.o
 *fill*         0x00000000080079ae        0x2 
 .text.xQueueGenericSend
                0x00000000080079b0      0x1f4 Middlewares/Third_Party/FreeRTOS/Source/queue.o
                0x00000000080079b0                xQueueGenericSend
 .text.xQueueGenericSendFromISR
                0x0000000008007ba4      0x128 Middlewares/Third_Party/FreeRTOS/Source/queue.o
                0x0000000008007ba4                xQueueGenericSendFromISR
 .text.xQueueGiveFromISR
                0x0000000008007ccc      0x112 Middlewares/Third_Party/FreeRTOS/Source/queue.o
                0x0000000008007ccc                xQueueGiveFromISR
 *fill*         0x0000000008007dde        0x2 
 .text.xQueueReceive
                0x0000000008007de0      0x1b8 Middlewares/Third_Party/FreeRTOS/Source/queue.o
                0x0000000008007de0                xQueueReceive
 .text.xQueueSemaphoreTake
                0x0000000008007f98      0x210 Middlewares/Third_Party/FreeRTOS/Source/queue.o
                0x0000000008007f98                xQueueSemaphoreTake
 .text.xQueueReceiveFromISR
                0x00000000080081a8       0xfa Middlewares/Third_Party/FreeRTOS/Source/queue.o
                0x00000000080081a8                xQueueReceiveFromISR
 .text.vQueueDelete
                0x00000000080082a2       0x44 Middlewares/Third_Party/FreeRTOS/Source/queue.o
                0x00000000080082a2                vQueueDelete
 .text.prvGetDisinheritPriorityAfterTimeout
                0x00000000080082e6       0x30 Middlewares/Third_Party/FreeRTOS/Source/queue.o
 .text.prvCopyDataToQueue
                0x0000000008008316       0xd4 Middlewares/Third_Party/FreeRTOS/Source/queue.o
 .text.prvCopyDataFromQueue
                0x00000000080083ea       0x4c Middlewares/Third_Party/FreeRTOS/Source/queue.o
 .text.prvUnlockQueue
                0x0000000008008436       0xa4 Middlewares/Third_Party/FreeRTOS/Source/queue.o
 .text.prvIsQueueEmpty
                0x00000000080084da       0x2c Middlewares/Third_Party/FreeRTOS/Source/queue.o
 .text.prvIsQueueFull
                0x0000000008008506       0x30 Middlewares/Third_Party/FreeRTOS/Source/queue.o
 *fill*         0x0000000008008536        0x2 
 .text.vQueueUnregisterQueue
                0x0000000008008538       0x54 Middlewares/Third_Party/FreeRTOS/Source/queue.o
                0x0000000008008538                vQueueUnregisterQueue
 .text.xTaskCreateStatic
                0x000000000800858c       0xb4 Middlewares/Third_Party/FreeRTOS/Source/tasks.o
                0x000000000800858c                xTaskCreateStatic
 .text.xTaskCreate
                0x0000000008008640       0x8a Middlewares/Third_Party/FreeRTOS/Source/tasks.o
                0x0000000008008640                xTaskCreate
 .text.prvInitialiseNewTask
                0x00000000080086ca      0x10c Middlewares/Third_Party/FreeRTOS/Source/tasks.o
 *fill*         0x00000000080087d6        0x2 
 .text.prvAddNewTaskToReadyList
                0x00000000080087d8       0xd4 Middlewares/Third_Party/FreeRTOS/Source/tasks.o
 .text.vTaskDelay
                0x00000000080088ac       0x68 Middlewares/Third_Party/FreeRTOS/Source/tasks.o
                0x00000000080088ac                vTaskDelay
 .text.vTaskStartScheduler
                0x0000000008008914       0xbc Middlewares/Third_Party/FreeRTOS/Source/tasks.o
                0x0000000008008914                vTaskStartScheduler
 .text.vTaskSuspendAll
                0x00000000080089d0       0x1c Middlewares/Third_Party/FreeRTOS/Source/tasks.o
                0x00000000080089d0                vTaskSuspendAll
 .text.xTaskResumeAll
                0x00000000080089ec      0x138 Middlewares/Third_Party/FreeRTOS/Source/tasks.o
                0x00000000080089ec                xTaskResumeAll
 .text.xTaskGetTickCount
                0x0000000008008b24       0x20 Middlewares/Third_Party/FreeRTOS/Source/tasks.o
                0x0000000008008b24                xTaskGetTickCount
 .text.xTaskGetTickCountFromISR
                0x0000000008008b44       0x24 Middlewares/Third_Party/FreeRTOS/Source/tasks.o
                0x0000000008008b44                xTaskGetTickCountFromISR
 .text.xTaskIncrementTick
                0x0000000008008b68      0x170 Middlewares/Third_Party/FreeRTOS/Source/tasks.o
                0x0000000008008b68                xTaskIncrementTick
 .text.vTaskSwitchContext
                0x0000000008008cd8       0xb4 Middlewares/Third_Party/FreeRTOS/Source/tasks.o
                0x0000000008008cd8                vTaskSwitchContext
 .text.vTaskPlaceOnEventList
                0x0000000008008d8c       0x48 Middlewares/Third_Party/FreeRTOS/Source/tasks.o
                0x0000000008008d8c                vTaskPlaceOnEventList
 .text.xTaskRemoveFromEventList
                0x0000000008008dd4       0xc4 Middlewares/Third_Party/FreeRTOS/Source/tasks.o
                0x0000000008008dd4                xTaskRemoveFromEventList
 .text.vTaskInternalSetTimeOutState
                0x0000000008008e98       0x2c Middlewares/Third_Party/FreeRTOS/Source/tasks.o
                0x0000000008008e98                vTaskInternalSetTimeOutState
 .text.xTaskCheckForTimeOut
                0x0000000008008ec4       0xc0 Middlewares/Third_Party/FreeRTOS/Source/tasks.o
                0x0000000008008ec4                xTaskCheckForTimeOut
 .text.vTaskMissedYield
                0x0000000008008f84       0x18 Middlewares/Third_Party/FreeRTOS/Source/tasks.o
                0x0000000008008f84                vTaskMissedYield
 .text.prvIdleTask
                0x0000000008008f9c       0x30 Middlewares/Third_Party/FreeRTOS/Source/tasks.o
 .text.prvInitialiseTaskLists
                0x0000000008008fcc       0x80 Middlewares/Third_Party/FreeRTOS/Source/tasks.o
 .text.prvCheckTasksWaitingTermination
                0x000000000800904c       0x58 Middlewares/Third_Party/FreeRTOS/Source/tasks.o
 .text.prvDeleteTCB
                0x00000000080090a4       0x5c Middlewares/Third_Party/FreeRTOS/Source/tasks.o
 .text.prvResetNextTaskUnblockTime
                0x0000000008009100       0x40 Middlewares/Third_Party/FreeRTOS/Source/tasks.o
 .text.xTaskGetSchedulerState
                0x0000000008009140       0x3c Middlewares/Third_Party/FreeRTOS/Source/tasks.o
                0x0000000008009140                xTaskGetSchedulerState
 .text.xTaskPriorityInherit
                0x000000000800917c      0x100 Middlewares/Third_Party/FreeRTOS/Source/tasks.o
                0x000000000800917c                xTaskPriorityInherit
 .text.xTaskPriorityDisinherit
                0x000000000800927c      0x108 Middlewares/Third_Party/FreeRTOS/Source/tasks.o
                0x000000000800927c                xTaskPriorityDisinherit
 .text.vTaskPriorityDisinheritAfterTimeout
                0x0000000008009384      0x130 Middlewares/Third_Party/FreeRTOS/Source/tasks.o
                0x0000000008009384                vTaskPriorityDisinheritAfterTimeout
 .text.pvTaskIncrementMutexHeldCount
                0x00000000080094b4       0x28 Middlewares/Third_Party/FreeRTOS/Source/tasks.o
                0x00000000080094b4                pvTaskIncrementMutexHeldCount
 .text.prvAddCurrentTaskToDelayedList
                0x00000000080094dc       0xcc Middlewares/Third_Party/FreeRTOS/Source/tasks.o
 .text.pxPortInitialiseStack
                0x00000000080095a8       0x68 Middlewares/Third_Party/FreeRTOS/Source/portable/GCC/ARM_CM4F/port.o
                0x00000000080095a8                pxPortInitialiseStack
 .text.prvTaskExitError
                0x0000000008009610       0x54 Middlewares/Third_Party/FreeRTOS/Source/portable/GCC/ARM_CM4F/port.o
 *fill*         0x0000000008009664        0xc 
 .text.SVC_Handler
                0x0000000008009670       0x28 Middlewares/Third_Party/FreeRTOS/Source/portable/GCC/ARM_CM4F/port.o
                0x0000000008009670                SVC_Handler
 .text.prvPortStartFirstTask
                0x0000000008009698       0x28 Middlewares/Third_Party/FreeRTOS/Source/portable/GCC/ARM_CM4F/port.o
 .text.xPortStartScheduler
                0x00000000080096c0      0x13c Middlewares/Third_Party/FreeRTOS/Source/portable/GCC/ARM_CM4F/port.o
                0x00000000080096c0                xPortStartScheduler
 .text.vPortEnterCritical
                0x00000000080097fc       0x5c Middlewares/Third_Party/FreeRTOS/Source/portable/GCC/ARM_CM4F/port.o
                0x00000000080097fc                vPortEnterCritical
 .text.vPortExitCritical
                0x0000000008009858       0x50 Middlewares/Third_Party/FreeRTOS/Source/portable/GCC/ARM_CM4F/port.o
                0x0000000008009858                vPortExitCritical
 *fill*         0x00000000080098a8        0x8 
 .text.PendSV_Handler
                0x00000000080098b0       0x68 Middlewares/Third_Party/FreeRTOS/Source/portable/GCC/ARM_CM4F/port.o
                0x00000000080098b0                PendSV_Handler
 .text.SysTick_Handler
                0x0000000008009918       0x40 Middlewares/Third_Party/FreeRTOS/Source/portable/GCC/ARM_CM4F/port.o
                0x0000000008009918                SysTick_Handler
 .text.vPortSetupTimerInterrupt
                0x0000000008009958       0x48 Middlewares/Third_Party/FreeRTOS/Source/portable/GCC/ARM_CM4F/port.o
                0x0000000008009958                vPortSetupTimerInterrupt
 .text.vPortEnableVFP
                0x00000000080099a0       0x14 Middlewares/Third_Party/FreeRTOS/Source/portable/GCC/ARM_CM4F/port.o
 .text.vPortValidateInterruptPriority
                0x00000000080099b4       0x7c Middlewares/Third_Party/FreeRTOS/Source/portable/GCC/ARM_CM4F/port.o
                0x00000000080099b4                vPortValidateInterruptPriority
 .text.pvPortMalloc
                0x0000000008009a30      0x184 Middlewares/Third_Party/FreeRTOS/Source/portable/MemMang/heap_4.o
                0x0000000008009a30                pvPortMalloc
 .text.vPortFree
                0x0000000008009bb4       0xb0 Middlewares/Third_Party/FreeRTOS/Source/portable/MemMang/heap_4.o
                0x0000000008009bb4                vPortFree
 .text.prvHeapInit
                0x0000000008009c64       0xc4 Middlewares/Third_Party/FreeRTOS/Source/portable/MemMang/heap_4.o
 .text.prvInsertBlockIntoFreeList
                0x0000000008009d28       0xb4 Middlewares/Third_Party/FreeRTOS/Source/portable/MemMang/heap_4.o
 .text.__libc_init_array
                0x0000000008009ddc       0x48 c:/st/stm32cubeide_1.4.0/stm32cubeide/plugins/com.st.stm32cube.ide.mcu.externaltools.gnu-tools-for-stm32.7-2018-q2-update.win32_1.4.0.202007081208/tools/bin/../lib/gcc/arm-none-eabi/7.3.1/../../../../arm-none-eabi/lib/thumb/v7e-m/fpv4-sp/hard\libc_nano.a(lib_a-init.o)
                0x0000000008009ddc                __libc_init_array
 .text.memcpy   0x0000000008009e24       0x16 c:/st/stm32cubeide_1.4.0/stm32cubeide/plugins/com.st.stm32cube.ide.mcu.externaltools.gnu-tools-for-stm32.7-2018-q2-update.win32_1.4.0.202007081208/tools/bin/../lib/gcc/arm-none-eabi/7.3.1/../../../../arm-none-eabi/lib/thumb/v7e-m/fpv4-sp/hard\libc_nano.a(lib_a-memcpy-stub.o)
                0x0000000008009e24                memcpy
 .text.memset   0x0000000008009e3a       0x10 c:/st/stm32cubeide_1.4.0/stm32cubeide/plugins/com.st.stm32cube.ide.mcu.externaltools.gnu-tools-for-stm32.7-2018-q2-update.win32_1.4.0.202007081208/tools/bin/../lib/gcc/arm-none-eabi/7.3.1/../../../../arm-none-eabi/lib/thumb/v7e-m/fpv4-sp/hard\libc_nano.a(lib_a-memset.o)
                0x0000000008009e3a                memset
 *(.glue_7)
 .glue_7        0x0000000008009e4a        0x0 linker stubs
 *(.glue_7t)
 .glue_7t       0x0000000008009e4a        0x0 linker stubs
 *(.eh_frame)
 *fill*         0x0000000008009e4a        0x2 
 .eh_frame      0x0000000008009e4c        0x0 c:/st/stm32cubeide_1.4.0/stm32cubeide/plugins/com.st.stm32cube.ide.mcu.externaltools.gnu-tools-for-stm32.7-2018-q2-update.win32_1.4.0.202007081208/tools/bin/../lib/gcc/arm-none-eabi/7.3.1/thumb/v7e-m/fpv4-sp/hard/crtbegin.o
 *(.init)
 .init          0x0000000008009e4c        0x4 c:/st/stm32cubeide_1.4.0/stm32cubeide/plugins/com.st.stm32cube.ide.mcu.externaltools.gnu-tools-for-stm32.7-2018-q2-update.win32_1.4.0.202007081208/tools/bin/../lib/gcc/arm-none-eabi/7.3.1/thumb/v7e-m/fpv4-sp/hard/crti.o
                0x0000000008009e4c                _init
 .init          0x0000000008009e50        0x8 c:/st/stm32cubeide_1.4.0/stm32cubeide/plugins/com.st.stm32cube.ide.mcu.externaltools.gnu-tools-for-stm32.7-2018-q2-update.win32_1.4.0.202007081208/tools/bin/../lib/gcc/arm-none-eabi/7.3.1/thumb/v7e-m/fpv4-sp/hard/crtn.o
 *(.fini)
 .fini          0x0000000008009e58        0x4 c:/st/stm32cubeide_1.4.0/stm32cubeide/plugins/com.st.stm32cube.ide.mcu.externaltools.gnu-tools-for-stm32.7-2018-q2-update.win32_1.4.0.202007081208/tools/bin/../lib/gcc/arm-none-eabi/7.3.1/thumb/v7e-m/fpv4-sp/hard/crti.o
                0x0000000008009e58                _fini
 .fini          0x0000000008009e5c        0x8 c:/st/stm32cubeide_1.4.0/stm32cubeide/plugins/com.st.stm32cube.ide.mcu.externaltools.gnu-tools-for-stm32.7-2018-q2-update.win32_1.4.0.202007081208/tools/bin/../lib/gcc/arm-none-eabi/7.3.1/thumb/v7e-m/fpv4-sp/hard/crtn.o
                0x0000000008009e64                . = ALIGN (0x4)
                0x0000000008009e64                _etext = .

.vfp11_veneer   0x0000000008009e64        0x0
 .vfp11_veneer  0x0000000008009e64        0x0 linker stubs

.v4_bx          0x0000000008009e64        0x0
 .v4_bx         0x0000000008009e64        0x0 linker stubs

.iplt           0x0000000008009e64        0x0
 .iplt          0x0000000008009e64        0x0 c:/st/stm32cubeide_1.4.0/stm32cubeide/plugins/com.st.stm32cube.ide.mcu.externaltools.gnu-tools-for-stm32.7-2018-q2-update.win32_1.4.0.202007081208/tools/bin/../lib/gcc/arm-none-eabi/7.3.1/thumb/v7e-m/fpv4-sp/hard/crtbegin.o

.rodata         0x0000000008009e64      0x164
                0x0000000008009e64                . = ALIGN (0x4)
 *(.rodata)
 .rodata        0x0000000008009e64       0x51 Core/Src/main.o
 *fill*         0x0000000008009eb5        0x3 
 .rodata        0x0000000008009eb8       0x10 FATFS/Target/sd_diskio.o
 .rodata        0x0000000008009ec8       0x44 Middlewares/Third_Party/FatFs/src/ff.o
 .rodata        0x0000000008009f0c        0x5 Middlewares/Third_Party/FreeRTOS/Source/tasks.o
 *(.rodata*)
 *fill*         0x0000000008009f11        0x3 
 .rodata.AHBPrescTable
                0x0000000008009f14       0x10 Core/Src/system_stm32f4xx.o
                0x0000000008009f14                AHBPrescTable
 .rodata.APBPrescTable
                0x0000000008009f24        0x8 Core/Src/system_stm32f4xx.o
                0x0000000008009f24                APBPrescTable
 .rodata.flagBitshiftOffset.8299
                0x0000000008009f2c        0x8 Drivers/STM32F4xx_HAL_Driver/Src/stm32f4xx_hal_dma.o
 .rodata.SD_Driver
                0x0000000008009f34       0x14 FATFS/Target/sd_diskio.o
                0x0000000008009f34                SD_Driver
 .rodata.ExCvt  0x0000000008009f48       0x80 Middlewares/Third_Party/FatFs/src/ff.o
                0x0000000008009fc8                . = ALIGN (0x4)

.ARM.extab      0x0000000008009fc8        0x0
                0x0000000008009fc8                . = ALIGN (0x4)
 *(.ARM.extab* .gnu.linkonce.armextab.*)
                0x0000000008009fc8                . = ALIGN (0x4)

.ARM            0x0000000008009fc8        0x8
                0x0000000008009fc8                . = ALIGN (0x4)
                0x0000000008009fc8                __exidx_start = .
 *(.ARM.exidx*)
 .ARM.exidx     0x0000000008009fc8        0x8 c:/st/stm32cubeide_1.4.0/stm32cubeide/plugins/com.st.stm32cube.ide.mcu.externaltools.gnu-tools-for-stm32.7-2018-q2-update.win32_1.4.0.202007081208/tools/bin/../lib/gcc/arm-none-eabi/7.3.1/thumb/v7e-m/fpv4-sp/hard\libgcc.a(_udivmoddi4.o)
                0x0000000008009fd0                __exidx_end = .
                0x0000000008009fd0                . = ALIGN (0x4)

.rel.dyn        0x0000000008009fd0        0x0
 .rel.iplt      0x0000000008009fd0        0x0 c:/st/stm32cubeide_1.4.0/stm32cubeide/plugins/com.st.stm32cube.ide.mcu.externaltools.gnu-tools-for-stm32.7-2018-q2-update.win32_1.4.0.202007081208/tools/bin/../lib/gcc/arm-none-eabi/7.3.1/thumb/v7e-m/fpv4-sp/hard/crtbegin.o

.preinit_array  0x0000000008009fd0        0x0
                0x0000000008009fd0                . = ALIGN (0x4)
                0x0000000008009fd0                PROVIDE (__preinit_array_start = .)
 *(.preinit_array*)
                0x0000000008009fd0                PROVIDE (__preinit_array_end = .)
                0x0000000008009fd0                . = ALIGN (0x4)

.init_array     0x0000000008009fd0        0x4
                0x0000000008009fd0                . = ALIGN (0x4)
                0x0000000008009fd0                PROVIDE (__init_array_start = .)
 *(SORT_BY_NAME(.init_array.*))
 *(.init_array*)
 .init_array    0x0000000008009fd0        0x4 c:/st/stm32cubeide_1.4.0/stm32cubeide/plugins/com.st.stm32cube.ide.mcu.externaltools.gnu-tools-for-stm32.7-2018-q2-update.win32_1.4.0.202007081208/tools/bin/../lib/gcc/arm-none-eabi/7.3.1/thumb/v7e-m/fpv4-sp/hard/crtbegin.o
                0x0000000008009fd4                PROVIDE (__init_array_end = .)
                0x0000000008009fd4                . = ALIGN (0x4)

.fini_array     0x0000000008009fd4        0x4
                0x0000000008009fd4                . = ALIGN (0x4)
                [!provide]                        PROVIDE (__fini_array_start = .)
 *(SORT_BY_NAME(.fini_array.*))
 *(.fini_array*)
 .fini_array    0x0000000008009fd4        0x4 c:/st/stm32cubeide_1.4.0/stm32cubeide/plugins/com.st.stm32cube.ide.mcu.externaltools.gnu-tools-for-stm32.7-2018-q2-update.win32_1.4.0.202007081208/tools/bin/../lib/gcc/arm-none-eabi/7.3.1/thumb/v7e-m/fpv4-sp/hard/crtbegin.o
                [!provide]                        PROVIDE (__fini_array_end = .)
                0x0000000008009fd8                . = ALIGN (0x4)
                0x0000000008009fd8                _sidata = LOADADDR (.data)

.data           0x0000000020000000       0x10 load address 0x0000000008009fd8
                0x0000000020000000                . = ALIGN (0x4)
                0x0000000020000000                _sdata = .
 *(.data)
 *(.data*)
 .data.SystemCoreClock
                0x0000000020000000        0x4 Core/Src/system_stm32f4xx.o
                0x0000000020000000                SystemCoreClock
 .data.uwTickPrio
                0x0000000020000004        0x4 Drivers/STM32F4xx_HAL_Driver/Src/stm32f4xx_hal.o
                0x0000000020000004                uwTickPrio
 .data.uwTickFreq
                0x0000000020000008        0x1 Drivers/STM32F4xx_HAL_Driver/Src/stm32f4xx_hal.o
                0x0000000020000008                uwTickFreq
 .data.Stat     0x0000000020000009        0x1 FATFS/Target/sd_diskio.o
 *fill*         0x000000002000000a        0x2 
 .data.uxCriticalNesting
                0x000000002000000c        0x4 Middlewares/Third_Party/FreeRTOS/Source/portable/GCC/ARM_CM4F/port.o
                0x0000000020000010                . = ALIGN (0x4)
                0x0000000020000010                _edata = .

.igot.plt       0x0000000020000010        0x0 load address 0x0000000008009fe8
 .igot.plt      0x0000000020000010        0x0 c:/st/stm32cubeide_1.4.0/stm32cubeide/plugins/com.st.stm32cube.ide.mcu.externaltools.gnu-tools-for-stm32.7-2018-q2-update.win32_1.4.0.202007081208/tools/bin/../lib/gcc/arm-none-eabi/7.3.1/thumb/v7e-m/fpv4-sp/hard/crtbegin.o
                0x0000000020000010                . = ALIGN (0x4)

.bss            0x0000000020000010     0x4d5c load address 0x0000000008009fe8
                0x0000000020000010                _sbss = .
                0x0000000020000010                __bss_start__ = _sbss
 *(.bss)
 .bss           0x0000000020000010       0x1c c:/st/stm32cubeide_1.4.0/stm32cubeide/plugins/com.st.stm32cube.ide.mcu.externaltools.gnu-tools-for-stm32.7-2018-q2-update.win32_1.4.0.202007081208/tools/bin/../lib/gcc/arm-none-eabi/7.3.1/thumb/v7e-m/fpv4-sp/hard/crtbegin.o
 *(.bss*)
 .bss.xIdleTaskTCBBuffer
                0x000000002000002c       0x54 Core/Src/freertos.o
 .bss.xIdleStack
                0x0000000020000080      0x400 Core/Src/freertos.o
 .bss.SDQueueID
                0x0000000020000480        0x4 FATFS/Target/sd_diskio.o
 .bss.FatFs     0x0000000020000484        0x4 Middlewares/Third_Party/FatFs/src/ff.o
 .bss.Fsid      0x0000000020000488        0x2 Middlewares/Third_Party/FatFs/src/ff.o
 *fill*         0x000000002000048a        0x2 
 .bss.Files     0x000000002000048c       0x20 Middlewares/Third_Party/FatFs/src/ff.o
 .bss.disk      0x00000000200004ac        0xc Middlewares/Third_Party/FatFs/src/ff_gen_drv.o
                0x00000000200004ac                disk
 .bss.pxCurrentTCB
                0x00000000200004b8        0x4 Middlewares/Third_Party/FreeRTOS/Source/tasks.o
                0x00000000200004b8                pxCurrentTCB
 .bss.pxReadyTasksLists
                0x00000000200004bc       0x8c Middlewares/Third_Party/FreeRTOS/Source/tasks.o
 .bss.xDelayedTaskList1
                0x0000000020000548       0x14 Middlewares/Third_Party/FreeRTOS/Source/tasks.o
 .bss.xDelayedTaskList2
                0x000000002000055c       0x14 Middlewares/Third_Party/FreeRTOS/Source/tasks.o
 .bss.pxDelayedTaskList
                0x0000000020000570        0x4 Middlewares/Third_Party/FreeRTOS/Source/tasks.o
 .bss.pxOverflowDelayedTaskList
                0x0000000020000574        0x4 Middlewares/Third_Party/FreeRTOS/Source/tasks.o
 .bss.xPendingReadyList
                0x0000000020000578       0x14 Middlewares/Third_Party/FreeRTOS/Source/tasks.o
 .bss.xTasksWaitingTermination
                0x000000002000058c       0x14 Middlewares/Third_Party/FreeRTOS/Source/tasks.o
 .bss.uxDeletedTasksWaitingCleanUp
                0x00000000200005a0        0x4 Middlewares/Third_Party/FreeRTOS/Source/tasks.o
 .bss.xSuspendedTaskList
                0x00000000200005a4       0x14 Middlewares/Third_Party/FreeRTOS/Source/tasks.o
 .bss.uxCurrentNumberOfTasks
                0x00000000200005b8        0x4 Middlewares/Third_Party/FreeRTOS/Source/tasks.o
 .bss.xTickCount
                0x00000000200005bc        0x4 Middlewares/Third_Party/FreeRTOS/Source/tasks.o
 .bss.uxTopReadyPriority
                0x00000000200005c0        0x4 Middlewares/Third_Party/FreeRTOS/Source/tasks.o
 .bss.xSchedulerRunning
                0x00000000200005c4        0x4 Middlewares/Third_Party/FreeRTOS/Source/tasks.o
 .bss.uxPendedTicks
                0x00000000200005c8        0x4 Middlewares/Third_Party/FreeRTOS/Source/tasks.o
 .bss.xYieldPending
                0x00000000200005cc        0x4 Middlewares/Third_Party/FreeRTOS/Source/tasks.o
 .bss.xNumOfOverflows
                0x00000000200005d0        0x4 Middlewares/Third_Party/FreeRTOS/Source/tasks.o
 .bss.uxTaskNumber
                0x00000000200005d4        0x4 Middlewares/Third_Party/FreeRTOS/Source/tasks.o
 .bss.xNextTaskUnblockTime
                0x00000000200005d8        0x4 Middlewares/Third_Party/FreeRTOS/Source/tasks.o
 .bss.xIdleTaskHandle
                0x00000000200005dc        0x4 Middlewares/Third_Party/FreeRTOS/Source/tasks.o
 .bss.uxSchedulerSuspended
                0x00000000200005e0        0x4 Middlewares/Third_Party/FreeRTOS/Source/tasks.o
 .bss.ucMaxSysCallPriority
                0x00000000200005e4        0x1 Middlewares/Third_Party/FreeRTOS/Source/portable/GCC/ARM_CM4F/port.o
 *fill*         0x00000000200005e5        0x3 
 .bss.ulMaxPRIGROUPValue
                0x00000000200005e8        0x4 Middlewares/Third_Party/FreeRTOS/Source/portable/GCC/ARM_CM4F/port.o
 .bss.ucHeap    0x00000000200005ec     0x3c00 Middlewares/Third_Party/FreeRTOS/Source/portable/MemMang/heap_4.o
 .bss.xStart    0x00000000200041ec        0x8 Middlewares/Third_Party/FreeRTOS/Source/portable/MemMang/heap_4.o
 .bss.pxEnd     0x00000000200041f4        0x4 Middlewares/Third_Party/FreeRTOS/Source/portable/MemMang/heap_4.o
 .bss.xFreeBytesRemaining
                0x00000000200041f8        0x4 Middlewares/Third_Party/FreeRTOS/Source/portable/MemMang/heap_4.o
 .bss.xMinimumEverFreeBytesRemaining
                0x00000000200041fc        0x4 Middlewares/Third_Party/FreeRTOS/Source/portable/MemMang/heap_4.o
 .bss.xBlockAllocatedBit
                0x0000000020004200        0x4 Middlewares/Third_Party/FreeRTOS/Source/portable/MemMang/heap_4.o
 *(COMMON)
 COMMON         0x0000000020004204      0x678 Core/Src/main.o
                0x0000000020004204                hdma_sdio_rx
                0x0000000020004264                defaultTaskHandle
                0x0000000020004268                fs
                0x000000002000449c                SDbuffer
                0x0000000020004564                hdma_sdio_tx
                0x00000000200045c4                hsd
                0x0000000020004648                fresult
                0x000000002000464c                fil
 COMMON         0x000000002000487c       0x40 Core/Src/stm32f4xx_hal_timebase_tim.o
                0x000000002000487c                htim1
 COMMON         0x00000000200048bc        0x4 Drivers/STM32F4xx_HAL_Driver/Src/stm32f4xx_hal.o
                0x00000000200048bc                uwTick
 COMMON         0x00000000200048c0      0x46c FATFS/App/fatfs.o
                0x00000000200048c0                retSD
                0x00000000200048c4                SDPath
                0x00000000200048c8                SDFile
                0x0000000020004af8                SDFatFS
 COMMON         0x0000000020004d2c       0x40 Middlewares/Third_Party/FreeRTOS/Source/queue.o
                0x0000000020004d2c                xQueueRegistry
                0x0000000020004d6c                . = ALIGN (0x4)
                0x0000000020004d6c                _ebss = .
                0x0000000020004d6c                __bss_end__ = _ebss

._user_heap_stack
                0x0000000020004d6c      0x604 load address 0x0000000008009fe8
                0x0000000020004d70                . = ALIGN (0x8)
 *fill*         0x0000000020004d6c        0x4 
                [!provide]                        PROVIDE (end = .)
                0x0000000020004d70                PROVIDE (_end = .)
                0x0000000020004f70                . = (. + _Min_Heap_Size)
 *fill*         0x0000000020004d70      0x200 
                0x0000000020005370                . = (. + _Min_Stack_Size)
 *fill*         0x0000000020004f70      0x400 
                0x0000000020005370                . = ALIGN (0x8)

/DISCARD/
 libc.a(*)
 libm.a(*)
 libgcc.a(*)

.ARM.attributes
                0x0000000000000000       0x30
 *(.ARM.attributes)
 .ARM.attributes
                0x0000000000000000       0x22 c:/st/stm32cubeide_1.4.0/stm32cubeide/plugins/com.st.stm32cube.ide.mcu.externaltools.gnu-tools-for-stm32.7-2018-q2-update.win32_1.4.0.202007081208/tools/bin/../lib/gcc/arm-none-eabi/7.3.1/thumb/v7e-m/fpv4-sp/hard/crti.o
 .ARM.attributes
                0x0000000000000022       0x34 c:/st/stm32cubeide_1.4.0/stm32cubeide/plugins/com.st.stm32cube.ide.mcu.externaltools.gnu-tools-for-stm32.7-2018-q2-update.win32_1.4.0.202007081208/tools/bin/../lib/gcc/arm-none-eabi/7.3.1/thumb/v7e-m/fpv4-sp/hard/crtbegin.o
 .ARM.attributes
                0x0000000000000056       0x39 Core/Src/freertos.o
 .ARM.attributes
                0x000000000000008f       0x39 Core/Src/main.o
 .ARM.attributes
                0x00000000000000c8       0x39 Core/Src/stm32f4xx_hal_msp.o
 .ARM.attributes
                0x0000000000000101       0x39 Core/Src/stm32f4xx_hal_timebase_tim.o
 .ARM.attributes
                0x000000000000013a       0x39 Core/Src/stm32f4xx_it.o
 .ARM.attributes
                0x0000000000000173       0x39 Core/Src/system_stm32f4xx.o
 .ARM.attributes
                0x00000000000001ac       0x21 Core/Startup/startup_stm32f407zgtx.o
 .ARM.attributes
                0x00000000000001cd       0x39 Drivers/STM32F4xx_HAL_Driver/Src/stm32f4xx_hal.o
 .ARM.attributes
                0x0000000000000206       0x39 Drivers/STM32F4xx_HAL_Driver/Src/stm32f4xx_hal_cortex.o
 .ARM.attributes
                0x000000000000023f       0x39 Drivers/STM32F4xx_HAL_Driver/Src/stm32f4xx_hal_dma.o
 .ARM.attributes
                0x0000000000000278       0x39 Drivers/STM32F4xx_HAL_Driver/Src/stm32f4xx_hal_gpio.o
 .ARM.attributes
                0x00000000000002b1       0x39 Drivers/STM32F4xx_HAL_Driver/Src/stm32f4xx_hal_rcc.o
 .ARM.attributes
                0x00000000000002ea       0x39 Drivers/STM32F4xx_HAL_Driver/Src/stm32f4xx_hal_sd.o
 .ARM.attributes
                0x0000000000000323       0x39 Drivers/STM32F4xx_HAL_Driver/Src/stm32f4xx_hal_tim.o
 .ARM.attributes
                0x000000000000035c       0x39 Drivers/STM32F4xx_HAL_Driver/Src/stm32f4xx_hal_tim_ex.o
 .ARM.attributes
                0x0000000000000395       0x39 Drivers/STM32F4xx_HAL_Driver/Src/stm32f4xx_ll_sdmmc.o
 .ARM.attributes
                0x00000000000003ce       0x39 FATFS/App/fatfs.o
 .ARM.attributes
                0x0000000000000407       0x39 FATFS/Target/bsp_driver_sd.o
 .ARM.attributes
                0x0000000000000440       0x39 FATFS/Target/sd_diskio.o
 .ARM.attributes
                0x0000000000000479       0x39 Middlewares/Third_Party/FatFs/src/diskio.o
 .ARM.attributes
                0x00000000000004b2       0x39 Middlewares/Third_Party/FatFs/src/ff.o
 .ARM.attributes
                0x00000000000004eb       0x39 Middlewares/Third_Party/FatFs/src/ff_gen_drv.o
 .ARM.attributes
                0x0000000000000524       0x39 Middlewares/Third_Party/FatFs/src/option/syscall.o
 .ARM.attributes
                0x000000000000055d       0x39 Middlewares/Third_Party/FreeRTOS/Source/CMSIS_RTOS/cmsis_os.o
 .ARM.attributes
                0x0000000000000596       0x39 Middlewares/Third_Party/FreeRTOS/Source/list.o
 .ARM.attributes
                0x00000000000005cf       0x39 Middlewares/Third_Party/FreeRTOS/Source/queue.o
 .ARM.attributes
                0x0000000000000608       0x39 Middlewares/Third_Party/FreeRTOS/Source/tasks.o
 .ARM.attributes
                0x0000000000000641       0x39 Middlewares/Third_Party/FreeRTOS/Source/portable/GCC/ARM_CM4F/port.o
 .ARM.attributes
                0x000000000000067a       0x39 Middlewares/Third_Party/FreeRTOS/Source/portable/MemMang/heap_4.o
 .ARM.attributes
                0x00000000000006b3       0x34 c:/st/stm32cubeide_1.4.0/stm32cubeide/plugins/com.st.stm32cube.ide.mcu.externaltools.gnu-tools-for-stm32.7-2018-q2-update.win32_1.4.0.202007081208/tools/bin/../lib/gcc/arm-none-eabi/7.3.1/../../../../arm-none-eabi/lib/thumb/v7e-m/fpv4-sp/hard\libc_nano.a(lib_a-init.o)
 .ARM.attributes
                0x00000000000006e7       0x34 c:/st/stm32cubeide_1.4.0/stm32cubeide/plugins/com.st.stm32cube.ide.mcu.externaltools.gnu-tools-for-stm32.7-2018-q2-update.win32_1.4.0.202007081208/tools/bin/../lib/gcc/arm-none-eabi/7.3.1/../../../../arm-none-eabi/lib/thumb/v7e-m/fpv4-sp/hard\libc_nano.a(lib_a-memcpy-stub.o)
 .ARM.attributes
                0x000000000000071b       0x34 c:/st/stm32cubeide_1.4.0/stm32cubeide/plugins/com.st.stm32cube.ide.mcu.externaltools.gnu-tools-for-stm32.7-2018-q2-update.win32_1.4.0.202007081208/tools/bin/../lib/gcc/arm-none-eabi/7.3.1/../../../../arm-none-eabi/lib/thumb/v7e-m/fpv4-sp/hard\libc_nano.a(lib_a-memset.o)
 .ARM.attributes
                0x000000000000074f       0x22 c:/st/stm32cubeide_1.4.0/stm32cubeide/plugins/com.st.stm32cube.ide.mcu.externaltools.gnu-tools-for-stm32.7-2018-q2-update.win32_1.4.0.202007081208/tools/bin/../lib/gcc/arm-none-eabi/7.3.1/thumb/v7e-m/fpv4-sp/hard\libgcc.a(_aeabi_uldivmod.o)
 .ARM.attributes
                0x0000000000000771       0x34 c:/st/stm32cubeide_1.4.0/stm32cubeide/plugins/com.st.stm32cube.ide.mcu.externaltools.gnu-tools-for-stm32.7-2018-q2-update.win32_1.4.0.202007081208/tools/bin/../lib/gcc/arm-none-eabi/7.3.1/thumb/v7e-m/fpv4-sp/hard\libgcc.a(_udivmoddi4.o)
 .ARM.attributes
                0x00000000000007a5       0x22 c:/st/stm32cubeide_1.4.0/stm32cubeide/plugins/com.st.stm32cube.ide.mcu.externaltools.gnu-tools-for-stm32.7-2018-q2-update.win32_1.4.0.202007081208/tools/bin/../lib/gcc/arm-none-eabi/7.3.1/thumb/v7e-m/fpv4-sp/hard\libgcc.a(_dvmd_tls.o)
 .ARM.attributes
                0x00000000000007c7       0x22 c:/st/stm32cubeide_1.4.0/stm32cubeide/plugins/com.st.stm32cube.ide.mcu.externaltools.gnu-tools-for-stm32.7-2018-q2-update.win32_1.4.0.202007081208/tools/bin/../lib/gcc/arm-none-eabi/7.3.1/thumb/v7e-m/fpv4-sp/hard/crtn.o
OUTPUT(sdio_rtos.elf elf32-littlearm)

.debug_info     0x0000000000000000    0x1a46d
 .debug_info    0x0000000000000000      0x344 Core/Src/freertos.o
 .debug_info    0x0000000000000344     0x17a7 Core/Src/main.o
 .debug_info    0x0000000000001aeb      0xcf8 Core/Src/stm32f4xx_hal_msp.o
 .debug_info    0x00000000000027e3      0xb2d Core/Src/stm32f4xx_hal_timebase_tim.o
 .debug_info    0x0000000000003310      0xa4d Core/Src/stm32f4xx_it.o
 .debug_info    0x0000000000003d5d      0x554 Core/Src/system_stm32f4xx.o
 .debug_info    0x00000000000042b1       0x22 Core/Startup/startup_stm32f407zgtx.o
 .debug_info    0x00000000000042d3      0x945 Drivers/STM32F4xx_HAL_Driver/Src/stm32f4xx_hal.o
 .debug_info    0x0000000000004c18      0xe28 Drivers/STM32F4xx_HAL_Driver/Src/stm32f4xx_hal_cortex.o
 .debug_info    0x0000000000005a40      0x968 Drivers/STM32F4xx_HAL_Driver/Src/stm32f4xx_hal_dma.o
 .debug_info    0x00000000000063a8      0x7b5 Drivers/STM32F4xx_HAL_Driver/Src/stm32f4xx_hal_gpio.o
 .debug_info    0x0000000000006b5d      0x904 Drivers/STM32F4xx_HAL_Driver/Src/stm32f4xx_hal_rcc.o
 .debug_info    0x0000000000007461     0x18b9 Drivers/STM32F4xx_HAL_Driver/Src/stm32f4xx_hal_sd.o
 .debug_info    0x0000000000008d1a     0x24a9 Drivers/STM32F4xx_HAL_Driver/Src/stm32f4xx_hal_tim.o
 .debug_info    0x000000000000b1c3     0x1157 Drivers/STM32F4xx_HAL_Driver/Src/stm32f4xx_hal_tim_ex.o
 .debug_info    0x000000000000c31a     0x10ee Drivers/STM32F4xx_HAL_Driver/Src/stm32f4xx_ll_sdmmc.o
 .debug_info    0x000000000000d408      0x5aa FATFS/App/fatfs.o
 .debug_info    0x000000000000d9b2      0xa46 FATFS/Target/bsp_driver_sd.o
 .debug_info    0x000000000000e3f8     0x10e8 FATFS/Target/sd_diskio.o
 .debug_info    0x000000000000f4e0      0x4c8 Middlewares/Third_Party/FatFs/src/diskio.o
 .debug_info    0x000000000000f9a8     0x22e3 Middlewares/Third_Party/FatFs/src/ff.o
 .debug_info    0x0000000000011c8b      0x466 Middlewares/Third_Party/FatFs/src/ff_gen_drv.o
 .debug_info    0x00000000000120f1      0x4b0 Middlewares/Third_Party/FatFs/src/option/syscall.o
 .debug_info    0x00000000000125a1     0x1e7e Middlewares/Third_Party/FreeRTOS/Source/CMSIS_RTOS/cmsis_os.o
 .debug_info    0x000000000001441f      0xacb Middlewares/Third_Party/FreeRTOS/Source/list.o
 .debug_info    0x0000000000014eea     0x1fd2 Middlewares/Third_Party/FreeRTOS/Source/queue.o
 .debug_info    0x0000000000016ebc     0x2494 Middlewares/Third_Party/FreeRTOS/Source/tasks.o
 .debug_info    0x0000000000019350      0x533 Middlewares/Third_Party/FreeRTOS/Source/portable/GCC/ARM_CM4F/port.o
 .debug_info    0x0000000000019883      0xbea Middlewares/Third_Party/FreeRTOS/Source/portable/MemMang/heap_4.o

.debug_abbrev   0x0000000000000000     0x3a84
 .debug_abbrev  0x0000000000000000      0x109 Core/Src/freertos.o
 .debug_abbrev  0x0000000000000109      0x29c Core/Src/main.o
 .debug_abbrev  0x00000000000003a5      0x195 Core/Src/stm32f4xx_hal_msp.o
 .debug_abbrev  0x000000000000053a      0x19d Core/Src/stm32f4xx_hal_timebase_tim.o
 .debug_abbrev  0x00000000000006d7      0x17a Core/Src/stm32f4xx_it.o
 .debug_abbrev  0x0000000000000851      0x12b Core/Src/system_stm32f4xx.o
 .debug_abbrev  0x000000000000097c       0x12 Core/Startup/startup_stm32f407zgtx.o
 .debug_abbrev  0x000000000000098e      0x1c7 Drivers/STM32F4xx_HAL_Driver/Src/stm32f4xx_hal.o
 .debug_abbrev  0x0000000000000b55      0x2fa Drivers/STM32F4xx_HAL_Driver/Src/stm32f4xx_hal_cortex.o
 .debug_abbrev  0x0000000000000e4f      0x229 Drivers/STM32F4xx_HAL_Driver/Src/stm32f4xx_hal_dma.o
 .debug_abbrev  0x0000000000001078      0x1c9 Drivers/STM32F4xx_HAL_Driver/Src/stm32f4xx_hal_gpio.o
 .debug_abbrev  0x0000000000001241      0x245 Drivers/STM32F4xx_HAL_Driver/Src/stm32f4xx_hal_rcc.o
 .debug_abbrev  0x0000000000001486      0x23d Drivers/STM32F4xx_HAL_Driver/Src/stm32f4xx_hal_sd.o
 .debug_abbrev  0x00000000000016c3      0x230 Drivers/STM32F4xx_HAL_Driver/Src/stm32f4xx_hal_tim.o
 .debug_abbrev  0x00000000000018f3      0x21e Drivers/STM32F4xx_HAL_Driver/Src/stm32f4xx_hal_tim_ex.o
 .debug_abbrev  0x0000000000001b11      0x1c4 Drivers/STM32F4xx_HAL_Driver/Src/stm32f4xx_ll_sdmmc.o
 .debug_abbrev  0x0000000000001cd5      0x14e FATFS/App/fatfs.o
 .debug_abbrev  0x0000000000001e23      0x26e FATFS/Target/bsp_driver_sd.o
 .debug_abbrev  0x0000000000002091      0x2ca FATFS/Target/sd_diskio.o
 .debug_abbrev  0x000000000000235b      0x16f Middlewares/Third_Party/FatFs/src/diskio.o
 .debug_abbrev  0x00000000000024ca      0x23c Middlewares/Third_Party/FatFs/src/ff.o
 .debug_abbrev  0x0000000000002706      0x19c Middlewares/Third_Party/FatFs/src/ff_gen_drv.o
 .debug_abbrev  0x00000000000028a2      0x17e Middlewares/Third_Party/FatFs/src/option/syscall.o
 .debug_abbrev  0x0000000000002a20      0x379 Middlewares/Third_Party/FreeRTOS/Source/CMSIS_RTOS/cmsis_os.o
 .debug_abbrev  0x0000000000002d99      0x1cf Middlewares/Third_Party/FreeRTOS/Source/list.o
 .debug_abbrev  0x0000000000002f68      0x336 Middlewares/Third_Party/FreeRTOS/Source/queue.o
 .debug_abbrev  0x000000000000329e      0x338 Middlewares/Third_Party/FreeRTOS/Source/tasks.o
 .debug_abbrev  0x00000000000035d6      0x210 Middlewares/Third_Party/FreeRTOS/Source/portable/GCC/ARM_CM4F/port.o
 .debug_abbrev  0x00000000000037e6      0x29e Middlewares/Third_Party/FreeRTOS/Source/portable/MemMang/heap_4.o

.debug_aranges  0x0000000000000000     0x1678
 .debug_aranges
                0x0000000000000000       0x20 Core/Src/freertos.o
 .debug_aranges
                0x0000000000000020       0x58 Core/Src/main.o
 .debug_aranges
                0x0000000000000078       0x30 Core/Src/stm32f4xx_hal_msp.o
 .debug_aranges
                0x00000000000000a8       0x30 Core/Src/stm32f4xx_hal_timebase_tim.o
 .debug_aranges
                0x00000000000000d8       0x68 Core/Src/stm32f4xx_it.o
 .debug_aranges
                0x0000000000000140       0x28 Core/Src/system_stm32f4xx.o
 .debug_aranges
                0x0000000000000168       0x28 Core/Startup/startup_stm32f407zgtx.o
 .debug_aranges
                0x0000000000000190       0xf0 Drivers/STM32F4xx_HAL_Driver/Src/stm32f4xx_hal.o
 .debug_aranges
                0x0000000000000280      0x118 Drivers/STM32F4xx_HAL_Driver/Src/stm32f4xx_hal_cortex.o
 .debug_aranges
                0x0000000000000398       0x90 Drivers/STM32F4xx_HAL_Driver/Src/stm32f4xx_hal_dma.o
 .debug_aranges
                0x0000000000000428       0x58 Drivers/STM32F4xx_HAL_Driver/Src/stm32f4xx_hal_gpio.o
 .debug_aranges
                0x0000000000000480       0x88 Drivers/STM32F4xx_HAL_Driver/Src/stm32f4xx_hal_rcc.o
 .debug_aranges
                0x0000000000000508      0x168 Drivers/STM32F4xx_HAL_Driver/Src/stm32f4xx_hal_sd.o
 .debug_aranges
                0x0000000000000670      0x3a8 Drivers/STM32F4xx_HAL_Driver/Src/stm32f4xx_hal_tim.o
 .debug_aranges
                0x0000000000000a18      0x150 Drivers/STM32F4xx_HAL_Driver/Src/stm32f4xx_hal_tim_ex.o
 .debug_aranges
                0x0000000000000b68      0x178 Drivers/STM32F4xx_HAL_Driver/Src/stm32f4xx_ll_sdmmc.o
 .debug_aranges
                0x0000000000000ce0       0x28 FATFS/App/fatfs.o
 .debug_aranges
                0x0000000000000d08       0xa0 FATFS/Target/bsp_driver_sd.o
 .debug_aranges
                0x0000000000000da8       0x60 FATFS/Target/sd_diskio.o
 .debug_aranges
                0x0000000000000e08       0x48 Middlewares/Third_Party/FatFs/src/diskio.o
 .debug_aranges
                0x0000000000000e50      0x218 Middlewares/Third_Party/FatFs/src/ff.o
 .debug_aranges
                0x0000000000001068       0x40 Middlewares/Third_Party/FatFs/src/ff_gen_drv.o
 .debug_aranges
                0x00000000000010a8       0x38 Middlewares/Third_Party/FatFs/src/option/syscall.o
 .debug_aranges
                0x00000000000010e0      0x1d8 Middlewares/Third_Party/FreeRTOS/Source/CMSIS_RTOS/cmsis_os.o
 .debug_aranges
                0x00000000000012b8       0x40 Middlewares/Third_Party/FreeRTOS/Source/list.o
 .debug_aranges
                0x00000000000012f8      0x108 Middlewares/Third_Party/FreeRTOS/Source/queue.o
 .debug_aranges
                0x0000000000001400      0x1a8 Middlewares/Third_Party/FreeRTOS/Source/tasks.o
 .debug_aranges
                0x00000000000015a8       0x80 Middlewares/Third_Party/FreeRTOS/Source/portable/GCC/ARM_CM4F/port.o
 .debug_aranges
                0x0000000000001628       0x50 Middlewares/Third_Party/FreeRTOS/Source/portable/MemMang/heap_4.o

.debug_ranges   0x0000000000000000     0x14b0
 .debug_ranges  0x0000000000000000       0x10 Core/Src/freertos.o
 .debug_ranges  0x0000000000000010       0x48 Core/Src/main.o
 .debug_ranges  0x0000000000000058       0x20 Core/Src/stm32f4xx_hal_msp.o
 .debug_ranges  0x0000000000000078       0x20 Core/Src/stm32f4xx_hal_timebase_tim.o
 .debug_ranges  0x0000000000000098       0x58 Core/Src/stm32f4xx_it.o
 .debug_ranges  0x00000000000000f0       0x18 Core/Src/system_stm32f4xx.o
 .debug_ranges  0x0000000000000108       0x20 Core/Startup/startup_stm32f407zgtx.o
 .debug_ranges  0x0000000000000128       0xe0 Drivers/STM32F4xx_HAL_Driver/Src/stm32f4xx_hal.o
 .debug_ranges  0x0000000000000208      0x108 Drivers/STM32F4xx_HAL_Driver/Src/stm32f4xx_hal_cortex.o
 .debug_ranges  0x0000000000000310       0x80 Drivers/STM32F4xx_HAL_Driver/Src/stm32f4xx_hal_dma.o
 .debug_ranges  0x0000000000000390       0x48 Drivers/STM32F4xx_HAL_Driver/Src/stm32f4xx_hal_gpio.o
 .debug_ranges  0x00000000000003d8       0x78 Drivers/STM32F4xx_HAL_Driver/Src/stm32f4xx_hal_rcc.o
 .debug_ranges  0x0000000000000450      0x158 Drivers/STM32F4xx_HAL_Driver/Src/stm32f4xx_hal_sd.o
 .debug_ranges  0x00000000000005a8      0x398 Drivers/STM32F4xx_HAL_Driver/Src/stm32f4xx_hal_tim.o
 .debug_ranges  0x0000000000000940      0x140 Drivers/STM32F4xx_HAL_Driver/Src/stm32f4xx_hal_tim_ex.o
 .debug_ranges  0x0000000000000a80      0x168 Drivers/STM32F4xx_HAL_Driver/Src/stm32f4xx_ll_sdmmc.o
 .debug_ranges  0x0000000000000be8       0x18 FATFS/App/fatfs.o
 .debug_ranges  0x0000000000000c00       0x90 FATFS/Target/bsp_driver_sd.o
 .debug_ranges  0x0000000000000c90       0x50 FATFS/Target/sd_diskio.o
 .debug_ranges  0x0000000000000ce0       0x38 Middlewares/Third_Party/FatFs/src/diskio.o
 .debug_ranges  0x0000000000000d18      0x208 Middlewares/Third_Party/FatFs/src/ff.o
 .debug_ranges  0x0000000000000f20       0x30 Middlewares/Third_Party/FatFs/src/ff_gen_drv.o
 .debug_ranges  0x0000000000000f50       0x28 Middlewares/Third_Party/FatFs/src/option/syscall.o
 .debug_ranges  0x0000000000000f78      0x1c8 Middlewares/Third_Party/FreeRTOS/Source/CMSIS_RTOS/cmsis_os.o
 .debug_ranges  0x0000000000001140       0x30 Middlewares/Third_Party/FreeRTOS/Source/list.o
 .debug_ranges  0x0000000000001170       0xf8 Middlewares/Third_Party/FreeRTOS/Source/queue.o
 .debug_ranges  0x0000000000001268      0x198 Middlewares/Third_Party/FreeRTOS/Source/tasks.o
 .debug_ranges  0x0000000000001400       0x70 Middlewares/Third_Party/FreeRTOS/Source/portable/GCC/ARM_CM4F/port.o
 .debug_ranges  0x0000000000001470       0x40 Middlewares/Third_Party/FreeRTOS/Source/portable/MemMang/heap_4.o

.debug_macro    0x0000000000000000    0x2496b
 .debug_macro   0x0000000000000000      0x24f Core/Src/freertos.o
 .debug_macro   0x000000000000024f      0xa5a Core/Src/freertos.o
 .debug_macro   0x0000000000000ca9      0x174 Core/Src/freertos.o
 .debug_macro   0x0000000000000e1d       0x22 Core/Src/freertos.o
 .debug_macro   0x0000000000000e3f       0x8e Core/Src/freertos.o
 .debug_macro   0x0000000000000ecd       0x51 Core/Src/freertos.o
 .debug_macro   0x0000000000000f1e       0xef Core/Src/freertos.o
 .debug_macro   0x000000000000100d       0x6a Core/Src/freertos.o
 .debug_macro   0x0000000000001077      0x1df Core/Src/freertos.o
 .debug_macro   0x0000000000001256       0xea Core/Src/freertos.o
 .debug_macro   0x0000000000001340      0x15a Core/Src/freertos.o
 .debug_macro   0x000000000000149a       0xde Core/Src/freertos.o
 .debug_macro   0x0000000000001578       0x1c Core/Src/freertos.o
 .debug_macro   0x0000000000001594       0x26 Core/Src/freertos.o
 .debug_macro   0x00000000000015ba      0x4e8 Core/Src/freertos.o
 .debug_macro   0x0000000000001aa2       0xb5 Core/Src/freertos.o
 .debug_macro   0x0000000000001b57       0xaa Core/Src/freertos.o
 .debug_macro   0x0000000000001c01      0x294 Core/Src/freertos.o
 .debug_macro   0x0000000000001e95       0x2e Core/Src/freertos.o
 .debug_macro   0x0000000000001ec3       0x2f Core/Src/freertos.o
 .debug_macro   0x0000000000001ef2       0x1c Core/Src/freertos.o
 .debug_macro   0x0000000000001f0e       0x22 Core/Src/freertos.o
 .debug_macro   0x0000000000001f30       0xdf Core/Src/freertos.o
 .debug_macro   0x000000000000200f     0x102d Core/Src/freertos.o
 .debug_macro   0x000000000000303c      0x11f Core/Src/freertos.o
 .debug_macro   0x000000000000315b    0x15e3c Core/Src/freertos.o
 .debug_macro   0x0000000000018f97       0x43 Core/Src/freertos.o
 .debug_macro   0x0000000000018fda     0x3659 Core/Src/freertos.o
 .debug_macro   0x000000000001c633       0x5a Core/Src/freertos.o
 .debug_macro   0x000000000001c68d      0x96b Core/Src/freertos.o
 .debug_macro   0x000000000001cff8      0x9fe Core/Src/freertos.o
 .debug_macro   0x000000000001d9f6      0x117 Core/Src/freertos.o
 .debug_macro   0x000000000001db0d      0x13e Core/Src/freertos.o
 .debug_macro   0x000000000001dc4b       0x27 Core/Src/freertos.o
 .debug_macro   0x000000000001dc72      0x174 Core/Src/freertos.o
 .debug_macro   0x000000000001dde6      0x287 Core/Src/freertos.o
 .debug_macro   0x000000000001e06d       0x5f Core/Src/freertos.o
 .debug_macro   0x000000000001e0cc      0x236 Core/Src/freertos.o
 .debug_macro   0x000000000001e302      0x12c Core/Src/freertos.o
 .debug_macro   0x000000000001e42e      0x21e Core/Src/freertos.o
 .debug_macro   0x000000000001e64c       0x2e Core/Src/freertos.o
 .debug_macro   0x000000000001e67a      0x11a Core/Src/freertos.o
 .debug_macro   0x000000000001e794       0x7e Core/Src/freertos.o
 .debug_macro   0x000000000001e812       0x89 Core/Src/freertos.o
 .debug_macro   0x000000000001e89b      0x861 Core/Src/freertos.o
 .debug_macro   0x000000000001f0fc      0x1d5 Core/Src/freertos.o