Archive member included to satisfy reference by file (symbol)

c:/st/stm32cubeide_1.4.0/stm32cubeide/plugins/com.st.stm32cube.ide.mcu.externaltools.gnu-tools-for-stm32.7-2018-q2-update.win32_1.4.0.202007081208/tools/bin/../lib/gcc/arm-none-eabi/7.3.1/../../../../arm-none-eabi/lib/thumb/v7e-m/fpv4-sp/hard\libc_nano.a(lib_a-atoi.o)
                              Core/Src/command.o (atoi)
c:/st/stm32cubeide_1.4.0/stm32cubeide/plugins/com.st.stm32cube.ide.mcu.externaltools.gnu-tools-for-stm32.7-2018-q2-update.win32_1.4.0.202007081208/tools/bin/../lib/gcc/arm-none-eabi/7.3.1/../../../../arm-none-eabi/lib/thumb/v7e-m/fpv4-sp/hard\libc_nano.a(lib_a-calloc.o)
                              Core/Src/command.o (calloc)
c:/st/stm32cubeide_1.4.0/stm32cubeide/plugins/com.st.stm32cube.ide.mcu.externaltools.gnu-tools-for-stm32.7-2018-q2-update.win32_1.4.0.202007081208/tools/bin/../lib/gcc/arm-none-eabi/7.3.1/../../../../arm-none-eabi/lib/thumb/v7e-m/fpv4-sp/hard\libc_nano.a(lib_a-errno.o)
                              Core/Src/syscalls.o (__errno)
c:/st/stm32cubeide_1.4.0/stm32cubeide/plugins/com.st.stm32cube.ide.mcu.externaltools.gnu-tools-for-stm32.7-2018-q2-update.win32_1.4.0.202007081208/tools/bin/../lib/gcc/arm-none-eabi/7.3.1/../../../../arm-none-eabi/lib/thumb/v7e-m/fpv4-sp/hard\libc_nano.a(lib_a-exit.o)
                              c:/st/stm32cubeide_1.4.0/stm32cubeide/plugins/com.st.stm32cube.ide.mcu.externaltools.gnu-tools-for-stm32.7-2018-q2-update.win32_1.4.0.202007081208/tools/bin/../lib/gcc/arm-none-eabi/7.3.1/../../../../arm-none-eabi/lib/thumb/v7e-m/fpv4-sp/hard/crt0.o (exit)
c:/st/stm32cubeide_1.4.0/stm32cubeide/plugins/com.st.stm32cube.ide.mcu.externaltools.gnu-tools-for-stm32.7-2018-q2-update.win32_1.4.0.202007081208/tools/bin/../lib/gcc/arm-none-eabi/7.3.1/../../../../arm-none-eabi/lib/thumb/v7e-m/fpv4-sp/hard\libc_nano.a(lib_a-impure.o)
                              c:/st/stm32cubeide_1.4.0/stm32cubeide/plugins/com.st.stm32cube.ide.mcu.externaltools.gnu-tools-for-stm32.7-2018-q2-update.win32_1.4.0.202007081208/tools/bin/../lib/gcc/arm-none-eabi/7.3.1/../../../../arm-none-eabi/lib/thumb/v7e-m/fpv4-sp/hard\libc_nano.a(lib_a-exit.o) (_global_impure_ptr)
c:/st/stm32cubeide_1.4.0/stm32cubeide/plugins/com.st.stm32cube.ide.mcu.externaltools.gnu-tools-for-stm32.7-2018-q2-update.win32_1.4.0.202007081208/tools/bin/../lib/gcc/arm-none-eabi/7.3.1/../../../../arm-none-eabi/lib/thumb/v7e-m/fpv4-sp/hard\libc_nano.a(lib_a-init.o)
                              c:/st/stm32cubeide_1.4.0/stm32cubeide/plugins/com.st.stm32cube.ide.mcu.externaltools.gnu-tools-for-stm32.7-2018-q2-update.win32_1.4.0.202007081208/tools/bin/../lib/gcc/arm-none-eabi/7.3.1/../../../../arm-none-eabi/lib/thumb/v7e-m/fpv4-sp/hard/crt0.o (__libc_init_array)
c:/st/stm32cubeide_1.4.0/stm32cubeide/plugins/com.st.stm32cube.ide.mcu.externaltools.gnu-tools-for-stm32.7-2018-q2-update.win32_1.4.0.202007081208/tools/bin/../lib/gcc/arm-none-eabi/7.3.1/../../../../arm-none-eabi/lib/thumb/v7e-m/fpv4-sp/hard\libc_nano.a(lib_a-memcpy-stub.o)
                              Middlewares/Third_Party/FreeRTOS/Source/queue.o (memcpy)
c:/st/stm32cubeide_1.4.0/stm32cubeide/plugins/com.st.stm32cube.ide.mcu.externaltools.gnu-tools-for-stm32.7-2018-q2-update.win32_1.4.0.202007081208/tools/bin/../lib/gcc/arm-none-eabi/7.3.1/../../../../arm-none-eabi/lib/thumb/v7e-m/fpv4-sp/hard\libc_nano.a(lib_a-memset.o)
                              c:/st/stm32cubeide_1.4.0/stm32cubeide/plugins/com.st.stm32cube.ide.mcu.externaltools.gnu-tools-for-stm32.7-2018-q2-update.win32_1.4.0.202007081208/tools/bin/../lib/gcc/arm-none-eabi/7.3.1/../../../../arm-none-eabi/lib/thumb/v7e-m/fpv4-sp/hard/crt0.o (memset)
c:/st/stm32cubeide_1.4.0/stm32cubeide/plugins/com.st.stm32cube.ide.mcu.externaltools.gnu-tools-for-stm32.7-2018-q2-update.win32_1.4.0.202007081208/tools/bin/../lib/gcc/arm-none-eabi/7.3.1/../../../../arm-none-eabi/lib/thumb/v7e-m/fpv4-sp/hard\libc_nano.a(lib_a-nano-callocr.o)
                              c:/st/stm32cubeide_1.4.0/stm32cubeide/plugins/com.st.stm32cube.ide.mcu.externaltools.gnu-tools-for-stm32.7-2018-q2-update.win32_1.4.0.202007081208/tools/bin/../lib/gcc/arm-none-eabi/7.3.1/../../../../arm-none-eabi/lib/thumb/v7e-m/fpv4-sp/hard\libc_nano.a(lib_a-calloc.o) (_calloc_r)
c:/st/stm32cubeide_1.4.0/stm32cubeide/plugins/com.st.stm32cube.ide.mcu.externaltools.gnu-tools-for-stm32.7-2018-q2-update.win32_1.4.0.202007081208/tools/bin/../lib/gcc/arm-none-eabi/7.3.1/../../../../arm-none-eabi/lib/thumb/v7e-m/fpv4-sp/hard\libc_nano.a(lib_a-nano-mallocr.o)
                              c:/st/stm32cubeide_1.4.0/stm32cubeide/plugins/com.st.stm32cube.ide.mcu.externaltools.gnu-tools-for-stm32.7-2018-q2-update.win32_1.4.0.202007081208/tools/bin/../lib/gcc/arm-none-eabi/7.3.1/../../../../arm-none-eabi/lib/thumb/v7e-m/fpv4-sp/hard\libc_nano.a(lib_a-nano-callocr.o) (_malloc_r)
[...]
Memory Configuration

Name             Origin             Length             Attributes
CCMRAM           0x0000000010000000 0x0000000000010000 xrw
RAM              0x0000000020000000 0x0000000000020000 xrw
FLASH            0x0000000008000000 0x0000000000100000 xr
*default*        0x0000000000000000 0xffffffffffffffff

Linker script and memory map

LOAD c:/st/stm32cubeide_1.4.0/stm32cubeide/plugins/com.st.stm32cube.ide.mcu.externaltools.gnu-tools-for-stm32.7-2018-q2-update.win32_1.4.0.202007081208/tools/bin/../lib/gcc/arm-none-eabi/7.3.1/thumb/v7e-m/fpv4-sp/hard/crti.o
LOAD c:/st/stm32cubeide_1.4.0/stm32cubeide/plugins/com.st.stm32cube.ide.mcu.externaltools.gnu-tools-for-stm32.7-2018-q2-update.win32_1.4.0.202007081208/tools/bin/../lib/gcc/arm-none-eabi/7.3.1/thumb/v7e-m/fpv4-sp/hard/crtbegin.o
LOAD c:/st/stm32cubeide_1.4.0/stm32cubeide/plugins/com.st.stm32cube.ide.mcu.externaltools.gnu-tools-for-stm32.7-2018-q2-update.win32_1.4.0.202007081208/tools/bin/../lib/gcc/arm-none-eabi/7.3.1/../../../../arm-none-eabi/lib/thumb/v7e-m/fpv4-sp/hard/crt0.o
LOAD Core/Src/cmdline.o
LOAD Core/Src/command.o
LOAD Core/Src/fatfs_sd.o
LOAD Core/Src/freertos.o
LOAD Core/Src/main.o
LOAD Core/Src/modbus_mqtt_bride.o
LOAD Core/Src/sdcard.o
LOAD Core/Src/stm32f4xx_hal_msp.o
LOAD Core/Src/stm32f4xx_hal_timebase_tim.o
LOAD Core/Src/stm32f4xx_it.o
LOAD Core/Src/syscalls.o
LOAD Core/Src/sysmem.o
LOAD Core/Src/system_stm32f4xx.o
LOAD Core/Startup/startup_stm32f407vgtx.o
LOAD Drivers/STM32F4xx_HAL_Driver/Src/stm32f4xx_hal.o
LOAD Drivers/STM32F4xx_HAL_Driver/Src/stm32f4xx_hal_cortex.o
LOAD Drivers/STM32F4xx_HAL_Driver/Src/stm32f4xx_hal_dma.o
LOAD Drivers/STM32F4xx_HAL_Driver/Src/stm32f4xx_hal_dma_ex.o
LOAD Drivers/STM32F4xx_HAL_Driver/Src/stm32f4xx_hal_exti.o
LOAD Drivers/STM32F4xx_HAL_Driver/Src/stm32f4xx_hal_flash.o
LOAD Drivers/STM32F4xx_HAL_Driver/Src/stm32f4xx_hal_flash_ex.o
LOAD Drivers/STM32F4xx_HAL_Driver/Src/stm32f4xx_hal_flash_ramfunc.o
LOAD Drivers/STM32F4xx_HAL_Driver/Src/stm32f4xx_hal_gpio.o
LOAD Drivers/STM32F4xx_HAL_Driver/Src/stm32f4xx_hal_pwr.o
LOAD Drivers/STM32F4xx_HAL_Driver/Src/stm32f4xx_hal_pwr_ex.o
LOAD Drivers/STM32F4xx_HAL_Driver/Src/stm32f4xx_hal_rcc.o
LOAD Drivers/STM32F4xx_HAL_Driver/Src/stm32f4xx_hal_rcc_ex.o
LOAD Drivers/STM32F4xx_HAL_Driver/Src/stm32f4xx_hal_spi.o
LOAD Drivers/STM32F4xx_HAL_Driver/Src/stm32f4xx_hal_tim.o
LOAD Drivers/STM32F4xx_HAL_Driver/Src/stm32f4xx_hal_tim_ex.o
LOAD Drivers/STM32F4xx_HAL_Driver/Src/stm32f4xx_hal_uart.o
LOAD FATFS/App/fatfs.o
LOAD FATFS/Target/user_diskio.o
LOAD Middlewares/Third_Party/FatFs/src/diskio.o
LOAD Middlewares/Third_Party/FatFs/src/ff.o
LOAD Middlewares/Third_Party/FatFs/src/ff_gen_drv.o
LOAD Middlewares/Third_Party/FatFs/src/option/syscall.o
LOAD Middlewares/Third_Party/FreeRTOS/Source/CMSIS_RTOS/cmsis_os.o
LOAD Middlewares/Third_Party/FreeRTOS/Source/croutine.o
LOAD Middlewares/Third_Party/FreeRTOS/Source/event_groups.o
LOAD Middlewares/Third_Party/FreeRTOS/Source/list.o
LOAD Middlewares/Third_Party/FreeRTOS/Source/queue.o
LOAD Middlewares/Third_Party/FreeRTOS/Source/stream_buffer.o
LOAD Middlewares/Third_Party/FreeRTOS/Source/tasks.o
LOAD Middlewares/Third_Party/FreeRTOS/Source/timers.o
LOAD Middlewares/Third_Party/FreeRTOS/Source/portable/GCC/ARM_CM4F/port.o
LOAD Middlewares/Third_Party/FreeRTOS/Source/portable/MemMang/heap_4.o
START GROUP
LOAD c:/st/stm32cubeide_1.4.0/stm32cubeide/plugins/com.st.stm32cube.ide.mcu.externaltools.gnu-tools-for-stm32.7-2018-q2-update.win32_1.4.0.202007081208/tools/bin/../lib/gcc/arm-none-eabi/7.3.1/../../../../arm-none-eabi/lib/thumb/v7e-m/fpv4-sp/hard\libc_nano.a
LOAD c:/st/stm32cubeide_1.4.0/stm32cubeide/plugins/com.st.stm32cube.ide.mcu.externaltools.gnu-tools-for-stm32.7-2018-q2-update.win32_1.4.0.202007081208/tools/bin/../lib/gcc/arm-none-eabi/7.3.1/../../../../arm-none-eabi/lib/thumb/v7e-m/fpv4-sp/hard\libm.a
END GROUP
START GROUP
LOAD c:/st/stm32cubeide_1.4.0/stm32cubeide/plugins/com.st.stm32cube.ide.mcu.externaltools.gnu-tools-for-stm32.7-2018-q2-update.win32_1.4.0.202007081208/tools/bin/../lib/gcc/arm-none-eabi/7.3.1/thumb/v7e-m/fpv4-sp/hard\libgcc.a
LOAD c:/st/stm32cubeide_1.4.0/stm32cubeide/plugins/com.st.stm32cube.ide.mcu.externaltools.gnu-tools-for-stm32.7-2018-q2-update.win32_1.4.0.202007081208/tools/bin/../lib/gcc/arm-none-eabi/7.3.1/../../../../arm-none-eabi/lib/thumb/v7e-m/fpv4-sp/hard\libc_nano.a
END GROUP
START GROUP
LOAD c:/st/stm32cubeide_1.4.0/stm32cubeide/plugins/com.st.stm32cube.ide.mcu.externaltools.gnu-tools-for-stm32.7-2018-q2-update.win32_1.4.0.202007081208/tools/bin/../lib/gcc/arm-none-eabi/7.3.1/thumb/v7e-m/fpv4-sp/hard\libgcc.a
LOAD c:/st/stm32cubeide_1.4.0/stm32cubeide/plugins/com.st.stm32cube.ide.mcu.externaltools.gnu-tools-for-stm32.7-2018-q2-update.win32_1.4.0.202007081208/tools/bin/../lib/gcc/arm-none-eabi/7.3.1/../../../../arm-none-eabi/lib/thumb/v7e-m/fpv4-sp/hard\libc_nano.a
LOAD c:/st/stm32cubeide_1.4.0/stm32cubeide/plugins/com.st.stm32cube.ide.mcu.externaltools.gnu-tools-for-stm32.7-2018-q2-update.win32_1.4.0.202007081208/tools/bin/../lib/gcc/arm-none-eabi/7.3.1/../../../../arm-none-eabi/lib/thumb/v7e-m/fpv4-sp/hard\libnosys.a
END GROUP
START GROUP
LOAD c:/st/stm32cubeide_1.4.0/stm32cubeide/plugins/com.st.stm32cube.ide.mcu.externaltools.gnu-tools-for-stm32.7-2018-q2-update.win32_1.4.0.202007081208/tools/bin/../lib/gcc/arm-none-eabi/7.3.1/thumb/v7e-m/fpv4-sp/hard\libgcc.a
LOAD c:/st/stm32cubeide_1.4.0/stm32cubeide/plugins/com.st.stm32cube.ide.mcu.externaltools.gnu-tools-for-stm32.7-2018-q2-update.win32_1.4.0.202007081208/tools/bin/../lib/gcc/arm-none-eabi/7.3.1/../../../../arm-none-eabi/lib/thumb/v7e-m/fpv4-sp/hard\libc_nano.a
LOAD c:/st/stm32cubeide_1.4.0/stm32cubeide/plugins/com.st.stm32cube.ide.mcu.externaltools.gnu-tools-for-stm32.7-2018-q2-update.win32_1.4.0.202007081208/tools/bin/../lib/gcc/arm-none-eabi/7.3.1/../../../../arm-none-eabi/lib/thumb/v7e-m/fpv4-sp/hard\libnosys.a
END GROUP
LOAD c:/st/stm32cubeide_1.4.0/stm32cubeide/plugins/com.st.stm32cube.ide.mcu.externaltools.gnu-tools-for-stm32.7-2018-q2-update.win32_1.4.0.202007081208/tools/bin/../lib/gcc/arm-none-eabi/7.3.1/thumb/v7e-m/fpv4-sp/hard/crtend.o
LOAD c:/st/stm32cubeide_1.4.0/stm32cubeide/plugins/com.st.stm32cube.ide.mcu.externaltools.gnu-tools-for-stm32.7-2018-q2-update.win32_1.4.0.202007081208/tools/bin/../lib/gcc/arm-none-eabi/7.3.1/thumb/v7e-m/fpv4-sp/hard/crtn.o
                0x0000000020020000                _estack = (ORIGIN (RAM) + LENGTH (RAM))
                0x0000000000000200                _Min_Heap_Size = 0x200
                0x0000000000000400                _Min_Stack_Size = 0x400

.isr_vector     0x0000000008000000      0x188
                0x0000000008000000                . = ALIGN (0x4)
 *(.isr_vector)
 .isr_vector    0x0000000008000000      0x188 Core/Startup/startup_stm32f407vgtx.o
                0x0000000008000000                g_pfnVectors
                0x0000000008000188                . = ALIGN (0x4)

.text           0x0000000008000190     0xafcc
                0x0000000008000190                . = ALIGN (0x4)
 *(.text)
 .text          0x0000000008000190       0x40 c:/st/stm32cubeide_1.4.0/stm32cubeide/plugins/com.st.stm32cube.ide.mcu.externaltools.gnu-tools-for-stm32.7-2018-q2-update.win32_1.4.0.202007081208/tools/bin/../lib/gcc/arm-none-eabi/7.3.1/thumb/v7e-m/fpv4-sp/hard/crtbegin.o
 .text          0x00000000080001d0       0x14 c:/st/stm32cubeide_1.4.0/stm32cubeide/plugins/com.st.stm32cube.ide.mcu.externaltools.gnu-tools-for-stm32.7-2018-q2-update.win32_1.4.0.202007081208/tools/bin/../lib/gcc/arm-none-eabi/7.3.1/../../../../arm-none-eabi/lib/thumb/v7e-m/fpv4-sp/hard\libc_nano.a(lib_a-strcmp.o)
                0x00000000080001d0                strcmp
 .text          0x00000000080001e4       0x10 c:/st/stm32cubeide_1.4.0/stm32cubeide/plugins/com.st.stm32cube.ide.mcu.externaltools.gnu-tools-for-stm32.7-2018-q2-update.win32_1.4.0.202007081208/tools/bin/../lib/gcc/arm-none-eabi/7.3.1/../../../../arm-none-eabi/lib/thumb/v7e-m/fpv4-sp/hard\libc_nano.a(lib_a-strlen.o)
                0x00000000080001e4                strlen
 *fill*         0x00000000080001f4        0xc 
 .text          0x0000000008000200       0xa0 c:/st/stm32cubeide_1.4.0/stm32cubeide/plugins/com.st.stm32cube.ide.mcu.externaltools.gnu-tools-for-stm32.7-2018-q2-update.win32_1.4.0.202007081208/tools/bin/../lib/gcc/arm-none-eabi/7.3.1/../../../../arm-none-eabi/lib/thumb/v7e-m/fpv4-sp/hard\libc_nano.a(lib_a-memchr.o)
                0x0000000008000200                memchr
 .text          0x00000000080002a0       0x30 c:/st/stm32cubeide_1.4.0/stm32cubeide/plugins/com.st.stm32cube.ide.mcu.externaltools.gnu-tools-for-stm32.7-2018-q2-update.win32_1.4.0.202007081208/tools/bin/../lib/gcc/arm-none-eabi/7.3.1/thumb/v7e-m/fpv4-sp/hard\libgcc.a(_aeabi_uldivmod.o)
                0x00000000080002a0                __aeabi_uldivmod
 .text          0x00000000080002d0      0x2cc c:/st/stm32cubeide_1.4.0/stm32cubeide/plugins/com.st.stm32cube.ide.mcu.externaltools.gnu-tools-for-stm32.7-2018-q2-update.win32_1.4.0.202007081208/tools/bin/../lib/gcc/arm-none-eabi/7.3.1/thumb/v7e-m/fpv4-sp/hard\libgcc.a(_udivmoddi4.o)
                0x00000000080002d0                __udivmoddi4
 .text          0x000000000800059c        0x4 c:/st/stm32cubeide_1.4.0/stm32cubeide/plugins/com.st.stm32cube.ide.mcu.externaltools.gnu-tools-for-stm32.7-2018-q2-update.win32_1.4.0.202007081208/tools/bin/../lib/gcc/arm-none-eabi/7.3.1/thumb/v7e-m/fpv4-sp/hard\libgcc.a(_dvmd_tls.o)
                0x000000000800059c                __aeabi_idiv0
                0x000000000800059c                __aeabi_ldiv0
 *(.text*)
 .text.CmdLineProcess
                0x00000000080005a0       0xb4 Core/Src/cmdline.o
                0x00000000080005a0                CmdLineProcess
 .text.UARTIntHandler
                0x0000000008000654       0xb4 Core/Src/command.o
                0x0000000008000654                UARTIntHandler
 .text.Cmd_create_file
                0x0000000008000708       0x34 Core/Src/command.o
                0x0000000008000708                Cmd_create_file
 .text.Cmd_write_sdcard
                0x000000000800073c      0x110 Core/Src/command.o
                0x000000000800073c                Cmd_write_sdcard
 .text.Cmd_read_sdcard
                0x000000000800084c       0x44 Core/Src/command.o
                0x000000000800084c                Cmd_read_sdcard
 .text.Cmd_read_all
                0x0000000008000890       0x34 Core/Src/command.o
                0x0000000008000890                Cmd_read_all
 .text.Cmd_load_all
                0x00000000080008c4       0x34 Core/Src/command.o
                0x00000000080008c4                Cmd_load_all
 .text.Cmd_allocate_device
                0x00000000080008f8      0x158 Core/Src/command.o
                0x00000000080008f8                Cmd_allocate_device
 .text.Cmd_read_table
                0x0000000008000a50       0xb8 Core/Src/command.o
                0x0000000008000a50                Cmd_read_table
 .text.Cmd_read_address
                0x0000000008000b08      0x134 Core/Src/command.o
                0x0000000008000b08                Cmd_read_address
 .text.SELECT   0x0000000008000c3c       0x18 Core/Src/fatfs_sd.o
 .text.DESELECT
                0x0000000008000c54       0x18 Core/Src/fatfs_sd.o
 .text.SPI_TxByte
                0x0000000008000c6c       0x34 Core/Src/fatfs_sd.o
 .text.SPI_RxByte
                0x0000000008000ca0       0x3c Core/Src/fatfs_sd.o
 .text.SPI_RxBytePtr
                0x0000000008000cdc       0x1c Core/Src/fatfs_sd.o
 .text.SD_ReadyWait
                0x0000000008000cf8       0x38 Core/Src/fatfs_sd.o
 .text.SD_PowerOn
                0x0000000008000d30       0x98 Core/Src/fatfs_sd.o
 .text.SD_PowerOff
                0x0000000008000dc8       0x18 Core/Src/fatfs_sd.o
 .text.SD_CheckPower
                0x0000000008000de0       0x18 Core/Src/fatfs_sd.o
 .text.SD_RxDataBlock
                0x0000000008000df8       0x6c Core/Src/fatfs_sd.o
 .text.SD_TxDataBlock
                0x0000000008000e64       0xa8 Core/Src/fatfs_sd.o
 .text.SD_SendCmd
                0x0000000008000f0c       0xa4 Core/Src/fatfs_sd.o
 .text.SD_disk_initialize
                0x0000000008000fb0      0x1d4 Core/Src/fatfs_sd.o
                0x0000000008000fb0                SD_disk_initialize
 .text.SD_disk_status
                0x0000000008001184       0x2c Core/Src/fatfs_sd.o
                0x0000000008001184                SD_disk_status
 .text.SD_disk_read
                0x00000000080011b0       0xd4 Core/Src/fatfs_sd.o
                0x00000000080011b0                SD_disk_read
 .text.SD_disk_write
                0x0000000008001284      0x108 Core/Src/fatfs_sd.o
                0x0000000008001284                SD_disk_write
 .text.SD_disk_ioctl
                0x000000000800138c      0x25c Core/Src/fatfs_sd.o
                0x000000000800138c                SD_disk_ioctl
 .text.vApplicationGetIdleTaskMemory
                0x00000000080015e8       0x34 Core/Src/freertos.o
                0x00000000080015e8                vApplicationGetIdleTaskMemory
 .text.MX_FREERTOS_Init
                0x000000000800161c       0xe4 Core/Src/freertos.o
                0x000000000800161c                MX_FREERTOS_Init
 .text.StartDefaultTask
                0x0000000008001700       0x98 Core/Src/freertos.o
                0x0000000008001700                StartDefaultTask
 .text.main     0x0000000008001798       0x58 Core/Src/main.o
                0x0000000008001798                main
 .text.SystemClock_Config
                0x00000000080017f0       0xd4 Core/Src/main.o
                0x00000000080017f0                SystemClock_Config
 .text.MX_SPI1_Init
                0x00000000080018c4       0x6c Core/Src/main.o
 .text.MX_USART6_UART_Init
                0x0000000008001930       0x54 Core/Src/main.o
 .text.MX_GPIO_Init
                0x0000000008001984       0xf0 Core/Src/main.o
 .text.HAL_TIM_PeriodElapsedCallback
                0x0000000008001a74       0x24 Core/Src/main.o
                0x0000000008001a74                HAL_TIM_PeriodElapsedCallback
 .text.Error_Handler
                0x0000000008001a98        0x8 Core/Src/main.o
                0x0000000008001a98                Error_Handler
 .text.__io_putchar
                0x0000000008001aa0       0x24 Core/Src/main.o
                0x0000000008001aa0                __io_putchar
 .text.SD_CREATE_FILE
                0x0000000008001ac4       0x54 Core/Src/sdcard.o
                0x0000000008001ac4                SD_CREATE_FILE
 .text.SD_READ_LINE
                0x0000000008001b18       0x6c Core/Src/sdcard.o
                0x0000000008001b18                SD_READ_LINE
 .text.SD_READ_ALL
                0x0000000008001b84       0xac Core/Src/sdcard.o
                0x0000000008001b84                SD_READ_ALL
 .text.SD_LOAD_ALL
                0x0000000008001c30       0x16 Core/Src/sdcard.o
                0x0000000008001c30                SD_LOAD_ALL
 *fill*         0x0000000008001c46        0x2 
 .text.SD_WRITE_LINE
                0x0000000008001c48       0x44 Core/Src/sdcard.o
                0x0000000008001c48                SD_WRITE_LINE
 .text.SD_Json  0x0000000008001c8c       0x60 Core/Src/sdcard.o
                0x0000000008001c8c                SD_Json
 .text.HAL_MspInit
                0x0000000008001cec       0x58 Core/Src/stm32f4xx_hal_msp.o
                0x0000000008001cec                HAL_MspInit
 .text.HAL_SPI_MspInit
                0x0000000008001d44       0x90 Core/Src/stm32f4xx_hal_msp.o
                0x0000000008001d44                HAL_SPI_MspInit
 .text.HAL_UART_MspInit
                0x0000000008001dd4       0xa0 Core/Src/stm32f4xx_hal_msp.o
                0x0000000008001dd4                HAL_UART_MspInit
 .text.HAL_InitTick
                0x0000000008001e74       0xb4 Core/Src/stm32f4xx_hal_timebase_tim.o
                0x0000000008001e74                HAL_InitTick
 .text.NMI_Handler
                0x0000000008001f28        0x6 Core/Src/stm32f4xx_it.o
                0x0000000008001f28                NMI_Handler
 .text.HardFault_Handler
                0x0000000008001f2e        0x6 Core/Src/stm32f4xx_it.o
                0x0000000008001f2e                HardFault_Handler
 .text.MemManage_Handler
                0x0000000008001f34        0x6 Core/Src/stm32f4xx_it.o
                0x0000000008001f34                MemManage_Handler
 .text.BusFault_Handler
                0x0000000008001f3a        0x6 Core/Src/stm32f4xx_it.o
                0x0000000008001f3a                BusFault_Handler
 .text.UsageFault_Handler
                0x0000000008001f40        0x6 Core/Src/stm32f4xx_it.o
                0x0000000008001f40                UsageFault_Handler
 .text.DebugMon_Handler
                0x0000000008001f46        0xe Core/Src/stm32f4xx_it.o
                0x0000000008001f46                DebugMon_Handler
 .text.TIM1_UP_TIM10_IRQHandler
                0x0000000008001f54       0x14 Core/Src/stm32f4xx_it.o
                0x0000000008001f54                TIM1_UP_TIM10_IRQHandler
 .text.USART6_IRQHandler
                0x0000000008001f68       0x34 Core/Src/stm32f4xx_it.o
                0x0000000008001f68                USART6_IRQHandler
 .text._read    0x0000000008001f9c       0x3a Core/Src/syscalls.o
                0x0000000008001f9c                _read
 .text._write   0x0000000008001fd6       0x38 Core/Src/syscalls.o
                0x0000000008001fd6                _write
 .text._close   0x000000000800200e       0x18 Core/Src/syscalls.o
                0x000000000800200e                _close
 .text._fstat   0x0000000008002026       0x20 Core/Src/syscalls.o
                0x0000000008002026                _fstat
 .text._isatty  0x0000000008002046       0x16 Core/Src/syscalls.o
                0x0000000008002046                _isatty
 .text._lseek   0x000000000800205c       0x1a Core/Src/syscalls.o
                0x000000000800205c                _lseek
 *fill*         0x0000000008002076        0x2 
 .text._sbrk    0x0000000008002078       0x6c Core/Src/sysmem.o
                0x0000000008002078                _sbrk
 .text.SystemInit
                0x00000000080020e4       0x24 Core/Src/system_stm32f4xx.o
                0x00000000080020e4                SystemInit
 .text.Reset_Handler
                0x0000000008002108       0x50 Core/Startup/startup_stm32f407vgtx.o
                0x0000000008002108                Reset_Handler
 .text.Default_Handler
                0x0000000008002158        0x2 Core/Startup/startup_stm32f407vgtx.o
                0x0000000008002158                RTC_Alarm_IRQHandler
                0x0000000008002158                HASH_RNG_IRQHandler
                0x0000000008002158                EXTI2_IRQHandler
                0x0000000008002158                TIM8_CC_IRQHandler
                0x0000000008002158                TIM1_CC_IRQHandler
                0x0000000008002158                DMA2_Stream5_IRQHandler
                0x0000000008002158                DMA1_Stream5_IRQHandler
                0x0000000008002158                PVD_IRQHandler
                0x0000000008002158                SDIO_IRQHandler
                0x0000000008002158                TAMP_STAMP_IRQHandler
                0x0000000008002158                CAN2_RX1_IRQHandler
                0x0000000008002158                EXTI3_IRQHandler
                0x0000000008002158                TIM8_TRG_COM_TIM14_IRQHandler
                0x0000000008002158                TIM8_UP_TIM13_IRQHandler
                0x0000000008002158                I2C3_ER_IRQHandler
                0x0000000008002158                EXTI0_IRQHandler
                0x0000000008002158                I2C2_EV_IRQHandler
                0x0000000008002158                DMA1_Stream2_IRQHandler
                0x0000000008002158                CAN1_RX0_IRQHandler
                0x0000000008002158                FPU_IRQHandler
                0x0000000008002158                OTG_HS_WKUP_IRQHandler
                0x0000000008002158                CAN2_SCE_IRQHandler
                0x0000000008002158                DMA2_Stream2_IRQHandler
                0x0000000008002158                SPI1_IRQHandler
                0x0000000008002158                TIM6_DAC_IRQHandler
                0x0000000008002158                TIM1_BRK_TIM9_IRQHandler
                0x0000000008002158                DCMI_IRQHandler
                0x0000000008002158                CAN2_RX0_IRQHandler
                0x0000000008002158                DMA2_Stream3_IRQHandler
                0x0000000008002158                USART3_IRQHandler
                0x0000000008002158                CAN1_RX1_IRQHandler
                0x0000000008002158                UART5_IRQHandler
                0x0000000008002158                DMA2_Stream0_IRQHandler
                0x0000000008002158                TIM4_IRQHandler
                0x0000000008002158                I2C1_EV_IRQHandler
                0x0000000008002158                DMA1_Stream6_IRQHandler
                0x0000000008002158                DMA1_Stream1_IRQHandler
                0x0000000008002158                UART4_IRQHandler
                0x0000000008002158                TIM3_IRQHandler
                0x0000000008002158                RCC_IRQHandler
                0x0000000008002158                TIM8_BRK_TIM12_IRQHandler
                0x0000000008002158                Default_Handler
                0x0000000008002158                EXTI15_10_IRQHandler
                0x0000000008002158                ADC_IRQHandler
                0x0000000008002158                DMA1_Stream7_IRQHandler
                0x0000000008002158                TIM7_IRQHandler
                0x0000000008002158                CAN2_TX_IRQHandler
                0x0000000008002158                TIM5_IRQHandler
                0x0000000008002158                DMA2_Stream7_IRQHandler
                0x0000000008002158                I2C3_EV_IRQHandler
                0x0000000008002158                EXTI9_5_IRQHandler
                0x0000000008002158                RTC_WKUP_IRQHandler
                0x0000000008002158                ETH_WKUP_IRQHandler
                0x0000000008002158                SPI2_IRQHandler
                0x0000000008002158                OTG_HS_EP1_IN_IRQHandler
                0x0000000008002158                DMA1_Stream0_IRQHandler
                0x0000000008002158                CAN1_TX_IRQHandler
                0x0000000008002158                EXTI4_IRQHandler
                0x0000000008002158                FSMC_IRQHandler
                0x0000000008002158                ETH_IRQHandler
                0x0000000008002158                OTG_HS_EP1_OUT_IRQHandler
                0x0000000008002158                WWDG_IRQHandler
                0x0000000008002158                TIM2_IRQHandler
                0x0000000008002158                OTG_FS_WKUP_IRQHandler
                0x0000000008002158                TIM1_TRG_COM_TIM11_IRQHandler
                0x0000000008002158                OTG_HS_IRQHandler
                0x0000000008002158                EXTI1_IRQHandler
                0x0000000008002158                USART2_IRQHandler
                0x0000000008002158                I2C2_ER_IRQHandler
                0x0000000008002158                DMA2_Stream1_IRQHandler
                0x0000000008002158                CAN1_SCE_IRQHandler
                0x0000000008002158                FLASH_IRQHandler
                0x0000000008002158                DMA2_Stream4_IRQHandler
                0x0000000008002158                USART1_IRQHandler
                0x0000000008002158                OTG_FS_IRQHandler
                0x0000000008002158                SPI3_IRQHandler
                0x0000000008002158                DMA1_Stream4_IRQHandler
                0x0000000008002158                I2C1_ER_IRQHandler
                0x0000000008002158                DMA2_Stream6_IRQHandler
                0x0000000008002158                DMA1_Stream3_IRQHandler
 *fill*         0x000000000800215a        0x2 
 .text.HAL_Init
                0x000000000800215c       0x44 Drivers/STM32F4xx_HAL_Driver/Src/stm32f4xx_hal.o
                0x000000000800215c                HAL_Init
 .text.HAL_IncTick
                0x00000000080021a0       0x28 Drivers/STM32F4xx_HAL_Driver/Src/stm32f4xx_hal.o
                0x00000000080021a0                HAL_IncTick
 .text.HAL_GetTick
                0x00000000080021c8       0x18 Drivers/STM32F4xx_HAL_Driver/Src/stm32f4xx_hal.o
                0x00000000080021c8                HAL_GetTick
 .text.__NVIC_SetPriorityGrouping
                0x00000000080021e0       0x48 Drivers/STM32F4xx_HAL_Driver/Src/stm32f4xx_hal_cortex.o
 .text.__NVIC_GetPriorityGrouping
                0x0000000008002228       0x1c Drivers/STM32F4xx_HAL_Driver/Src/stm32f4xx_hal_cortex.o
 .text.__NVIC_EnableIRQ
                0x0000000008002244       0x3c Drivers/STM32F4xx_HAL_Driver/Src/stm32f4xx_hal_cortex.o
 .text.__NVIC_SetPriority
                0x0000000008002280       0x54 Drivers/STM32F4xx_HAL_Driver/Src/stm32f4xx_hal_cortex.o
 .text.NVIC_EncodePriority
                0x00000000080022d4       0x66 Drivers/STM32F4xx_HAL_Driver/Src/stm32f4xx_hal_cortex.o
 .text.HAL_NVIC_SetPriorityGrouping
                0x000000000800233a       0x16 Drivers/STM32F4xx_HAL_Driver/Src/stm32f4xx_hal_cortex.o
                0x000000000800233a                HAL_NVIC_SetPriorityGrouping
 .text.HAL_NVIC_SetPriority
                0x0000000008002350       0x38 Drivers/STM32F4xx_HAL_Driver/Src/stm32f4xx_hal_cortex.o
                0x0000000008002350                HAL_NVIC_SetPriority
 .text.HAL_NVIC_EnableIRQ
                0x0000000008002388       0x1c Drivers/STM32F4xx_HAL_Driver/Src/stm32f4xx_hal_cortex.o
                0x0000000008002388                HAL_NVIC_EnableIRQ
 .text.HAL_DMA_Abort
                0x00000000080023a4       0xe0 Drivers/STM32F4xx_HAL_Driver/Src/stm32f4xx_hal_dma.o
                0x00000000080023a4                HAL_DMA_Abort
 .text.HAL_DMA_Abort_IT
                0x0000000008002484       0x44 Drivers/STM32F4xx_HAL_Driver/Src/stm32f4xx_hal_dma.o
                0x0000000008002484                HAL_DMA_Abort_IT
 .text.HAL_GPIO_Init
                0x00000000080024c8      0x334 Drivers/STM32F4xx_HAL_Driver/Src/stm32f4xx_hal_gpio.o
                0x00000000080024c8                HAL_GPIO_Init
 .text.HAL_GPIO_WritePin
                0x00000000080027fc       0x32 Drivers/STM32F4xx_HAL_Driver/Src/stm32f4xx_hal_gpio.o
                0x00000000080027fc                HAL_GPIO_WritePin
 *fill*         0x000000000800282e        0x2 
 .text.HAL_RCC_OscConfig
                0x0000000008002830      0x4f0 Drivers/STM32F4xx_HAL_Driver/Src/stm32f4xx_hal_rcc.o
                0x0000000008002830                HAL_RCC_OscConfig
 .text.HAL_RCC_ClockConfig
                0x0000000008002d20      0x1cc Drivers/STM32F4xx_HAL_Driver/Src/stm32f4xx_hal_rcc.o
                0x0000000008002d20                HAL_RCC_ClockConfig
 .text.HAL_RCC_GetSysClockFreq
                0x0000000008002eec      0x164 Drivers/STM32F4xx_HAL_Driver/Src/stm32f4xx_hal_rcc.o
                0x0000000008002eec                HAL_RCC_GetSysClockFreq
 .text.HAL_RCC_GetHCLKFreq
                0x0000000008003050       0x18 Drivers/STM32F4xx_HAL_Driver/Src/stm32f4xx_hal_rcc.o
                0x0000000008003050                HAL_RCC_GetHCLKFreq
 .text.HAL_RCC_GetPCLK1Freq
                0x0000000008003068       0x28 Drivers/STM32F4xx_HAL_Driver/Src/stm32f4xx_hal_rcc.o
                0x0000000008003068                HAL_RCC_GetPCLK1Freq
 .text.HAL_RCC_GetPCLK2Freq
                0x0000000008003090       0x28 Drivers/STM32F4xx_HAL_Driver/Src/stm32f4xx_hal_rcc.o
                0x0000000008003090                HAL_RCC_GetPCLK2Freq
 .text.HAL_RCC_GetClockConfig
                0x00000000080030b8       0x64 Drivers/STM32F4xx_HAL_Driver/Src/stm32f4xx_hal_rcc.o
                0x00000000080030b8                HAL_RCC_GetClockConfig
 .text.HAL_SPI_Init
                0x000000000800311c      0x112 Drivers/STM32F4xx_HAL_Driver/Src/stm32f4xx_hal_spi.o
                0x000000000800311c                HAL_SPI_Init
 .text.HAL_SPI_Transmit
                0x000000000800322e      0x278 Drivers/STM32F4xx_HAL_Driver/Src/stm32f4xx_hal_spi.o
                0x000000000800322e                HAL_SPI_Transmit
 .text.HAL_SPI_TransmitReceive
                0x00000000080034a6      0x344 Drivers/STM32F4xx_HAL_Driver/Src/stm32f4xx_hal_spi.o
                0x00000000080034a6                HAL_SPI_TransmitReceive
 .text.HAL_SPI_GetState
                0x00000000080037ea       0x1c Drivers/STM32F4xx_HAL_Driver/Src/stm32f4xx_hal_spi.o
                0x00000000080037ea                HAL_SPI_GetState
 *fill*         0x0000000008003806        0x2 
 .text.SPI_WaitFlagStateUntilTimeout
                0x0000000008003808      0x110 Drivers/STM32F4xx_HAL_Driver/Src/stm32f4xx_hal_spi.o
 .text.SPI_EndRxTxTransaction
                0x0000000008003918       0x84 Drivers/STM32F4xx_HAL_Driver/Src/stm32f4xx_hal_spi.o
 .text.HAL_TIM_Base_Init
                0x000000000800399c       0x9e Drivers/STM32F4xx_HAL_Driver/Src/stm32f4xx_hal_tim.o
                0x000000000800399c                HAL_TIM_Base_Init
 .text.HAL_TIM_Base_MspInit
                0x0000000008003a3a       0x14 Drivers/STM32F4xx_HAL_Driver/Src/stm32f4xx_hal_tim.o
                0x0000000008003a3a                HAL_TIM_Base_MspInit
 *fill*         0x0000000008003a4e        0x2 
 .text.HAL_TIM_Base_Start_IT
                0x0000000008003a50       0xe0 Drivers/STM32F4xx_HAL_Driver/Src/stm32f4xx_hal_tim.o
                0x0000000008003a50                HAL_TIM_Base_Start_IT
 .text.HAL_TIM_IRQHandler
                0x0000000008003b30      0x210 Drivers/STM32F4xx_HAL_Driver/Src/stm32f4xx_hal_tim.o
                0x0000000008003b30                HAL_TIM_IRQHandler
 .text.HAL_TIM_OC_DelayElapsedCallback
                0x0000000008003d40       0x14 Drivers/STM32F4xx_HAL_Driver/Src/stm32f4xx_hal_tim.o
                0x0000000008003d40                HAL_TIM_OC_DelayElapsedCallback
 .text.HAL_TIM_IC_CaptureCallback
                0x0000000008003d54       0x14 Drivers/STM32F4xx_HAL_Driver/Src/stm32f4xx_hal_tim.o
                0x0000000008003d54                HAL_TIM_IC_CaptureCallback
 .text.HAL_TIM_PWM_PulseFinishedCallback
                0x0000000008003d68       0x14 Drivers/STM32F4xx_HAL_Driver/Src/stm32f4xx_hal_tim.o
                0x0000000008003d68                HAL_TIM_PWM_PulseFinishedCallback
 .text.HAL_TIM_TriggerCallback
                0x0000000008003d7c       0x14 Drivers/STM32F4xx_HAL_Driver/Src/stm32f4xx_hal_tim.o
                0x0000000008003d7c                HAL_TIM_TriggerCallback
 .text.TIM_Base_SetConfig
                0x0000000008003d90      0x140 Drivers/STM32F4xx_HAL_Driver/Src/stm32f4xx_hal_tim.o
                0x0000000008003d90                TIM_Base_SetConfig
 .text.HAL_TIMEx_CommutCallback
                0x0000000008003ed0       0x14 Drivers/STM32F4xx_HAL_Driver/Src/stm32f4xx_hal_tim_ex.o
                0x0000000008003ed0                HAL_TIMEx_CommutCallback
 .text.HAL_TIMEx_BreakCallback
                0x0000000008003ee4       0x14 Drivers/STM32F4xx_HAL_Driver/Src/stm32f4xx_hal_tim_ex.o
                0x0000000008003ee4                HAL_TIMEx_BreakCallback
 .text.HAL_UART_Init
                0x0000000008003ef8       0x9a Drivers/STM32F4xx_HAL_Driver/Src/stm32f4xx_hal_uart.o
                0x0000000008003ef8                HAL_UART_Init
 .text.HAL_UART_Transmit
                0x0000000008003f92      0x124 Drivers/STM32F4xx_HAL_Driver/Src/stm32f4xx_hal_uart.o
                0x0000000008003f92                HAL_UART_Transmit
 *fill*         0x00000000080040b6        0x2 
 .text.HAL_UART_IRQHandler
                0x00000000080040b8      0x358 Drivers/STM32F4xx_HAL_Driver/Src/stm32f4xx_hal_uart.o
                0x00000000080040b8                HAL_UART_IRQHandler
 .text.HAL_UART_TxCpltCallback
                0x0000000008004410       0x14 Drivers/STM32F4xx_HAL_Driver/Src/stm32f4xx_hal_uart.o
                0x0000000008004410                HAL_UART_TxCpltCallback
 .text.HAL_UART_RxCpltCallback
                0x0000000008004424       0x14 Drivers/STM32F4xx_HAL_Driver/Src/stm32f4xx_hal_uart.o
                0x0000000008004424                HAL_UART_RxCpltCallback
 .text.HAL_UART_ErrorCallback
                0x0000000008004438       0x14 Drivers/STM32F4xx_HAL_Driver/Src/stm32f4xx_hal_uart.o
                0x0000000008004438                HAL_UART_ErrorCallback
 .text.HAL_UARTEx_RxEventCallback
                0x000000000800444c       0x18 Drivers/STM32F4xx_HAL_Driver/Src/stm32f4xx_hal_uart.o
                0x000000000800444c                HAL_UARTEx_RxEventCallback
 .text.UART_WaitOnFlagUntilTimeout
                0x0000000008004464       0x94 Drivers/STM32F4xx_HAL_Driver/Src/stm32f4xx_hal_uart.o
 .text.UART_EndRxTransfer
                0x00000000080044f8       0x5a Drivers/STM32F4xx_HAL_Driver/Src/stm32f4xx_hal_uart.o
 .text.UART_DMAAbortOnError
                0x0000000008004552       0x28 Drivers/STM32F4xx_HAL_Driver/Src/stm32f4xx_hal_uart.o
 .text.UART_Transmit_IT
                0x000000000800457a       0xa0 Drivers/STM32F4xx_HAL_Driver/Src/stm32f4xx_hal_uart.o
 .text.UART_EndTransmit_IT
                0x000000000800461a       0x30 Drivers/STM32F4xx_HAL_Driver/Src/stm32f4xx_hal_uart.o
 .text.UART_Receive_IT
                0x000000000800464a      0x12e Drivers/STM32F4xx_HAL_Driver/Src/stm32f4xx_hal_uart.o
 .text.UART_SetConfig
                0x0000000008004778      0x3b8 Drivers/STM32F4xx_HAL_Driver/Src/stm32f4xx_hal_uart.o
 .text.MX_FATFS_Init
                0x0000000008004b30       0x24 FATFS/App/fatfs.o
                0x0000000008004b30                MX_FATFS_Init
 .text.get_fattime
                0x0000000008004b54       0x10 FATFS/App/fatfs.o
                0x0000000008004b54                get_fattime
 .text.USER_initialize
                0x0000000008004b64       0x2c FATFS/Target/user_diskio.o
                0x0000000008004b64                USER_initialize
 .text.USER_status
                0x0000000008004b90       0x1c FATFS/Target/user_diskio.o
                0x0000000008004b90                USER_status
 .text.USER_read
                0x0000000008004bac       0x26 FATFS/Target/user_diskio.o
                0x0000000008004bac                USER_read
 .text.USER_write
                0x0000000008004bd2       0x26 FATFS/Target/user_diskio.o
                0x0000000008004bd2                USER_write
 .text.USER_ioctl
                0x0000000008004bf8       0x26 FATFS/Target/user_diskio.o
                0x0000000008004bf8                USER_ioctl
 *fill*         0x0000000008004c1e        0x2 
 .text.disk_status
                0x0000000008004c20       0x34 Middlewares/Third_Party/FatFs/src/diskio.o
                0x0000000008004c20                disk_status
 .text.disk_initialize
                0x0000000008004c54       0x4c Middlewares/Third_Party/FatFs/src/diskio.o
                0x0000000008004c54                disk_initialize
 .text.disk_read
                0x0000000008004ca0       0x40 Middlewares/Third_Party/FatFs/src/diskio.o
                0x0000000008004ca0                disk_read
 .text.disk_write
                0x0000000008004ce0       0x40 Middlewares/Third_Party/FatFs/src/diskio.o
                0x0000000008004ce0                disk_write
 .text.disk_ioctl
                0x0000000008004d20       0x3c Middlewares/Third_Party/FatFs/src/diskio.o
                0x0000000008004d20                disk_ioctl
 .text.ld_word  0x0000000008004d5c       0x30 Middlewares/Third_Party/FatFs/src/ff.o
 .text.ld_dword
                0x0000000008004d8c       0x46 Middlewares/Third_Party/FatFs/src/ff.o
 .text.st_word  0x0000000008004dd2       0x36 Middlewares/Third_Party/FatFs/src/ff.o
 .text.st_dword
                0x0000000008004e08       0x58 Middlewares/Third_Party/FatFs/src/ff.o
 .text.mem_cpy  0x0000000008004e60       0x42 Middlewares/Third_Party/FatFs/src/ff.o
 .text.mem_set  0x0000000008004ea2       0x34 Middlewares/Third_Party/FatFs/src/ff.o
 .text.mem_cmp  0x0000000008004ed6       0x4e Middlewares/Third_Party/FatFs/src/ff.o
 .text.chk_chr  0x0000000008004f24       0x36 Middlewares/Third_Party/FatFs/src/ff.o
 .text.lock_fs  0x0000000008004f5a       0x2c Middlewares/Third_Party/FatFs/src/ff.o
 .text.unlock_fs
                0x0000000008004f86       0x36 Middlewares/Third_Party/FatFs/src/ff.o
 .text.chk_lock
                0x0000000008004fbc       0xb8 Middlewares/Third_Party/FatFs/src/ff.o
 .text.enq_lock
                0x0000000008005074       0x44 Middlewares/Third_Party/FatFs/src/ff.o
 .text.inc_lock
                0x00000000080050b8      0x11c Middlewares/Third_Party/FatFs/src/ff.o
 .text.dec_lock
                0x00000000080051d4       0x78 Middlewares/Third_Party/FatFs/src/ff.o
 .text.clear_lock
                0x000000000800524c       0x48 Middlewares/Third_Party/FatFs/src/ff.o
 .text.sync_window
                0x0000000008005294       0x88 Middlewares/Third_Party/FatFs/src/ff.o
 .text.move_window
                0x000000000800531c       0x5a Middlewares/Third_Party/FatFs/src/ff.o
 *fill*         0x0000000008005376        0x2 
 .text.sync_fs  0x0000000008005378       0xdc Middlewares/Third_Party/FatFs/src/ff.o
 .text.clust2sect
                0x0000000008005454       0x3e Middlewares/Third_Party/FatFs/src/ff.o
 .text.get_fat  0x0000000008005492      0x14a Middlewares/Third_Party/FatFs/src/ff.o
 .text.put_fat  0x00000000080055dc      0x1ce Middlewares/Third_Party/FatFs/src/ff.o
 .text.remove_chain
                0x00000000080057aa       0xca Middlewares/Third_Party/FatFs/src/ff.o
 .text.create_chain
                0x0000000008005874      0x130 Middlewares/Third_Party/FatFs/src/ff.o
 .text.clmt_clust
                0x00000000080059a4       0x68 Middlewares/Third_Party/FatFs/src/ff.o
 .text.dir_sdi  0x0000000008005a0c       0xf6 Middlewares/Third_Party/FatFs/src/ff.o
 .text.dir_next
                0x0000000008005b02      0x18a Middlewares/Third_Party/FatFs/src/ff.o
 .text.dir_alloc
                0x0000000008005c8c       0x8e Middlewares/Third_Party/FatFs/src/ff.o
 .text.ld_clust
                0x0000000008005d1a       0x3e Middlewares/Third_Party/FatFs/src/ff.o
 .text.st_clust
                0x0000000008005d58       0x40 Middlewares/Third_Party/FatFs/src/ff.o
 .text.dir_find
                0x0000000008005d98       0xaa Middlewares/Third_Party/FatFs/src/ff.o
 .text.dir_register
                0x0000000008005e42       0x64 Middlewares/Third_Party/FatFs/src/ff.o
 *fill*         0x0000000008005ea6        0x2 
 .text.create_name
                0x0000000008005ea8      0x128 Middlewares/Third_Party/FatFs/src/ff.o
 .text.follow_path
                0x0000000008005fd0       0xe2 Middlewares/Third_Party/FatFs/src/ff.o
 .text.get_ldnumber
                0x00000000080060b2       0x88 Middlewares/Third_Party/FatFs/src/ff.o
 *fill*         0x000000000800613a        0x2 
 .text.check_fs
                0x000000000800613c       0xac Middlewares/Third_Party/FatFs/src/ff.o
 .text.find_volume
                0x00000000080061e8      0x4a8 Middlewares/Third_Party/FatFs/src/ff.o
 .text.validate
                0x0000000008006690       0x8e Middlewares/Third_Party/FatFs/src/ff.o
 *fill*         0x000000000800671e        0x2 
 .text.f_mount  0x0000000008006720       0xc8 Middlewares/Third_Party/FatFs/src/ff.o
                0x0000000008006720                f_mount
 .text.f_open   0x00000000080067e8      0x38a Middlewares/Third_Party/FatFs/src/ff.o
                0x00000000080067e8                f_open
 .text.f_read   0x0000000008006b72      0x2dc Middlewares/Third_Party/FatFs/src/ff.o
                0x0000000008006b72                f_read
 .text.f_write  0x0000000008006e4e      0x348 Middlewares/Third_Party/FatFs/src/ff.o
                0x0000000008006e4e                f_write
 .text.f_sync   0x0000000008007196      0x112 Middlewares/Third_Party/FatFs/src/ff.o
                0x0000000008007196                f_sync
 .text.f_close  0x00000000080072a8       0x5e Middlewares/Third_Party/FatFs/src/ff.o
                0x00000000080072a8                f_close
 .text.f_gets   0x0000000008007306       0x72 Middlewares/Third_Party/FatFs/src/ff.o
                0x0000000008007306                f_gets
 .text.putc_bfd
                0x0000000008007378       0x6c Middlewares/Third_Party/FatFs/src/ff.o
 .text.putc_flush
                0x00000000080073e4       0x4c Middlewares/Third_Party/FatFs/src/ff.o
 .text.putc_init
                0x0000000008007430       0x2a Middlewares/Third_Party/FatFs/src/ff.o
 .text.f_puts   0x000000000800745a       0x48 Middlewares/Third_Party/FatFs/src/ff.o
                0x000000000800745a                f_puts
 *fill*         0x00000000080074a2        0x2 
 .text.FATFS_LinkDriverEx
                0x00000000080074a4       0x98 Middlewares/Third_Party/FatFs/src/ff_gen_drv.o
                0x00000000080074a4                FATFS_LinkDriverEx
 .text.FATFS_LinkDriver
                0x000000000800753c       0x1e Middlewares/Third_Party/FatFs/src/ff_gen_drv.o
                0x000000000800753c                FATFS_LinkDriver
 .text.ff_cre_syncobj
                0x000000000800755a       0x40 Middlewares/Third_Party/FatFs/src/option/syscall.o
                0x000000000800755a                ff_cre_syncobj
 .text.ff_del_syncobj
                0x000000000800759a       0x18 Middlewares/Third_Party/FatFs/src/option/syscall.o
                0x000000000800759a                ff_del_syncobj
 .text.ff_req_grant
                0x00000000080075b2       0x2a Middlewares/Third_Party/FatFs/src/option/syscall.o
                0x00000000080075b2                ff_req_grant
 .text.ff_rel_grant
                0x00000000080075dc       0x16 Middlewares/Third_Party/FatFs/src/option/syscall.o
                0x00000000080075dc                ff_rel_grant
 .text.makeFreeRtosPriority
                0x00000000080075f2       0x30 Middlewares/Third_Party/FreeRTOS/Source/CMSIS_RTOS/cmsis_os.o
 .text.inHandlerMode
                0x0000000008007622       0x24 Middlewares/Third_Party/FreeRTOS/Source/CMSIS_RTOS/cmsis_os.o
 .text.osKernelStart
                0x0000000008007646        0xe Middlewares/Third_Party/FreeRTOS/Source/CMSIS_RTOS/cmsis_os.o
                0x0000000008007646                osKernelStart
 .text.osThreadCreate
                0x0000000008007654       0x98 Middlewares/Third_Party/FreeRTOS/Source/CMSIS_RTOS/cmsis_os.o
                0x0000000008007654                osThreadCreate
 .text.osSemaphoreCreate
                0x00000000080076ec       0x66 Middlewares/Third_Party/FreeRTOS/Source/CMSIS_RTOS/cmsis_os.o
                0x00000000080076ec                osSemaphoreCreate
 *fill*         0x0000000008007752        0x2 
 .text.osSemaphoreWait
                0x0000000008007754       0x9c Middlewares/Third_Party/FreeRTOS/Source/CMSIS_RTOS/cmsis_os.o
                0x0000000008007754                osSemaphoreWait
 .text.osSemaphoreRelease
                0x00000000080077f0       0x6c Middlewares/Third_Party/FreeRTOS/Source/CMSIS_RTOS/cmsis_os.o
                0x00000000080077f0                osSemaphoreRelease
 .text.osSemaphoreDelete
                0x000000000800785c       0x26 Middlewares/Third_Party/FreeRTOS/Source/CMSIS_RTOS/cmsis_os.o
                0x000000000800785c                osSemaphoreDelete
 .text.osMessageCreate
                0x0000000008007882       0x52 Middlewares/Third_Party/FreeRTOS/Source/CMSIS_RTOS/cmsis_os.o
                0x0000000008007882                osMessageCreate
 .text.vListInitialise
                0x00000000080078d4       0x40 Middlewares/Third_Party/FreeRTOS/Source/list.o
                0x00000000080078d4                vListInitialise
 .text.vListInitialiseItem
                0x0000000008007914       0x1a Middlewares/Third_Party/FreeRTOS/Source/list.o
                0x0000000008007914                vListInitialiseItem
 .text.vListInsertEnd
                0x000000000800792e       0x48 Middlewares/Third_Party/FreeRTOS/Source/list.o
                0x000000000800792e                vListInsertEnd
 .text.vListInsert
                0x0000000008007976       0x72 Middlewares/Third_Party/FreeRTOS/Source/list.o
                0x0000000008007976                vListInsert
 .text.uxListRemove
                0x00000000080079e8       0x54 Middlewares/Third_Party/FreeRTOS/Source/list.o
                0x00000000080079e8                uxListRemove
 .text.xQueueGenericReset
                0x0000000008007a3c       0xd0 Middlewares/Third_Party/FreeRTOS/Source/queue.o
                0x0000000008007a3c                xQueueGenericReset
 .text.xQueueGenericCreateStatic
                0x0000000008007b0c       0xe6 Middlewares/Third_Party/FreeRTOS/Source/queue.o
                0x0000000008007b0c                xQueueGenericCreateStatic
 .text.xQueueGenericCreate
                0x0000000008007bf2       0x72 Middlewares/Third_Party/FreeRTOS/Source/queue.o
                0x0000000008007bf2                xQueueGenericCreate
 .text.prvInitialiseNewQueue
                0x0000000008007c64       0x3e Middlewares/Third_Party/FreeRTOS/Source/queue.o
 *fill*         0x0000000008007ca2        0x2 
 .text.xQueueGenericSend
                0x0000000008007ca4      0x1f4 Middlewares/Third_Party/FreeRTOS/Source/queue.o
                0x0000000008007ca4                xQueueGenericSend
 .text.xQueueGiveFromISR
                0x0000000008007e98      0x112 Middlewares/Third_Party/FreeRTOS/Source/queue.o
                0x0000000008007e98                xQueueGiveFromISR
 *fill*         0x0000000008007faa        0x2 
 .text.xQueueSemaphoreTake
                0x0000000008007fac      0x210 Middlewares/Third_Party/FreeRTOS/Source/queue.o
                0x0000000008007fac                xQueueSemaphoreTake
 .text.xQueueReceiveFromISR
                0x00000000080081bc       0xfa Middlewares/Third_Party/FreeRTOS/Source/queue.o
                0x00000000080081bc                xQueueReceiveFromISR
 .text.vQueueDelete
                0x00000000080082b6       0x44 Middlewares/Third_Party/FreeRTOS/Source/queue.o
                0x00000000080082b6                vQueueDelete
 .text.prvGetDisinheritPriorityAfterTimeout
                0x00000000080082fa       0x30 Middlewares/Third_Party/FreeRTOS/Source/queue.o
 .text.prvCopyDataToQueue
                0x000000000800832a       0xd4 Middlewares/Third_Party/FreeRTOS/Source/queue.o
 .text.prvCopyDataFromQueue
                0x00000000080083fe       0x4c Middlewares/Third_Party/FreeRTOS/Source/queue.o
 .text.prvUnlockQueue
                0x000000000800844a       0xa4 Middlewares/Third_Party/FreeRTOS/Source/queue.o
 .text.prvIsQueueEmpty
                0x00000000080084ee       0x2c Middlewares/Third_Party/FreeRTOS/Source/queue.o
 .text.prvIsQueueFull
                0x000000000800851a       0x30 Middlewares/Third_Party/FreeRTOS/Source/queue.o
 *fill*         0x000000000800854a        0x2 
 .text.vQueueUnregisterQueue
                0x000000000800854c       0x54 Middlewares/Third_Party/FreeRTOS/Source/queue.o
                0x000000000800854c                vQueueUnregisterQueue
 .text.xTaskCreateStatic
                0x00000000080085a0       0xb4 Middlewares/Third_Party/FreeRTOS/Source/tasks.o
                0x00000000080085a0                xTaskCreateStatic
 .text.xTaskCreate
                0x0000000008008654       0x8a Middlewares/Third_Party/FreeRTOS/Source/tasks.o
                0x0000000008008654                xTaskCreate
 .text.prvInitialiseNewTask
                0x00000000080086de      0x10c Middlewares/Third_Party/FreeRTOS/Source/tasks.o
 *fill*         0x00000000080087ea        0x2 
 .text.prvAddNewTaskToReadyList
                0x00000000080087ec       0xd4 Middlewares/Third_Party/FreeRTOS/Source/tasks.o
 .text.vTaskStartScheduler
                0x00000000080088c0       0xbc Middlewares/Third_Party/FreeRTOS/Source/tasks.o
                0x00000000080088c0                vTaskStartScheduler
 .text.vTaskSuspendAll
                0x000000000800897c       0x1c Middlewares/Third_Party/FreeRTOS/Source/tasks.o
                0x000000000800897c                vTaskSuspendAll
 .text.xTaskResumeAll
                0x0000000008008998      0x138 Middlewares/Third_Party/FreeRTOS/Source/tasks.o
                0x0000000008008998                xTaskResumeAll
 .text.xTaskIncrementTick
                0x0000000008008ad0      0x170 Middlewares/Third_Party/FreeRTOS/Source/tasks.o
                0x0000000008008ad0                xTaskIncrementTick
 .text.vTaskSwitchContext
                0x0000000008008c40       0xb4 Middlewares/Third_Party/FreeRTOS/Source/tasks.o
                0x0000000008008c40                vTaskSwitchContext
 .text.vTaskPlaceOnEventList
                0x0000000008008cf4       0x48 Middlewares/Third_Party/FreeRTOS/Source/tasks.o
                0x0000000008008cf4                vTaskPlaceOnEventList
 .text.xTaskRemoveFromEventList
                0x0000000008008d3c       0xc4 Middlewares/Third_Party/FreeRTOS/Source/tasks.o
                0x0000000008008d3c                xTaskRemoveFromEventList
 .text.vTaskInternalSetTimeOutState
                0x0000000008008e00       0x2c Middlewares/Third_Party/FreeRTOS/Source/tasks.o
                0x0000000008008e00                vTaskInternalSetTimeOutState
 .text.xTaskCheckForTimeOut
                0x0000000008008e2c       0xc0 Middlewares/Third_Party/FreeRTOS/Source/tasks.o
                0x0000000008008e2c                xTaskCheckForTimeOut
 .text.vTaskMissedYield
                0x0000000008008eec       0x18 Middlewares/Third_Party/FreeRTOS/Source/tasks.o
                0x0000000008008eec                vTaskMissedYield
 .text.prvIdleTask
                0x0000000008008f04       0x30 Middlewares/Third_Party/FreeRTOS/Source/tasks.o
 .text.prvInitialiseTaskLists
                0x0000000008008f34       0x80 Middlewares/Third_Party/FreeRTOS/Source/tasks.o
 .text.prvCheckTasksWaitingTermination
                0x0000000008008fb4       0x58 Middlewares/Third_Party/FreeRTOS/Source/tasks.o
 .text.prvDeleteTCB
                0x000000000800900c       0x5c Middlewares/Third_Party/FreeRTOS/Source/tasks.o
 .text.prvResetNextTaskUnblockTime
                0x0000000008009068       0x40 Middlewares/Third_Party/FreeRTOS/Source/tasks.o
 .text.xTaskGetSchedulerState
                0x00000000080090a8       0x3c Middlewares/Third_Party/FreeRTOS/Source/tasks.o
                0x00000000080090a8                xTaskGetSchedulerState
 .text.xTaskPriorityInherit
                0x00000000080090e4       0xec Middlewares/Third_Party/FreeRTOS/Source/tasks.o
                0x00000000080090e4                xTaskPriorityInherit
 .text.xTaskPriorityDisinherit
                0x00000000080091d0      0x108 Middlewares/Third_Party/FreeRTOS/Source/tasks.o
                0x00000000080091d0                xTaskPriorityDisinherit
 .text.vTaskPriorityDisinheritAfterTimeout
                0x00000000080092d8      0x118 Middlewares/Third_Party/FreeRTOS/Source/tasks.o
                0x00000000080092d8                vTaskPriorityDisinheritAfterTimeout
 .text.pvTaskIncrementMutexHeldCount
                0x00000000080093f0       0x28 Middlewares/Third_Party/FreeRTOS/Source/tasks.o
                0x00000000080093f0                pvTaskIncrementMutexHeldCount
 .text.prvAddCurrentTaskToDelayedList
                0x0000000008009418       0xcc Middlewares/Third_Party/FreeRTOS/Source/tasks.o
 .text.pxPortInitialiseStack
                0x00000000080094e4       0x68 Middlewares/Third_Party/FreeRTOS/Source/portable/GCC/ARM_CM4F/port.o
                0x00000000080094e4                pxPortInitialiseStack
 .text.prvTaskExitError
                0x000000000800954c       0x54 Middlewares/Third_Party/FreeRTOS/Source/portable/GCC/ARM_CM4F/port.o
 .text.SVC_Handler
                0x00000000080095a0       0x28 Middlewares/Third_Party/FreeRTOS/Source/portable/GCC/ARM_CM4F/port.o
                0x00000000080095a0                SVC_Handler
 .text.prvPortStartFirstTask
                0x00000000080095c8       0x28 Middlewares/Third_Party/FreeRTOS/Source/portable/GCC/ARM_CM4F/port.o
 .text.xPortStartScheduler
                0x00000000080095f0      0x13c Middlewares/Third_Party/FreeRTOS/Source/portable/GCC/ARM_CM4F/port.o
                0x00000000080095f0                xPortStartScheduler
 .text.vPortEnterCritical
                0x000000000800972c       0x5c Middlewares/Third_Party/FreeRTOS/Source/portable/GCC/ARM_CM4F/port.o
                0x000000000800972c                vPortEnterCritical
 .text.vPortExitCritical
                0x0000000008009788       0x50 Middlewares/Third_Party/FreeRTOS/Source/portable/GCC/ARM_CM4F/port.o
                0x0000000008009788                vPortExitCritical
 *fill*         0x00000000080097d8        0x8 
 .text.PendSV_Handler
                0x00000000080097e0       0x68 Middlewares/Third_Party/FreeRTOS/Source/portable/GCC/ARM_CM4F/port.o
                0x00000000080097e0                PendSV_Handler
 .text.SysTick_Handler
                0x0000000008009848       0x40 Middlewares/Third_Party/FreeRTOS/Source/portable/GCC/ARM_CM4F/port.o
                0x0000000008009848                SysTick_Handler
 .text.vPortSetupTimerInterrupt
                0x0000000008009888       0x48 Middlewares/Third_Party/FreeRTOS/Source/portable/GCC/ARM_CM4F/port.o
                0x0000000008009888                vPortSetupTimerInterrupt
 .text.vPortEnableVFP
                0x00000000080098d0       0x14 Middlewares/Third_Party/FreeRTOS/Source/portable/GCC/ARM_CM4F/port.o
 .text.vPortValidateInterruptPriority
                0x00000000080098e4       0x7c Middlewares/Third_Party/FreeRTOS/Source/portable/GCC/ARM_CM4F/port.o
                0x00000000080098e4                vPortValidateInterruptPriority
 .text.pvPortMalloc
                0x0000000008009960      0x190 Middlewares/Third_Party/FreeRTOS/Source/portable/MemMang/heap_4.o
                0x0000000008009960                pvPortMalloc
 .text.vPortFree
                0x0000000008009af0       0xc0 Middlewares/Third_Party/FreeRTOS/Source/portable/MemMang/heap_4.o
                0x0000000008009af0                vPortFree
 .text.prvHeapInit
                0x0000000008009bb0       0xc4 Middlewares/Third_Party/FreeRTOS/Source/portable/MemMang/heap_4.o
 .text.prvInsertBlockIntoFreeList
                0x0000000008009c74       0xb4 Middlewares/Third_Party/FreeRTOS/Source/portable/MemMang/heap_4.o
 .text.atoi     0x0000000008009d28        0x8 c:/st/stm32cubeide_1.4.0/stm32cubeide/plugins/com.st.stm32cube.ide.mcu.externaltools.gnu-tools-for-stm32.7-2018-q2-update.win32_1.4.0.202007081208/tools/bin/../lib/gcc/arm-none-eabi/7.3.1/../../../../arm-none-eabi/lib/thumb/v7e-m/fpv4-sp/hard\libc_nano.a(lib_a-atoi.o)
                0x0000000008009d28                atoi
 .text.calloc   0x0000000008009d30       0x10 c:/st/stm32cubeide_1.4.0/stm32cubeide/plugins/com.st.stm32cube.ide.mcu.externaltools.gnu-tools-for-stm32.7-2018-q2-update.win32_1.4.0.202007081208/tools/bin/../lib/gcc/arm-none-eabi/7.3.1/../../../../arm-none-eabi/lib/thumb/v7e-m/fpv4-sp/hard\libc_nano.a(lib_a-calloc.o)
                0x0000000008009d30                calloc
 .text.__errno  0x0000000008009d40        0xc c:/st/stm32cubeide_1.4.0/stm32cubeide/plugins/com.st.stm32cube.ide.mcu.externaltools.gnu-tools-for-stm32.7-2018-q2-update.win32_1.4.0.202007081208/tools/bin/../lib/gcc/arm-none-eabi/7.3.1/../../../../arm-none-eabi/lib/thumb/v7e-m/fpv4-sp/hard\libc_nano.a(lib_a-errno.o)
                0x0000000008009d40                __errno
 .text.__libc_init_array
                0x0000000008009d4c       0x48 c:/st/stm32cubeide_1.4.0/stm32cubeide/plugins/com.st.stm32cube.ide.mcu.externaltools.gnu-tools-for-stm32.7-2018-q2-update.win32_1.4.0.202007081208/tools/bin/../lib/gcc/arm-none-eabi/7.3.1/../../../../arm-none-eabi/lib/thumb/v7e-m/fpv4-sp/hard\libc_nano.a(lib_a-init.o)
                0x0000000008009d4c                __libc_init_array
 .text.memcpy   0x0000000008009d94       0x16 c:/st/stm32cubeide_1.4.0/stm32cubeide/plugins/com.st.stm32cube.ide.mcu.externaltools.gnu-tools-for-stm32.7-2018-q2-update.win32_1.4.0.202007081208/tools/bin/../lib/gcc/arm-none-eabi/7.3.1/../../../../arm-none-eabi/lib/thumb/v7e-m/fpv4-sp/hard\libc_nano.a(lib_a-memcpy-stub.o)
                0x0000000008009d94                memcpy
 .text.memset   0x0000000008009daa       0x10 c:/st/stm32cubeide_1.4.0/stm32cubeide/plugins/com.st.stm32cube.ide.mcu.externaltools.gnu-tools-for-stm32.7-2018-q2-update.win32_1.4.0.202007081208/tools/bin/../lib/gcc/arm-none-eabi/7.3.1/../../../../arm-none-eabi/lib/thumb/v7e-m/fpv4-sp/hard\libc_nano.a(lib_a-memset.o)
                0x0000000008009daa                memset
 .text._calloc_r
                0x0000000008009dba       0x1c c:/st/stm32cubeide_1.4.0/stm32cubeide/plugins/com.st.stm32cube.ide.mcu.externaltools.gnu-tools-for-stm32.7-2018-q2-update.win32_1.4.0.202007081208/tools/bin/../lib/gcc/arm-none-eabi/7.3.1/../../../../arm-none-eabi/lib/thumb/v7e-m/fpv4-sp/hard\libc_nano.a(lib_a-nano-callocr.o)
                0x0000000008009dba                _calloc_r
 *fill*         0x0000000008009dd6        0x2 
 .text._malloc_r
                0x0000000008009dd8       0xb4 c:/st/stm32cubeide_1.4.0/stm32cubeide/plugins/com.st.stm32cube.ide.mcu.externaltools.gnu-tools-for-stm32.7-2018-q2-update.win32_1.4.0.202007081208/tools/bin/../lib/gcc/arm-none-eabi/7.3.1/../../../../arm-none-eabi/lib/thumb/v7e-m/fpv4-sp/hard\libc_nano.a(lib_a-nano-mallocr.o)
                0x0000000008009dd8                _malloc_r
 .text.printf   0x0000000008009e8c       0x30 c:/st/stm32cubeide_1.4.0/stm32cubeide/plugins/com.st.stm32cube.ide.mcu.externaltools.gnu-tools-for-stm32.7-2018-q2-update.win32_1.4.0.202007081208/tools/bin/../lib/gcc/arm-none-eabi/7.3.1/../../../../arm-none-eabi/lib/thumb/v7e-m/fpv4-sp/hard\libc_nano.a(lib_a-printf.o)
                0x0000000008009e8c                iprintf
                0x0000000008009e8c                printf
 .text._puts_r  0x0000000008009ebc       0xb8 c:/st/stm32cubeide_1.4.0/stm32cubeide/plugins/com.st.stm32cube.ide.mcu.externaltools.gnu-tools-for-stm32.7-2018-q2-update.win32_1.4.0.202007081208/tools/bin/../lib/gcc/arm-none-eabi/7.3.1/../../../../arm-none-eabi/lib/thumb/v7e-m/fpv4-sp/hard\libc_nano.a(lib_a-puts.o)
                0x0000000008009ebc                _puts_r
 .text.puts     0x0000000008009f74       0x10 c:/st/stm32cubeide_1.4.0/stm32cubeide/plugins/com.st.stm32cube.ide.mcu.externaltools.gnu-tools-for-stm32.7-2018-q2-update.win32_1.4.0.202007081208/tools/bin/../lib/gcc/arm-none-eabi/7.3.1/../../../../arm-none-eabi/lib/thumb/v7e-m/fpv4-sp/hard\libc_nano.a(lib_a-puts.o)
                0x0000000008009f74                puts
 .text._sbrk_r  0x0000000008009f84       0x20 c:/st/stm32cubeide_1.4.0/stm32cubeide/plugins/com.st.stm32cube.ide.mcu.externaltools.gnu-tools-for-stm32.7-2018-q2-update.win32_1.4.0.202007081208/tools/bin/../lib/gcc/arm-none-eabi/7.3.1/../../../../arm-none-eabi/lib/thumb/v7e-m/fpv4-sp/hard\libc_nano.a(lib_a-sbrkr.o)
                0x0000000008009f84                _sbrk_r
 .text.sprintf  0x0000000008009fa4       0x40 c:/st/stm32cubeide_1.4.0/stm32cubeide/plugins/com.st.stm32cube.ide.mcu.externaltools.gnu-tools-for-stm32.7-2018-q2-update.win32_1.4.0.202007081208/tools/bin/../lib/gcc/arm-none-eabi/7.3.1/../../../../arm-none-eabi/lib/thumb/v7e-m/fpv4-sp/hard\libc_nano.a(lib_a-sprintf.o)
                0x0000000008009fa4                siprintf
                0x0000000008009fa4                sprintf
 .text._strtol_l.isra.0
                0x0000000008009fe4       0xf6 c:/st/stm32cubeide_1.4.0/stm32cubeide/plugins/com.st.stm32cube.ide.mcu.externaltools.gnu-tools-for-stm32.7-2018-q2-update.win32_1.4.0.202007081208/tools/bin/../lib/gcc/arm-none-eabi/7.3.1/../../../../arm-none-eabi/lib/thumb/v7e-m/fpv4-sp/hard\libc_nano.a(lib_a-strtol.o)
 *fill*         0x000000000800a0da        0x2 
 .text.strtol   0x000000000800a0dc       0x2c c:/st/stm32cubeide_1.4.0/stm32cubeide/plugins/com.st.stm32cube.ide.mcu.externaltools.gnu-tools-for-stm32.7-2018-q2-update.win32_1.4.0.202007081208/tools/bin/../lib/gcc/arm-none-eabi/7.3.1/../../../../arm-none-eabi/lib/thumb/v7e-m/fpv4-sp/hard\libc_nano.a(lib_a-strtol.o)
                0x000000000800a0dc                strtol
 .text.__swbuf_r
                0x000000000800a108       0xa4 c:/st/stm32cubeide_1.4.0/stm32cubeide/plugins/com.st.stm32cube.ide.mcu.externaltools.gnu-tools-for-stm32.7-2018-q2-update.win32_1.4.0.202007081208/tools/bin/../lib/gcc/arm-none-eabi/7.3.1/../../../../arm-none-eabi/lib/thumb/v7e-m/fpv4-sp/hard\libc_nano.a(lib_a-wbuf.o)
                0x000000000800a108                __swbuf_r
 .text.__swsetup_r
                0x000000000800a1ac       0xdc c:/st/stm32cubeide_1.4.0/stm32cubeide/plugins/com.st.stm32cube.ide.mcu.externaltools.gnu-tools-for-stm32.7-2018-q2-update.win32_1.4.0.202007081208/tools/bin/../lib/gcc/arm-none-eabi/7.3.1/../../../../arm-none-eabi/lib/thumb/v7e-m/fpv4-sp/hard\libc_nano.a(lib_a-wsetup.o)
                0x000000000800a1ac                __swsetup_r
 .text.__sflush_r
                0x000000000800a288      0x10c c:/st/stm32cubeide_1.4.0/stm32cubeide/plugins/com.st.stm32cube.ide.mcu.externaltools.gnu-tools-for-stm32.7-2018-q2-update.win32_1.4.0.202007081208/tools/bin/../lib/gcc/arm-none-eabi/7.3.1/../../../../arm-none-eabi/lib/thumb/v7e-m/fpv4-sp/hard\libc_nano.a(lib_a-fflush.o)
                0x000000000800a288                __sflush_r
 .text._fflush_r
                0x000000000800a394       0x54 c:/st/stm32cubeide_1.4.0/stm32cubeide/plugins/com.st.stm32cube.ide.mcu.externaltools.gnu-tools-for-stm32.7-2018-q2-update.win32_1.4.0.202007081208/tools/bin/../lib/gcc/arm-none-eabi/7.3.1/../../../../arm-none-eabi/lib/thumb/v7e-m/fpv4-sp/hard\libc_nano.a(lib_a-fflush.o)
                0x000000000800a394                _fflush_r
 .text.std      0x000000000800a3e8       0x48 c:/st/stm32cubeide_1.4.0/stm32cubeide/plugins/com.st.stm32cube.ide.mcu.externaltools.gnu-tools-for-stm32.7-2018-q2-update.win32_1.4.0.202007081208/tools/bin/../lib/gcc/arm-none-eabi/7.3.1/../../../../arm-none-eabi/lib/thumb/v7e-m/fpv4-sp/hard\libc_nano.a(lib_a-findfp.o)
 .text._cleanup_r
                0x000000000800a430        0xc c:/st/stm32cubeide_1.4.0/stm32cubeide/plugins/com.st.stm32cube.ide.mcu.externaltools.gnu-tools-for-stm32.7-2018-q2-update.win32_1.4.0.202007081208/tools/bin/../lib/gcc/arm-none-eabi/7.3.1/../../../../arm-none-eabi/lib/thumb/v7e-m/fpv4-sp/hard\libc_nano.a(lib_a-findfp.o)
                0x000000000800a430                _cleanup_r
 .text.__sfmoreglue
                0x000000000800a43c       0x2c c:/st/stm32cubeide_1.4.0/stm32cubeide/plugins/com.st.stm32cube.ide.mcu.externaltools.gnu-tools-for-stm32.7-2018-q2-update.win32_1.4.0.202007081208/tools/bin/../lib/gcc/arm-none-eabi/7.3.1/../../../../arm-none-eabi/lib/thumb/v7e-m/fpv4-sp/hard\libc_nano.a(lib_a-findfp.o)
                0x000000000800a43c                __sfmoreglue
 .text.__sinit  0x000000000800a468       0x60 c:/st/stm32cubeide_1.4.0/stm32cubeide/plugins/com.st.stm32cube.ide.mcu.externaltools.gnu-tools-for-stm32.7-2018-q2-update.win32_1.4.0.202007081208/tools/bin/../lib/gcc/arm-none-eabi/7.3.1/../../../../arm-none-eabi/lib/thumb/v7e-m/fpv4-sp/hard\libc_nano.a(lib_a-findfp.o)
                0x000000000800a468                __sinit
 .text.__sfp    0x000000000800a4c8       0x78 c:/st/stm32cubeide_1.4.0/stm32cubeide/plugins/com.st.stm32cube.ide.mcu.externaltools.gnu-tools-for-stm32.7-2018-q2-update.win32_1.4.0.202007081208/tools/bin/../lib/gcc/arm-none-eabi/7.3.1/../../../../arm-none-eabi/lib/thumb/v7e-m/fpv4-sp/hard\libc_nano.a(lib_a-findfp.o)
                0x000000000800a4c8                __sfp
 .text._fwalk_reent
                0x000000000800a540       0x3c c:/st/stm32cubeide_1.4.0/stm32cubeide/plugins/com.st.stm32cube.ide.mcu.externaltools.gnu-tools-for-stm32.7-2018-q2-update.win32_1.4.0.202007081208/tools/bin/../lib/gcc/arm-none-eabi/7.3.1/../../../../arm-none-eabi/lib/thumb/v7e-m/fpv4-sp/hard\libc_nano.a(lib_a-fwalk.o)
                0x000000000800a540                _fwalk_reent
 .text.__locale_ctype_ptr_l
                0x000000000800a57c        0x6 c:/st/stm32cubeide_1.4.0/stm32cubeide/plugins/com.st.stm32cube.ide.mcu.externaltools.gnu-tools-for-stm32.7-2018-q2-update.win32_1.4.0.202007081208/tools/bin/../lib/gcc/arm-none-eabi/7.3.1/../../../../arm-none-eabi/lib/thumb/v7e-m/fpv4-sp/hard\libc_nano.a(lib_a-locale.o)
                0x000000000800a57c                __locale_ctype_ptr_l
 .text.__swhatbuf_r
                0x000000000800a582       0x48 c:/st/stm32cubeide_1.4.0/stm32cubeide/plugins/com.st.stm32cube.ide.mcu.externaltools.gnu-tools-for-stm32.7-2018-q2-update.win32_1.4.0.202007081208/tools/bin/../lib/gcc/arm-none-eabi/7.3.1/../../../../arm-none-eabi/lib/thumb/v7e-m/fpv4-sp/hard\libc_nano.a(lib_a-makebuf.o)
                0x000000000800a582                __swhatbuf_r
 *fill*         0x000000000800a5ca        0x2 
 .text.__smakebuf_r
                0x000000000800a5cc       0x80 c:/st/stm32cubeide_1.4.0/stm32cubeide/plugins/com.st.stm32cube.ide.mcu.externaltools.gnu-tools-for-stm32.7-2018-q2-update.win32_1.4.0.202007081208/tools/bin/../lib/gcc/arm-none-eabi/7.3.1/../../../../arm-none-eabi/lib/thumb/v7e-m/fpv4-sp/hard\libc_nano.a(lib_a-makebuf.o)
                0x000000000800a5cc                __smakebuf_r
 .text.__ascii_mbtowc
                0x000000000800a64c       0x24 c:/st/stm32cubeide_1.4.0/stm32cubeide/plugins/com.st.stm32cube.ide.mcu.externaltools.gnu-tools-for-stm32.7-2018-q2-update.win32_1.4.0.202007081208/tools/bin/../lib/gcc/arm-none-eabi/7.3.1/../../../../arm-none-eabi/lib/thumb/v7e-m/fpv4-sp/hard\libc_nano.a(lib_a-mbtowc_r.o)
                0x000000000800a64c                __ascii_mbtowc
 .text.__malloc_lock
                0x000000000800a670        0x2 c:/st/stm32cubeide_1.4.0/stm32cubeide/plugins/com.st.stm32cube.ide.mcu.externaltools.gnu-tools-for-stm32.7-2018-q2-update.win32_1.4.0.202007081208/tools/bin/../lib/gcc/arm-none-eabi/7.3.1/../../../../arm-none-eabi/lib/thumb/v7e-m/fpv4-sp/hard\libc_nano.a(lib_a-mlock.o)
                0x000000000800a670                __malloc_lock
 .text.__malloc_unlock
                0x000000000800a672        0x2 c:/st/stm32cubeide_1.4.0/stm32cubeide/plugins/com.st.stm32cube.ide.mcu.externaltools.gnu-tools-for-stm32.7-2018-q2-update.win32_1.4.0.202007081208/tools/bin/../lib/gcc/arm-none-eabi/7.3.1/../../../../arm-none-eabi/lib/thumb/v7e-m/fpv4-sp/hard\libc_nano.a(lib_a-mlock.o)
                0x000000000800a672                __malloc_unlock
 .text._free_r  0x000000000800a674       0x9c c:/st/stm32cubeide_1.4.0/stm32cubeide/plugins/com.st.stm32cube.ide.mcu.externaltools.gnu-tools-for-stm32.7-2018-q2-update.win32_1.4.0.202007081208/tools/bin/../lib/gcc/arm-none-eabi/7.3.1/../../../../arm-none-eabi/lib/thumb/v7e-m/fpv4-sp/hard\libc_nano.a(lib_a-nano-freer.o)
                0x000000000800a674                _free_r
 .text.__ssputs_r
                0x000000000800a710       0xb4 c:/st/stm32cubeide_1.4.0/stm32cubeide/plugins/com.st.stm32cube.ide.mcu.externaltools.gnu-tools-for-stm32.7-2018-q2-update.win32_1.4.0.202007081208/tools/bin/../lib/gcc/arm-none-eabi/7.3.1/../../../../arm-none-eabi/lib/thumb/v7e-m/fpv4-sp/hard\libc_nano.a(lib_a-nano-svfprintf.o)
                0x000000000800a710                __ssputs_r
 .text._svfprintf_r
                0x000000000800a7c4      0x1f0 c:/st/stm32cubeide_1.4.0/stm32cubeide/plugins/com.st.stm32cube.ide.mcu.externaltools.gnu-tools-for-stm32.7-2018-q2-update.win32_1.4.0.202007081208/tools/bin/../lib/gcc/arm-none-eabi/7.3.1/../../../../arm-none-eabi/lib/thumb/v7e-m/fpv4-sp/hard\libc_nano.a(lib_a-nano-svfprintf.o)
                0x000000000800a7c4                _svfiprintf_r
                0x000000000800a7c4                _svfprintf_r
 .text.__sfputc_r
                0x000000000800a9b4       0x2e c:/st/stm32cubeide_1.4.0/stm32cubeide/plugins/com.st.stm32cube.ide.mcu.externaltools.gnu-tools-for-stm32.7-2018-q2-update.win32_1.4.0.202007081208/tools/bin/../lib/gcc/arm-none-eabi/7.3.1/../../../../arm-none-eabi/lib/thumb/v7e-m/fpv4-sp/hard\libc_nano.a(lib_a-nano-vfprintf.o)
 .text.__sfputs_r
                0x000000000800a9e2       0x24 c:/st/stm32cubeide_1.4.0/stm32cubeide/plugins/com.st.stm32cube.ide.mcu.externaltools.gnu-tools-for-stm32.7-2018-q2-update.win32_1.4.0.202007081208/tools/bin/../lib/gcc/arm-none-eabi/7.3.1/../../../../arm-none-eabi/lib/thumb/v7e-m/fpv4-sp/hard\libc_nano.a(lib_a-nano-vfprintf.o)
                0x000000000800a9e2                __sfputs_r
 *fill*         0x000000000800aa06        0x2 
 .text._vfprintf_r
                0x000000000800aa08      0x22c c:/st/stm32cubeide_1.4.0/stm32cubeide/plugins/com.st.stm32cube.ide.mcu.externaltools.gnu-tools-for-stm32.7-2018-q2-update.win32_1.4.0.202007081208/tools/bin/../lib/gcc/arm-none-eabi/7.3.1/../../../../arm-none-eabi/lib/thumb/v7e-m/fpv4-sp/hard\libc_nano.a(lib_a-nano-vfprintf.o)
                0x000000000800aa08                _vfprintf_r
                0x000000000800aa08                _vfiprintf_r
 .text._printf_common
                0x000000000800ac34       0xea c:/st/stm32cubeide_1.4.0/stm32cubeide/plugins/com.st.stm32cube.ide.mcu.externaltools.gnu-tools-for-stm32.7-2018-q2-update.win32_1.4.0.202007081208/tools/bin/../lib/gcc/arm-none-eabi/7.3.1/../../../../arm-none-eabi/lib/thumb/v7e-m/fpv4-sp/hard\libc_nano.a(lib_a-nano-vfprintf_i.o)
                0x000000000800ac34                _printf_common
 *fill*         0x000000000800ad1e        0x2 
 .text._printf_i
                0x000000000800ad20      0x224 c:/st/stm32cubeide_1.4.0/stm32cubeide/plugins/com.st.stm32cube.ide.mcu.externaltools.gnu-tools-for-stm32.7-2018-q2-update.win32_1.4.0.202007081208/tools/bin/../lib/gcc/arm-none-eabi/7.3.1/../../../../arm-none-eabi/lib/thumb/v7e-m/fpv4-sp/hard\libc_nano.a(lib_a-nano-vfprintf_i.o)
                0x000000000800ad20                _printf_i
 .text.__sread  0x000000000800af44       0x22 c:/st/stm32cubeide_1.4.0/stm32cubeide/plugins/com.st.stm32cube.ide.mcu.externaltools.gnu-tools-for-stm32.7-2018-q2-update.win32_1.4.0.202007081208/tools/bin/../lib/gcc/arm-none-eabi/7.3.1/../../../../arm-none-eabi/lib/thumb/v7e-m/fpv4-sp/hard\libc_nano.a(lib_a-stdio.o)
                0x000000000800af44                __sread
 .text.__swrite
                0x000000000800af66       0x38 c:/st/stm32cubeide_1.4.0/stm32cubeide/plugins/com.st.stm32cube.ide.mcu.externaltools.gnu-tools-for-stm32.7-2018-q2-update.win32_1.4.0.202007081208/tools/bin/../lib/gcc/arm-none-eabi/7.3.1/../../../../arm-none-eabi/lib/thumb/v7e-m/fpv4-sp/hard\libc_nano.a(lib_a-stdio.o)
                0x000000000800af66                __swrite
 .text.__sseek  0x000000000800af9e       0x24 c:/st/stm32cubeide_1.4.0/stm32cubeide/plugins/com.st.stm32cube.ide.mcu.externaltools.gnu-tools-for-stm32.7-2018-q2-update.win32_1.4.0.202007081208/tools/bin/../lib/gcc/arm-none-eabi/7.3.1/../../../../arm-none-eabi/lib/thumb/v7e-m/fpv4-sp/hard\libc_nano.a(lib_a-stdio.o)
                0x000000000800af9e                __sseek
 .text.__sclose
                0x000000000800afc2        0x8 c:/st/stm32cubeide_1.4.0/stm32cubeide/plugins/com.st.stm32cube.ide.mcu.externaltools.gnu-tools-for-stm32.7-2018-q2-update.win32_1.4.0.202007081208/tools/bin/../lib/gcc/arm-none-eabi/7.3.1/../../../../arm-none-eabi/lib/thumb/v7e-m/fpv4-sp/hard\libc_nano.a(lib_a-stdio.o)
                0x000000000800afc2                __sclose
 .text.__ascii_wctomb
                0x000000000800afca       0x1a c:/st/stm32cubeide_1.4.0/stm32cubeide/plugins/com.st.stm32cube.ide.mcu.externaltools.gnu-tools-for-stm32.7-2018-q2-update.win32_1.4.0.202007081208/tools/bin/../lib/gcc/arm-none-eabi/7.3.1/../../../../arm-none-eabi/lib/thumb/v7e-m/fpv4-sp/hard\libc_nano.a(lib_a-wctomb_r.o)
                0x000000000800afca                __ascii_wctomb
 .text._write_r
                0x000000000800afe4       0x24 c:/st/stm32cubeide_1.4.0/stm32cubeide/plugins/com.st.stm32cube.ide.mcu.externaltools.gnu-tools-for-stm32.7-2018-q2-update.win32_1.4.0.202007081208/tools/bin/../lib/gcc/arm-none-eabi/7.3.1/../../../../arm-none-eabi/lib/thumb/v7e-m/fpv4-sp/hard\libc_nano.a(lib_a-writer.o)
                0x000000000800afe4                _write_r
 .text._close_r
                0x000000000800b008       0x20 c:/st/stm32cubeide_1.4.0/stm32cubeide/plugins/com.st.stm32cube.ide.mcu.externaltools.gnu-tools-for-stm32.7-2018-q2-update.win32_1.4.0.202007081208/tools/bin/../lib/gcc/arm-none-eabi/7.3.1/../../../../arm-none-eabi/lib/thumb/v7e-m/fpv4-sp/hard\libc_nano.a(lib_a-closer.o)
                0x000000000800b008                _close_r
 .text._fstat_r
                0x000000000800b028       0x24 c:/st/stm32cubeide_1.4.0/stm32cubeide/plugins/com.st.stm32cube.ide.mcu.externaltools.gnu-tools-for-stm32.7-2018-q2-update.win32_1.4.0.202007081208/tools/bin/../lib/gcc/arm-none-eabi/7.3.1/../../../../arm-none-eabi/lib/thumb/v7e-m/fpv4-sp/hard\libc_nano.a(lib_a-fstatr.o)
                0x000000000800b028                _fstat_r
 .text._isatty_r
                0x000000000800b04c       0x20 c:/st/stm32cubeide_1.4.0/stm32cubeide/plugins/com.st.stm32cube.ide.mcu.externaltools.gnu-tools-for-stm32.7-2018-q2-update.win32_1.4.0.202007081208/tools/bin/../lib/gcc/arm-none-eabi/7.3.1/../../../../arm-none-eabi/lib/thumb/v7e-m/fpv4-sp/hard\libc_nano.a(lib_a-isattyr.o)
                0x000000000800b04c                _isatty_r
 .text._lseek_r
                0x000000000800b06c       0x24 c:/st/stm32cubeide_1.4.0/stm32cubeide/plugins/com.st.stm32cube.ide.mcu.externaltools.gnu-tools-for-stm32.7-2018-q2-update.win32_1.4.0.202007081208/tools/bin/../lib/gcc/arm-none-eabi/7.3.1/../../../../arm-none-eabi/lib/thumb/v7e-m/fpv4-sp/hard\libc_nano.a(lib_a-lseekr.o)
                0x000000000800b06c                _lseek_r
 .text.memmove  0x000000000800b090       0x32 c:/st/stm32cubeide_1.4.0/stm32cubeide/plugins/com.st.stm32cube.ide.mcu.externaltools.gnu-tools-for-stm32.7-2018-q2-update.win32_1.4.0.202007081208/tools/bin/../lib/gcc/arm-none-eabi/7.3.1/../../../../arm-none-eabi/lib/thumb/v7e-m/fpv4-sp/hard\libc_nano.a(lib_a-memmove.o)
                0x000000000800b090                memmove
 .text._realloc_r
                0x000000000800b0c2       0x4c c:/st/stm32cubeide_1.4.0/stm32cubeide/plugins/com.st.stm32cube.ide.mcu.externaltools.gnu-tools-for-stm32.7-2018-q2-update.win32_1.4.0.202007081208/tools/bin/../lib/gcc/arm-none-eabi/7.3.1/../../../../arm-none-eabi/lib/thumb/v7e-m/fpv4-sp/hard\libc_nano.a(lib_a-nano-reallocr.o)
                0x000000000800b0c2                _realloc_r
 *fill*         0x000000000800b10e        0x2 
 .text._read_r  0x000000000800b110       0x24 c:/st/stm32cubeide_1.4.0/stm32cubeide/plugins/com.st.stm32cube.ide.mcu.externaltools.gnu-tools-for-stm32.7-2018-q2-update.win32_1.4.0.202007081208/tools/bin/../lib/gcc/arm-none-eabi/7.3.1/../../../../arm-none-eabi/lib/thumb/v7e-m/fpv4-sp/hard\libc_nano.a(lib_a-readr.o)
                0x000000000800b110                _read_r
 .text._malloc_usable_size_r
                0x000000000800b134       0x10 c:/st/stm32cubeide_1.4.0/stm32cubeide/plugins/com.st.stm32cube.ide.mcu.externaltools.gnu-tools-for-stm32.7-2018-q2-update.win32_1.4.0.202007081208/tools/bin/../lib/gcc/arm-none-eabi/7.3.1/../../../../arm-none-eabi/lib/thumb/v7e-m/fpv4-sp/hard\libc_nano.a(lib_a-nano-msizer.o)
                0x000000000800b134                _malloc_usable_size_r
 *(.glue_7)
 .glue_7        0x000000000800b144        0x0 linker stubs
 *(.glue_7t)
 .glue_7t       0x000000000800b144        0x0 linker stubs
 *(.eh_frame)
 .eh_frame      0x000000000800b144        0x0 c:/st/stm32cubeide_1.4.0/stm32cubeide/plugins/com.st.stm32cube.ide.mcu.externaltools.gnu-tools-for-stm32.7-2018-q2-update.win32_1.4.0.202007081208/tools/bin/../lib/gcc/arm-none-eabi/7.3.1/thumb/v7e-m/fpv4-sp/hard/crtbegin.o
 *(.init)
 .init          0x000000000800b144        0x4 c:/st/stm32cubeide_1.4.0/stm32cubeide/plugins/com.st.stm32cube.ide.mcu.externaltools.gnu-tools-for-stm32.7-2018-q2-update.win32_1.4.0.202007081208/tools/bin/../lib/gcc/arm-none-eabi/7.3.1/thumb/v7e-m/fpv4-sp/hard/crti.o
                0x000000000800b144                _init
 .init          0x000000000800b148        0x8 c:/st/stm32cubeide_1.4.0/stm32cubeide/plugins/com.st.stm32cube.ide.mcu.externaltools.gnu-tools-for-stm32.7-2018-q2-update.win32_1.4.0.202007081208/tools/bin/../lib/gcc/arm-none-eabi/7.3.1/thumb/v7e-m/fpv4-sp/hard/crtn.o
 *(.fini)
 .fini          0x000000000800b150        0x4 c:/st/stm32cubeide_1.4.0/stm32cubeide/plugins/com.st.stm32cube.ide.mcu.externaltools.gnu-tools-for-stm32.7-2018-q2-update.win32_1.4.0.202007081208/tools/bin/../lib/gcc/arm-none-eabi/7.3.1/thumb/v7e-m/fpv4-sp/hard/crti.o
                0x000000000800b150                _fini
 .fini          0x000000000800b154        0x8 c:/st/stm32cubeide_1.4.0/stm32cubeide/plugins/com.st.stm32cube.ide.mcu.externaltools.gnu-tools-for-stm32.7-2018-q2-update.win32_1.4.0.202007081208/tools/bin/../lib/gcc/arm-none-eabi/7.3.1/thumb/v7e-m/fpv4-sp/hard/crtn.o
                0x000000000800b15c                . = ALIGN (0x4)
                0x000000000800b15c                _etext = .

.vfp11_veneer   0x000000000800b15c        0x0
 .vfp11_veneer  0x000000000800b15c        0x0 linker stubs

.v4_bx          0x000000000800b15c        0x0
 .v4_bx         0x000000000800b15c        0x0 linker stubs

.iplt           0x000000000800b15c        0x0
 .iplt          0x000000000800b15c        0x0 c:/st/stm32cubeide_1.4.0/stm32cubeide/plugins/com.st.stm32cube.ide.mcu.externaltools.gnu-tools-for-stm32.7-2018-q2-update.win32_1.4.0.202007081208/tools/bin/../lib/gcc/arm-none-eabi/7.3.1/thumb/v7e-m/fpv4-sp/hard/crtbegin.o

.rodata         0x000000000800b15c      0x618
                0x000000000800b15c                . = ALIGN (0x4)
 *(.rodata)
 .rodata        0x000000000800b15c      0x221 Core/Src/command.o
 *fill*         0x000000000800b37d        0x3 
 .rodata        0x000000000800b380       0x67 Core/Src/freertos.o
 *fill*         0x000000000800b3e7        0x1 
 .rodata        0x000000000800b3e8       0x5a Core/Src/main.o
 *fill*         0x000000000800b442        0x2 
 .rodata        0x000000000800b444       0xa5 Core/Src/sdcard.o
 *fill*         0x000000000800b4e9        0x3 
 .rodata        0x000000000800b4ec       0x44 Middlewares/Third_Party/FatFs/src/ff.o
 .rodata        0x000000000800b530        0x5 Middlewares/Third_Party/FreeRTOS/Source/tasks.o
 *(.rodata*)
 *fill*         0x000000000800b535        0x3 
 .rodata.AHBPrescTable
                0x000000000800b538       0x10 Core/Src/system_stm32f4xx.o
                0x000000000800b538                AHBPrescTable
 .rodata.APBPrescTable
                0x000000000800b548        0x8 Core/Src/system_stm32f4xx.o
                0x000000000800b548                APBPrescTable
 .rodata.ExCvt  0x000000000800b550       0x80 Middlewares/Third_Party/FatFs/src/ff.o
 .rodata._global_impure_ptr
                0x000000000800b5d0        0x4 c:/st/stm32cubeide_1.4.0/stm32cubeide/plugins/com.st.stm32cube.ide.mcu.externaltools.gnu-tools-for-stm32.7-2018-q2-update.win32_1.4.0.202007081208/tools/bin/../lib/gcc/arm-none-eabi/7.3.1/../../../../arm-none-eabi/lib/thumb/v7e-m/fpv4-sp/hard\libc_nano.a(lib_a-impure.o)
                0x000000000800b5d0                _global_impure_ptr
 .rodata.__sf_fake_stderr
                0x000000000800b5d4       0x20 c:/st/stm32cubeide_1.4.0/stm32cubeide/plugins/com.st.stm32cube.ide.mcu.externaltools.gnu-tools-for-stm32.7-2018-q2-update.win32_1.4.0.202007081208/tools/bin/../lib/gcc/arm-none-eabi/7.3.1/../../../../arm-none-eabi/lib/thumb/v7e-m/fpv4-sp/hard\libc_nano.a(lib_a-findfp.o)
                0x000000000800b5d4                __sf_fake_stderr
 .rodata.__sf_fake_stdin
                0x000000000800b5f4       0x20 c:/st/stm32cubeide_1.4.0/stm32cubeide/plugins/com.st.stm32cube.ide.mcu.externaltools.gnu-tools-for-stm32.7-2018-q2-update.win32_1.4.0.202007081208/tools/bin/../lib/gcc/arm-none-eabi/7.3.1/../../../../arm-none-eabi/lib/thumb/v7e-m/fpv4-sp/hard\libc_nano.a(lib_a-findfp.o)
                0x000000000800b5f4                __sf_fake_stdin
 .rodata.__sf_fake_stdout
                0x000000000800b614       0x20 c:/st/stm32cubeide_1.4.0/stm32cubeide/plugins/com.st.stm32cube.ide.mcu.externaltools.gnu-tools-for-stm32.7-2018-q2-update.win32_1.4.0.202007081208/tools/bin/../lib/gcc/arm-none-eabi/7.3.1/../../../../arm-none-eabi/lib/thumb/v7e-m/fpv4-sp/hard\libc_nano.a(lib_a-findfp.o)
                0x000000000800b614                __sf_fake_stdout
 .rodata._setlocale_r.str1.1
                0x000000000800b634        0x8 c:/st/stm32cubeide_1.4.0/stm32cubeide/plugins/com.st.stm32cube.ide.mcu.externaltools.gnu-tools-for-stm32.7-2018-q2-update.win32_1.4.0.202007081208/tools/bin/../lib/gcc/arm-none-eabi/7.3.1/../../../../arm-none-eabi/lib/thumb/v7e-m/fpv4-sp/hard\libc_nano.a(lib_a-locale.o)
                                          0x9 (size before relaxing)
 .rodata.str1.1
                0x000000000800b63c        0x2 c:/st/stm32cubeide_1.4.0/stm32cubeide/plugins/com.st.stm32cube.ide.mcu.externaltools.gnu-tools-for-stm32.7-2018-q2-update.win32_1.4.0.202007081208/tools/bin/../lib/gcc/arm-none-eabi/7.3.1/../../../../arm-none-eabi/lib/thumb/v7e-m/fpv4-sp/hard\libc_nano.a(lib_a-locale.o)
 .rodata._svfprintf_r.str1.1
                0x000000000800b63e       0x11 c:/st/stm32cubeide_1.4.0/stm32cubeide/plugins/com.st.stm32cube.ide.mcu.externaltools.gnu-tools-for-stm32.7-2018-q2-update.win32_1.4.0.202007081208/tools/bin/../lib/gcc/arm-none-eabi/7.3.1/../../../../arm-none-eabi/lib/thumb/v7e-m/fpv4-sp/hard\libc_nano.a(lib_a-nano-svfprintf.o)
 .rodata._vfprintf_r.str1.1
                0x000000000800b64f       0x11 c:/st/stm32cubeide_1.4.0/stm32cubeide/plugins/com.st.stm32cube.ide.mcu.externaltools.gnu-tools-for-stm32.7-2018-q2-update.win32_1.4.0.202007081208/tools/bin/../lib/gcc/arm-none-eabi/7.3.1/../../../../arm-none-eabi/lib/thumb/v7e-m/fpv4-sp/hard\libc_nano.a(lib_a-nano-vfprintf.o)
 .rodata._printf_i.str1.1
                0x000000000800b64f       0x22 c:/st/stm32cubeide_1.4.0/stm32cubeide/plugins/com.st.stm32cube.ide.mcu.externaltools.gnu-tools-for-stm32.7-2018-q2-update.win32_1.4.0.202007081208/tools/bin/../lib/gcc/arm-none-eabi/7.3.1/../../../../arm-none-eabi/lib/thumb/v7e-m/fpv4-sp/hard\libc_nano.a(lib_a-nano-vfprintf_i.o)
 .rodata._ctype_
                0x000000000800b671      0x101 c:/st/stm32cubeide_1.4.0/stm32cubeide/plugins/com.st.stm32cube.ide.mcu.externaltools.gnu-tools-for-stm32.7-2018-q2-update.win32_1.4.0.202007081208/tools/bin/../lib/gcc/arm-none-eabi/7.3.1/../../../../arm-none-eabi/lib/thumb/v7e-m/fpv4-sp/hard\libc_nano.a(lib_a-ctype_.o)
                0x000000000800b671                _ctype_
                0x000000000800b774                . = ALIGN (0x4)
 *fill*         0x000000000800b772        0x2 

.ARM.extab      0x000000000800b774        0x0
                0x000000000800b774                . = ALIGN (0x4)
 *(.ARM.extab* .gnu.linkonce.armextab.*)
                0x000000000800b774                . = ALIGN (0x4)

.ARM            0x000000000800b774        0x8
                0x000000000800b774                . = ALIGN (0x4)
                0x000000000800b774                __exidx_start = .
 *(.ARM.exidx*)
 .ARM.exidx     0x000000000800b774        0x8 c:/st/stm32cubeide_1.4.0/stm32cubeide/plugins/com.st.stm32cube.ide.mcu.externaltools.gnu-tools-for-stm32.7-2018-q2-update.win32_1.4.0.202007081208/tools/bin/../lib/gcc/arm-none-eabi/7.3.1/thumb/v7e-m/fpv4-sp/hard\libgcc.a(_udivmoddi4.o)
                0x000000000800b77c                __exidx_end = .
                0x000000000800b77c                . = ALIGN (0x4)

.rel.dyn        0x000000000800b77c        0x0
 .rel.iplt      0x000000000800b77c        0x0 c:/st/stm32cubeide_1.4.0/stm32cubeide/plugins/com.st.stm32cube.ide.mcu.externaltools.gnu-tools-for-stm32.7-2018-q2-update.win32_1.4.0.202007081208/tools/bin/../lib/gcc/arm-none-eabi/7.3.1/thumb/v7e-m/fpv4-sp/hard/crtbegin.o

.preinit_array  0x000000000800b77c        0x0
                0x000000000800b77c                . = ALIGN (0x4)
                0x000000000800b77c                PROVIDE (__preinit_array_start = .)
 *(.preinit_array*)
                0x000000000800b77c                PROVIDE (__preinit_array_end = .)
                0x000000000800b77c                . = ALIGN (0x4)

.init_array     0x000000000800b77c        0x4
                0x000000000800b77c                . = ALIGN (0x4)
                0x000000000800b77c                PROVIDE (__init_array_start = .)
 *(SORT_BY_NAME(.init_array.*))
 *(.init_array*)
 .init_array    0x000000000800b77c        0x4 c:/st/stm32cubeide_1.4.0/stm32cubeide/plugins/com.st.stm32cube.ide.mcu.externaltools.gnu-tools-for-stm32.7-2018-q2-update.win32_1.4.0.202007081208/tools/bin/../lib/gcc/arm-none-eabi/7.3.1/thumb/v7e-m/fpv4-sp/hard/crtbegin.o
                0x000000000800b780                PROVIDE (__init_array_end = .)
                0x000000000800b780                . = ALIGN (0x4)

.fini_array     0x000000000800b780        0x4
                0x000000000800b780                . = ALIGN (0x4)
                [!provide]                        PROVIDE (__fini_array_start = .)
 *(SORT_BY_NAME(.fini_array.*))
 *(.fini_array*)
 .fini_array    0x000000000800b780        0x4 c:/st/stm32cubeide_1.4.0/stm32cubeide/plugins/com.st.stm32cube.ide.mcu.externaltools.gnu-tools-for-stm32.7-2018-q2-update.win32_1.4.0.202007081208/tools/bin/../lib/gcc/arm-none-eabi/7.3.1/thumb/v7e-m/fpv4-sp/hard/crtbegin.o
                [!provide]                        PROVIDE (__fini_array_end = .)
                0x000000000800b784                . = ALIGN (0x4)
                0x000000000800b784                _sidata = LOADADDR (.data)

.data           0x0000000020000000      0x264 load address 0x000000000800b784
                0x0000000020000000                . = ALIGN (0x4)
                0x0000000020000000                _sdata = .
 *(.data)
 *(.data*)
 .data.g_psCmdTable
                0x0000000020000000       0x6c Core/Src/command.o
                0x0000000020000000                g_psCmdTable
 .data.Stat     0x000000002000006c        0x1 Core/Src/fatfs_sd.o
 *fill*         0x000000002000006d        0x3 
 .data.SystemCoreClock
                0x0000000020000070        0x4 Core/Src/system_stm32f4xx.o
                0x0000000020000070                SystemCoreClock
 .data.uwTickPrio
                0x0000000020000074        0x4 Drivers/STM32F4xx_HAL_Driver/Src/stm32f4xx_hal.o
                0x0000000020000074                uwTickPrio
 .data.uwTickFreq
                0x0000000020000078        0x1 Drivers/STM32F4xx_HAL_Driver/Src/stm32f4xx_hal.o
                0x0000000020000078                uwTickFreq
 .data.Stat     0x0000000020000079        0x1 FATFS/Target/user_diskio.o
 *fill*         0x000000002000007a        0x2 
 .data.USER_Driver
                0x000000002000007c       0x14 FATFS/Target/user_diskio.o
                0x000000002000007c                USER_Driver
 .data.uxCriticalNesting
                0x0000000020000090        0x4 Middlewares/Third_Party/FreeRTOS/Source/portable/GCC/ARM_CM4F/port.o
 .data._impure_ptr
                0x0000000020000094        0x4 c:/st/stm32cubeide_1.4.0/stm32cubeide/plugins/com.st.stm32cube.ide.mcu.externaltools.gnu-tools-for-stm32.7-2018-q2-update.win32_1.4.0.202007081208/tools/bin/../lib/gcc/arm-none-eabi/7.3.1/../../../../arm-none-eabi/lib/thumb/v7e-m/fpv4-sp/hard\libc_nano.a(lib_a-impure.o)
                0x0000000020000094                _impure_ptr
 .data.impure_data
                0x0000000020000098       0x60 c:/st/stm32cubeide_1.4.0/stm32cubeide/plugins/com.st.stm32cube.ide.mcu.externaltools.gnu-tools-for-stm32.7-2018-q2-update.win32_1.4.0.202007081208/tools/bin/../lib/gcc/arm-none-eabi/7.3.1/../../../../arm-none-eabi/lib/thumb/v7e-m/fpv4-sp/hard\libc_nano.a(lib_a-impure.o)
 .data.__global_locale
                0x00000000200000f8      0x16c c:/st/stm32cubeide_1.4.0/stm32cubeide/plugins/com.st.stm32cube.ide.mcu.externaltools.gnu-tools-for-stm32.7-2018-q2-update.win32_1.4.0.202007081208/tools/bin/../lib/gcc/arm-none-eabi/7.3.1/../../../../arm-none-eabi/lib/thumb/v7e-m/fpv4-sp/hard\libc_nano.a(lib_a-locale.o)
                0x00000000200000f8                __global_locale
 *(.RamFunc)
 *(.RamFunc*)
                0x0000000020000264                . = ALIGN (0x4)
                0x0000000020000264                _edata = .

.igot.plt       0x0000000020000264        0x0 load address 0x000000000800b9e8
 .igot.plt      0x0000000020000264        0x0 c:/st/stm32cubeide_1.4.0/stm32cubeide/plugins/com.st.stm32cube.ide.mcu.externaltools.gnu-tools-for-stm32.7-2018-q2-update.win32_1.4.0.202007081208/tools/bin/../lib/gcc/arm-none-eabi/7.3.1/thumb/v7e-m/fpv4-sp/hard/crtbegin.o
                0x0000000020000264                . = ALIGN (0x4)

.bss            0x0000000020000264     0x4c54 load address 0x000000000800b9e8
                0x0000000020000264                _sbss = .
                0x0000000020000264                __bss_start__ = _sbss
 *(.bss)
 .bss           0x0000000020000264       0x1c c:/st/stm32cubeide_1.4.0/stm32cubeide/plugins/com.st.stm32cube.ide.mcu.externaltools.gnu-tools-for-stm32.7-2018-q2-update.win32_1.4.0.202007081208/tools/bin/../lib/gcc/arm-none-eabi/7.3.1/thumb/v7e-m/fpv4-sp/hard/crtbegin.o
 *(.bss*)
 .bss.g_ppcArgv
                0x0000000020000280       0x2c Core/Src/cmdline.o
 .bss.commandBufferIndex
                0x00000000200002ac        0x4 Core/Src/command.o
                0x00000000200002ac                commandBufferIndex
 .bss.gotCommandFlag
                0x00000000200002b0        0x4 Core/Src/command.o
                0x00000000200002b0                gotCommandFlag
 .bss.CardType  0x00000000200002b4        0x1 Core/Src/fatfs_sd.o
 .bss.PowerFlag
                0x00000000200002b5        0x1 Core/Src/fatfs_sd.o
 *fill*         0x00000000200002b6        0x2 
 .bss.xIdleTaskTCBBuffer
                0x00000000200002b8       0x54 Core/Src/freertos.o
 .bss.xIdleStack
                0x000000002000030c      0x200 Core/Src/freertos.o
 .bss.__sbrk_heap_end
                0x000000002000050c        0x4 Core/Src/sysmem.o
 .bss.FatFs     0x0000000020000510        0x4 Middlewares/Third_Party/FatFs/src/ff.o
 .bss.Fsid      0x0000000020000514        0x2 Middlewares/Third_Party/FatFs/src/ff.o
 *fill*         0x0000000020000516        0x2 
 .bss.Files     0x0000000020000518       0x20 Middlewares/Third_Party/FatFs/src/ff.o
 .bss.disk      0x0000000020000538        0xc Middlewares/Third_Party/FatFs/src/ff_gen_drv.o
                0x0000000020000538                disk
 .bss.pxCurrentTCB
                0x0000000020000544        0x4 Middlewares/Third_Party/FreeRTOS/Source/tasks.o
                0x0000000020000544                pxCurrentTCB
 .bss.pxReadyTasksLists
                0x0000000020000548       0x8c Middlewares/Third_Party/FreeRTOS/Source/tasks.o
 .bss.xDelayedTaskList1
                0x00000000200005d4       0x14 Middlewares/Third_Party/FreeRTOS/Source/tasks.o
 .bss.xDelayedTaskList2
                0x00000000200005e8       0x14 Middlewares/Third_Party/FreeRTOS/Source/tasks.o
 .bss.pxDelayedTaskList
                0x00000000200005fc        0x4 Middlewares/Third_Party/FreeRTOS/Source/tasks.o
 .bss.pxOverflowDelayedTaskList
                0x0000000020000600        0x4 Middlewares/Third_Party/FreeRTOS/Source/tasks.o
 .bss.xPendingReadyList
                0x0000000020000604       0x14 Middlewares/Third_Party/FreeRTOS/Source/tasks.o
 .bss.xTasksWaitingTermination
                0x0000000020000618       0x14 Middlewares/Third_Party/FreeRTOS/Source/tasks.o
 .bss.uxDeletedTasksWaitingCleanUp
                0x000000002000062c        0x4 Middlewares/Third_Party/FreeRTOS/Source/tasks.o
 .bss.xSuspendedTaskList
                0x0000000020000630       0x14 Middlewares/Third_Party/FreeRTOS/Source/tasks.o
 .bss.uxCurrentNumberOfTasks
                0x0000000020000644        0x4 Middlewares/Third_Party/FreeRTOS/Source/tasks.o
 .bss.xTickCount
                0x0000000020000648        0x4 Middlewares/Third_Party/FreeRTOS/Source/tasks.o
 .bss.uxTopReadyPriority
                0x000000002000064c        0x4 Middlewares/Third_Party/FreeRTOS/Source/tasks.o
 .bss.xSchedulerRunning
                0x0000000020000650        0x4 Middlewares/Third_Party/FreeRTOS/Source/tasks.o
 .bss.xPendedTicks
                0x0000000020000654        0x4 Middlewares/Third_Party/FreeRTOS/Source/tasks.o
 .bss.xYieldPending
                0x0000000020000658        0x4 Middlewares/Third_Party/FreeRTOS/Source/tasks.o
 .bss.xNumOfOverflows
                0x000000002000065c        0x4 Middlewares/Third_Party/FreeRTOS/Source/tasks.o
 .bss.uxTaskNumber
                0x0000000020000660        0x4 Middlewares/Third_Party/FreeRTOS/Source/tasks.o
 .bss.xNextTaskUnblockTime
                0x0000000020000664        0x4 Middlewares/Third_Party/FreeRTOS/Source/tasks.o
 .bss.xIdleTaskHandle